<<<<<<< HEAD
--------------------------------show databases------------------
mysql> show databases;
+--------------------+
| Database           |
+--------------------+
| company            |
| information_schema |
| mysql              |
| performance_schema |
| practic            |
| school             |
| sys                |
+--------------------+
7 rows in set (0.00 sec)
--------------------------------use databases------------------

mysql> use practic;
Database changed
--------------------------------show tables------------------
mysql> show tables;
+-------------------+
| Tables_in_practic |
+-------------------+
| customer          |
| employee          |
| view_table        |
+-------------------+
3 rows in set (0.06 sec)

--------------------------------desc customer------------------

mysql> desc customer;
+-------+--------------+------+-----+---------+-------+
| Field | Type         | Null | Key | Default | Extra |
+-------+--------------+------+-----+---------+-------+
| id    | int          | YES  |     | NULL    |       |
| name  | varchar(100) | YES  |     | NULL    |       |
+-------+--------------+------+-----+---------+-------+
2 rows in set (0.00 sec)

--------------------------------drop table customer------------------

mysql> drop table customer;
Query OK, 0 rows affected (1.32 sec)

mysql> show tables;
+-------------------+
| Tables_in_practic |
+-------------------+
| employee          |
| view_table        |
+-------------------+
2 rows in set (0.00 sec)
--------------------------------create table customer and coloum or headding and its values------------------


mysql> create table customer(
    -> id int,
    -> name varchar(100)
    -> );
Query OK, 0 rows affected (1.09 sec)
mysql> show tables;
+-------------------+
| Tables_in_practic |
+-------------------+
| customer          |
| employee          |
| view_table        |
+-------------------+
3 rows in set (0.01 sec)

mysql> desc customer;
+-------+--------------+------+-----+---------+-------+
| Field | Type         | Null | Key | Default | Extra |
+-------+--------------+------+-----+---------+-------+
| id    | int          | YES  |     | NULL    |       |
| name  | varchar(100) | YES  |     | NULL    |       |
+-------+--------------+------+-----+---------+-------+
2 rows in set (0.06 sec)
mysql> inert into(id int,name varchar(100),)
    -> c
    -> ^C   ------------ { control + c to escape quary}-----------------

--------------------------------insert into table 1 coloum name and values------------------

mysql> insert into customer (id,name)
    -> values(1,"far");
Query OK, 1 row affected (0.41 sec)

--------------------------------insert into table 2 all coloum ,without name and only values------------------

mysql> insert into customer
    -> values(2,"ukh");
Query OK, 1 row affected (0.24 sec)

--------------------------------insert into table 3 multiple values------------------


mysql> insert into customer(id,name)
    -> values(3,"raju"),
    -> (4,"syam");
Query OK, 2 rows affected (0.23 sec)
Records: 2  Duplicates: 0  Warnings: 0
mysql> select * from customer;
+------+------+
| id   | name |
+------+------+
|    1 | far  |
|    2 | ukh  |
|    3 | raju |
|    4 | syam |
+------+------+
4 rows in set (0.00 sec)

--------------------------------select only name coloum from customer------------------


mysql> select name from customer;
+------+
| name |
+------+
| far  |
| ukh  |
| raju |
| syam |
+------+
4 rows in set (0.00 sec)
-------------------------------select*from customer -> where id = 3; select only id =3------------------

mysql> select*from customer
    -> where id = 3;
+------+------+
| id   | name |
+------+------+
|    3 | raju |
+------+------+
1 row in set (0.00 

-------------------------------update row or data from table ----------------

mysql> update customer
    -> set name= 'raju bhai'
    -> where id =3;
Query OK, 1 row affected (0.18 sec)
Rows matched: 1  Changed: 1  Warnings: 0

mysql> select *from customer;
+------+-----------+
| id   | name      |
+------+-----------+
|    1 | far       |
|    2 | ukh       |
|    3 | raju bhai |
|    4 | syam      |
+------+-----------+
-------------------------------delete data from table ----------------


mysql> delete from customer
    -> where id = 2;
Query OK, 1 row affected (0.19 sec)

mysql> select * from customer;
+------+-----------+
| id   | name      |
+------+-----------+
|    1 | far       |
|    3 | raju bhai |
|    4 | syam      |
+------+-----------+
3 rows in set (0.00 sec)

mysql> select * from customer;
+------+-----------+
| id   | name      |
+------+-----------+
|    1 | far       |
|    3 | raju bhai |
|    4 | syam      |
+------+-----------+
3 rows in set (0.00 sec)

-------------------------------delete table customer ----------------

mysql> drop  table customer;
Query OK, 0 rows affected (0.49 sec)

mysql> show tables;
+-------------------+
| Tables_in_practic |
+-------------------+
| employee          |
| view_table        |
+-------------------+
2 rows in set (0.01 sec)

-------------------------------null yes, default value null----------------


mysql> desc customer;
+-------+--------------+------+-----+---------+-------+
| Field | Type         | Null | Key | Default | Extra |
+-------+--------------+------+-----+---------+-------+
| id    | int          | YES  |     | NULL    |       |
| name  | varchar(100) | YES  |     | NULL    |       |
+-------+--------------+------+-----+---------+-------+
2 rows in set (0.01 sec)


mysql> update customer
    -> set id = 1 ,
    -> name= "far"
    -> where id =5;
Query OK, 1 row affected (0.15 sec)
Rows matched: 1  Changed: 1  Warnings: 

-------------------------------insert null ----------------

mysql> insert into customer
    -> values(2,"ukh");
Query OK, 1 row affected (0.15 sec)

mysql> insert into customer
    -> values(3,"");
Query OK, 1 row affected (0.12 sec)

mysql> select * from customer;
+------+------+
| id   | NAME |
+------+------+
|    1 | far  |
|    2 | ukh  |
|    3 |      |
+------+------+
3 rows in set (0.00 sec)

--------------primary key, auto_increment,not null,default 8 default 'string' -------

* primary key constrain uniquely identify each record in table
* primary key must contain unique value and cannot contain null values
* a table can have only one primary key and in the table this primary key 
  can consist of single or multiple column



mysql> create table customer1(id int primary key auto_increment ,
name varchar(100) not null,
 class int default 8);
Query OK, 0 rows affected (3.06 sec)

mysql> desc customer1;
+-------+--------------+------+-----+---------+----------------+
| Field | Type         | Null | Key | Default | Extra          |
+-------+--------------+------+-----+---------+----------------+
| id    | int          | NO   | PRI | NULL    | auto_increment |
| name  | varchar(100) | NO   |     | NULL    |                |
| class | int          | YES  |     | 8       |                |
+-------+--------------+------+-----+---------+----------------+
3 rows in set (0.17 sec)

------------------------- id-auto increment , class default , name not null------------

mysql> insert into customer1(name)
    -> values("raju"),("sayam");
Query OK, 2 rows affected (0.41 sec)
Records: 2  Duplicates: 0  Warnings: 0

mysql> select * from customer1;
+----+-------+-------+
| id | name  | class |
+----+-------+-------+
|  1 | raju  |     8 |
|  2 | sayam |     8 |
+----+-------+-------+
2 rows in set (0.00 sec)

------------------------------------------ given id name and class-----------------

mysql> insert into customer1(id,name,class)
    -> values(10,"jone",10);
Query OK, 1 row affected (0.13 sec)

mysql> select * from customer1;
+----+-------+-------+
| id | name  | class |
+----+-------+-------+
|  1 | raju  |     8 |
|  2 | sayam |     8 |
| 10 | jone  |    10 |
+----+-------+-------+
3 rows in set (0.00 sec)

------------------------------------primery key increass after givin value-------------

mysql> insert into customer1(name)
    -> values("far");
Query OK, 1 row affected (0.23 sec)

mysql> select* from customer1;
+----+-------+-------+
| id | name  | class |
+----+-------+-------+
|  1 | raju  |     8 | 
|  2 | sayam |     8 |
| 10 | jone  |    10 |
| 11 | far   |     8 |
+----+-------+-------+
4 rows in set (0.00 sec)

------------------------------use of alias to desc coloum name---------------------------

mysql> select *from customer;
+------+------+
| id   | name |
+------+------+
|    1 | far  |
|    2 | ukh  |
|    3 | raju |
|    4 | syam |
+------+------+
4 rows in set (0.00 sec)

-----------------------------alias ---------------------------

mysql> select id as 'customer id', name as 'customer name' from customer;
+-------------+---------------+
| customer id | customer name |
+-------------+---------------+
|           1 | far           |
|           2 | ukh           |
|           3 | raju          |
|           4 | syam          |
+-------------+---------------+
4 rows in set (0.00 sec)

-------------------------------------FUNCTION---------------------------

-----------------------------concat() ---------------------------


mysql> select concat('hey','buddy');
+-----------------------+
| concat('hey','buddy') |
+-----------------------+
| heybuddy              |
+-----------------------+
1 row in set (0.13 sec)

mysql> select concat('hey',' buddy');
+------------------------+
| concat('hey',' buddy') |
+------------------------+
| hey buddy              |
+------------------------+
1 row in set (0.00 sec)

mysql> select concat('hey',' ','buddy');
+---------------------------+
| concat('hey',' ','buddy') |
+---------------------------+
| hey buddy                 |
+---------------------------+
1 row in set (0.00 sec)

mysql> select * from employee;
+-------------+----------------+------------+----------------------+------------+----------+
| employee_id | employee_name  | department | position             | hire_date  | salary   |
+-------------+----------------+------------+----------------------+------------+----------+
|           1 | John Doe       | IT         | Software Developer   | 2024-01-23 | 75000.00 |
|           2 | Jane Smith     | HR         | HR Manager           | 2023-12-15 | 85000.00 |
|           3 | Bob Johnson    | Finance    | Accountant           | 2024-02-10 | 65000.00 |
|           4 | Alice Brown    | Marketing  | Marketing Specialist | 2024-03-05 | 70000.00 |
|           5 | Charlie Wilson | Sales      | Sales Representative | 2023-11-20 | 60000.00 |
+-------------+----------------+------------+----------------------+------------+----------+
5 rows in set (0.00 sec)

mysql> select employee_id, concat(employee_name, ' ',position) as employee_detail
    -> from employee;
+-------------+-------------------------------------+
| employee_id | employee_detail                     |
+-------------+-------------------------------------+
|           1 | John Doe Software Developer         |
|           2 | Jane Smith HR Manager               |
|           3 | Bob Johnson Accountant              |
|           4 | Alice Brown Marketing Specialist    |
|           5 | Charlie Wilson Sales Representative |
+-------------+-------------------------------------+
5 rows in set (0.00 sec)

-----------------------------concat_ws with seperater ---------------------------


mysql> select concat_ws('-',employee_name,position,salary)
    -> from employee;
+----------------------------------------------+
| concat_ws('-',employee_name,position,salary) |
+----------------------------------------------+
| John Doe-Software Developer-75000.00         |
| Jane Smith-HR Manager-85000.00               |
| Bob Johnson-Accountant-65000.00              |
| Alice Brown-Marketing Specialist-70000.00    |
| Charlie Wilson-Sales Representative-60000.00 |
+----------------------------------------------+
5 rows in set (0.00 sec)

-----------------------------sub string() ---------------------------


mysql> select substring('hey buddy',5,9);
+----------------------------+
| substring('hey buddy',5,9) |
+----------------------------+
| buddy                      |
+----------------------------+
1 row in set (0.05 sec)

mysql> select substring('hay buddy,whatupp raju',-4);
+----------------------------------------+
| substring('hay buddy,whatupp raju',-4) |
+----------------------------------------+
| raju                                   |
+----------------------------------------+
1 row in set (0.03 sec)

-----------------------------replace() ---------------------------

mysql> select employee_name,  replace(salary,'000','k')
    -> from employee;
+----------------+---------------------------+
| employee_name  | replace(salary,'000','k') |
+----------------+---------------------------+
| John Doe       | 75k.00                    |
| Jane Smith     | 85k.00                    |
| Bob Johnson    | 65k.00                    |
| Alice Brown    | 7k0.00                    |
| Charlie Wilson | 6k0.00                    |
+----------------+---------------------------+
5 rows in set (0.00 sec)

-----------------------------replace mix---------------------------


mysql> select employee_name,  replace(salary,substring(salary,3),'k')
    -> from employee;
+----------------+-----------------------------------------+
| employee_name  | replace(salary,substring(salary,3),'k') |
+----------------+-----------------------------------------+
| John Doe       | 75k                                     |
| Jane Smith     | 85k                                     |
| Bob Johnson    | 65k                                     |
| Alice Brown    | 70k                                     |
| Charlie Wilson | 60k                                     |
+----------------+-----------------------------------------+
5 rows in set (0.00 sec)

mysql> select employee_name,  replace(salary,substring(salary,3),'k') as 'salary in thousand'
    -> from employee;
+----------------+--------------------+
| employee_name  | salary in thousand |
+----------------+--------------------+
| John Doe       | 75k                |
| Jane Smith     | 85k                |
| Bob Johnson    | 65k                |
| Alice Brown    | 70k                |
| Charlie Wilson | 60k                |
+----------------+--------------------+
5 rows in set (0.00 sec)
-----------------------------reverse---------------------------

mysql> select employee_name,  reverse(employee_name) as revers_employee_name
    -> from employee;
+----------------+----------------------+
| employee_name  | revers_employee_name |
+----------------+----------------------+
| John Doe       | eoD nhoJ             |
| Jane Smith     | htimS enaJ           |
| Bob Johnson    | nosnhoJ boB          |
| Alice Brown    | nworB ecilA          |
| Charlie Wilson | nosliW eilrahC       |
+----------------+----------------------+
5 rows in set (0.04 sec)

-----------------------------upper or ucase---------------------------

mysql> select employee_id, upper(employee_name),salary,ucase(position)
    -> from employee;
+-------------+----------------------+----------+----------------------+
| employee_id | upper(employee_name) | salary   | ucase(position)      |
+-------------+----------------------+----------+----------------------+
|           1 | JOHN DOE             | 75000.00 | SOFTWARE DEVELOPER   |
|           2 | JANE SMITH           | 85000.00 | HR MANAGER           |
|           3 | BOB JOHNSON          | 65000.00 | ACCOUNTANT           |
|           4 | ALICE BROWN          | 70000.00 | MARKETING SPECIALIST |
|           5 | CHARLIE WILSON       | 60000.00 | SALES REPRESENTATIVE |
+-------------+----------------------+----------+----------------------+
5 rows in set (0.05 sec)
-----------------------------lower or lcase---------------------------

mysql> select employee_id, lower(employee_name),salary,lcase(position)
    -> from employee;
+-------------+----------------------+----------+----------------------+
| employee_id | lower(employee_name) | salary   | lcase(position)      |
+-------------+----------------------+----------+----------------------+
|           1 | john doe             | 75000.00 | software developer   |
|           2 | jane smith           | 85000.00 | hr manager           |
|           3 | bob johnson          | 65000.00 | accountant           |
|           4 | alice brown          | 70000.00 | marketing specialist |
|           5 | charlie wilson       | 60000.00 | sales representative |
+-------------+----------------------+----------+----------------------+
5 rows in set (0.00 sec)

-----------------------------------string length-------------------------

mysql> select employee_id , char_length(position) from employee;
+-------------+-----------------------+
| employee_id | char_length(position) |
+-------------+-----------------------+
|           1 |                    18 |
|           2 |                    10 |
|           3 |                    10 |
|           4 |                    20 |
|           5 |                    20 |
+-------------+-----------------------+
5 rows in set (0.01 sec)
---------------------------------------add new column-------------------

mysql> alter table employee
    -> add column city varchar(100) not null;
Query OK, 0 rows affected (5.45 sec)
Records: 0  Duplicates: 0  Warnings: 0

mysql> desc employee;
+---------------+---------------+------+-----+---------+-------+
| Field         | Type          | Null | Key | Default | Extra |
+---------------+---------------+------+-----+---------+-------+
| employee_id   | int           | NO   | PRI | NULL    |       |
| employee_name | varchar(255)  | YES  |     | NULL    |       |
| department    | varchar(100)  | YES  |     | NULL    |       |
| position      | varchar(100)  | YES  |     | NULL    |       |
| hire_date     | date          | YES  |     | NULL    |       |
| salary        | decimal(10,2) | YES  |     | NULL    |       |
| city          | varchar(100)  | NO   |     | NULL    |       |
+---------------+---------------+------+-----+---------+-------+
7 rows in set (0.01 sec)

mysql> select * from employee;
+-------------+----------------+------------+----------------------+------------+----------+------+
| employee_id | employee_name  | department | position             | hire_date  | salary   | city |
+-------------+----------------+------------+----------------------+------------+----------+------+
|           1 | John Doe       | IT         | Software Developer   | 2024-01-23 | 75000.00 |      |
|           2 | Jane Smith     | HR         | HR Manager           | 2023-12-15 | 85000.00 |      |
|           3 | Bob Johnson    | Finance    | Accountant           | 2024-02-10 | 65000.00 |      |
|           4 | Alice Brown    | Marketing  | Marketing Specialist | 2024-03-05 | 70000.00 |      |
|           5 | Charlie Wilson | Sales      | Sales Representative | 2023-11-20 | 60000.00 |      |
+-------------+----------------+------------+----------------------+------------+----------+------+
5 rows in set (0.00 sec)

---------------------------------------------update column--------------

mysql> update employee
    -> set city = 'surat'
    -> where employee_id< 3;
Query OK, 2 rows affected (0.17 sec)
Rows matched: 2  Changed: 2  Warnings: 0

mysql> update employee
    -> set city = 'mumbai'
    -> where employee_id >2 and employee_id <5;
Query OK, 2 rows affected (0.17 sec)
Rows matched: 2  Changed: 2  Warnings: 0

mysql> update employe
    -> set city = 'kasmir'
    -> where employee_id = 5;
ERROR 1146 (42S02): Table 'practic.employe' doesn't exist
mysql> update employee
    -> set city = 'kasmir'
    -> where employee_id = 5;
Query OK, 1 row affected (0.11 sec)
Rows matched: 1  Changed: 1  Warnings: 0

mysql> select * from employee;
+-------------+----------------+------------+----------------------+------------+----------+--------+
| employee_id | employee_name  | department | position             | hire_date  | salary   | city   |
+-------------+----------------+------------+----------------------+------------+----------+--------+
|           1 | John Doe       | IT         | Software Developer   | 2024-01-23 | 75000.00 | surat  |
|           2 | Jane Smith     | HR         | HR Manager           | 2023-12-15 | 85000.00 | surat  |
|           3 | Bob Johnson    | Finance    | Accountant           | 2024-02-10 | 65000.00 | mumbai |
|           4 | Alice Brown    | Marketing  | Marketing Specialist | 2024-03-05 | 70000.00 | mumbai |
|           5 | Charlie Wilson | Sales      | Sales Representative | 2023-11-20 | 60000.00 | kasmir |
+-------------+----------------+------------+----------------------+------------+----------+--------+
5 rows in set (0.00 sec)

------------------------------------use of distinct--------------------
mysql> select distinct city
    -> from employee;
+--------+
| city   |
+--------+
| surat  |
| mumbai |
| kasmir |
+--------+
3 rows in set (0.08 sec) 

mysql> insert into employee
    -> values('6','shk','it','devloper','2022-11-20','50000','puna');
Query OK, 1 row affected (0.33 sec)
mysql> select * from employee;
+-------------+----------------+------------+----------------------+------------+----------+--------+
| employee_id | employee_name  | department | position             | hire_date  | salary   | city   |
+-------------+----------------+------------+----------------------+------------+----------+--------+
|           1 | John Doe       | IT         | Software Developer   | 2024-01-23 | 75000.00 | surat  |
|           2 | Jane Smith     | HR         | HR Manager           | 2023-12-15 | 85000.00 | surat  |
|           3 | Bob Johnson    | Finance    | Accountant           | 2024-02-10 | 65000.00 | mumbai |
|           4 | Alice Brown    | Marketing  | Marketing Specialist | 2024-03-05 | 70000.00 | mumbai |
|           5 | Charlie Wilson | Sales      | Sales Representative | 2023-11-20 | 60000.00 | kasmir |
|           6 | shk            | it         | devloper             | 2022-11-20 | 50000.00 | puna   |
+-------------+----------------+------------+----------------------+------------+----------+--------+
6 rows in set (0.00 sec)

-------------------------------add auto increment to coloumn ,coloumn name datatype auto increment------------

mysql> alter table employee
    -> modify column employee_id  int auto_increment;
Query OK, 6 rows affected (5.53 sec)
Records: 6  Duplicates: 0  Warnings: 0

mysql> desc employee;
+---------------+---------------+------+-----+---------+----------------+
| Field         | Type          | Null | Key | Default | Extra          |
+---------------+---------------+------+-----+---------+----------------+
| employee_id   | int           | NO   | PRI | NULL    | auto_increment |
| employee_name | varchar(255)  | YES  |     | NULL    |                |
| department    | varchar(100)  | YES  |     | NULL    |                |
| position      | varchar(100)  | YES  |     | NULL    |                |
| hire_date     | date          | YES  |     | NULL    |                |
| salary        | decimal(10,2) | YES  |     | NULL    |                |
| city          | varchar(100)  | NO   |     | NULL    |                |
+---------------+---------------+------+-----+---------+----------------+
7 rows in set (0.01 sec)

---------------------------------------------------------------use of distinct--------------------


mysql> select distinct department from employee;
+------------+
| department |
+------------+
| IT         |
| HR         |
| Finance    |
| Marketing  |
| Sales      |
| mech       |
| cnc        |
+------------+
7 rows in set (0.00 sec)

mysql> select distinct employee_name from employee;
+----------------+
| employee_name  |
+----------------+
| John Doe       |
| Jane Smith     |
| Bob Johnson    |
| Alice Brown    |
| Charlie Wilson |
| shk            |
| far            |
| farukh         |
| farukh shaikh  |
+----------------+
9 rows in set (0.00 sec)

mysql> select distinct department,employee_name from employee;
+------------+----------------+
| department | employee_name  |
+------------+----------------+
| IT         | John Doe       |
| HR         | Jane Smith     |
| Finance    | Bob Johnson    |
| Marketing  | Alice Brown    |
| Sales      | Charlie Wilson |
| it         | shk            |
| mech       | far            |
| cnc        | farukh         |
| sales      | farukh         |
| Finance    | farukh shaikh  |
+------------+----------------+
10 rows in set (0.00 sec)

--------------------------------------------ORDER BY ALFABET--------------------
mysql> SELECT * FROM EMPLOYEE
    -> ORDER BY employee_name;
+-------------+----------------+------------+----------------------+------------+----------+---------+
| employee_id | employee_name  | department | position             | hire_date  | salary   | city    |
+-------------+----------------+------------+----------------------+------------+----------+---------+
|           4 | Alice Brown    | Marketing  | Marketing Specialist | 2024-03-05 | 70000.00 | mumbai  |
|           3 | Bob Johnson    | Finance    | Accountant           | 2024-02-10 | 65000.00 | mumbai  |
|           5 | Charlie Wilson | Sales      | Sales Representative | 2023-11-20 | 60000.00 | kasmir  |
|           7 | far            | mech       | programer            | 2022-04-30 | 25000.00 | valsad  |
|           8 | farukh         | cnc        | programer            | 2022-04-30 | 50000.00 | junagad |
|           9 | farukh         | sales      | Marketing Specialist | 2022-05-30 | 50000.00 | kasmir  |
|          10 | farukh shaikh  | Finance    | Accountant           | 2022-02-25 | 40000.00 | puna    |
|           2 | Jane Smith     | HR         | HR Manager           | 2023-12-15 | 85000.00 | surat   |
|           1 | John Doe       | IT         | Software Developer   | 2024-01-23 | 75000.00 | surat   |
|           6 | shk            | it         | devloper             | 2022-11-20 | 50000.00 | puna    |
+-------------+----------------+------------+----------------------+------------+----------+---------+
10 rows in set (0.03 sec)


mysql> SELECT * FROM EMPLOYEE
    -> ORDER BY SALARY;
+-------------+----------------+------------+----------------------+------------+----------+---------+
| employee_id | employee_name  | department | position             | hire_date  | salary   | city    |
+-------------+----------------+------------+----------------------+------------+----------+---------+
|           7 | far            | mech       | programer            | 2022-04-30 | 25000.00 | valsad  |
|          10 | farukh shaikh  | Finance    | Accountant           | 2022-02-25 | 40000.00 | puna    |
|           6 | shk            | it         | devloper             | 2022-11-20 | 50000.00 | puna    |
|           8 | farukh         | cnc        | programer            | 2022-04-30 | 50000.00 | junagad |
|           9 | farukh         | sales      | Marketing Specialist | 2022-05-30 | 50000.00 | kasmir  |
|           5 | Charlie Wilson | Sales      | Sales Representative | 2023-11-20 | 60000.00 | kasmir  |
|           3 | Bob Johnson    | Finance    | Accountant           | 2024-02-10 | 65000.00 | mumbai  |
|           4 | Alice Brown    | Marketing  | Marketing Specialist | 2024-03-05 | 70000.00 | mumbai  |
|           1 | John Doe       | IT         | Software Developer   | 2024-01-23 | 75000.00 | surat   |
|           2 | Jane Smith     | HR         | HR Manager           | 2023-12-15 | 85000.00 | surat   |
+-------------+----------------+------------+----------------------+------------+----------+---------+
10 rows in set (0.00 sec)

mysql> SELECT * FROM EMPLOYEE
    -> ORDER BY SALARY DESC;
+-------------+----------------+------------+----------------------+------------+----------+---------+
| employee_id | employee_name  | department | position             | hire_date  | salary   | city    |
+-------------+----------------+------------+----------------------+------------+----------+---------+
|           2 | Jane Smith     | HR         | HR Manager           | 2023-12-15 | 85000.00 | surat   |
|           1 | John Doe       | IT         | Software Developer   | 2024-01-23 | 75000.00 | surat   |
|           4 | Alice Brown    | Marketing  | Marketing Specialist | 2024-03-05 | 70000.00 | mumbai  |
|           3 | Bob Johnson    | Finance    | Accountant           | 2024-02-10 | 65000.00 | mumbai  |
|           5 | Charlie Wilson | Sales      | Sales Representative | 2023-11-20 | 60000.00 | kasmir  |
|           6 | shk            | it         | devloper             | 2022-11-20 | 50000.00 | puna    |
|           8 | farukh         | cnc        | programer            | 2022-04-30 | 50000.00 | junagad |
|           9 | farukh         | sales      | Marketing Specialist | 2022-05-30 | 50000.00 | kasmir  |
|          10 | farukh shaikh  | Finance    | Accountant           | 2022-02-25 | 40000.00 | puna    |
|           7 | far            | mech       | programer            | 2022-04-30 | 25000.00 | valsad  |
+-------------+----------------+------------+----------------------+------------+----------+---------+
10 rows in set (0.00 sec)

--------------------------------------------LIMIT-------------------------

mysql> SELECT * FROM EMPLOYEE
    -> LIMIT 3;
+-------------+---------------+------------+--------------------+------------+----------+--------+
| employee_id | employee_name | department | position           | hire_date  | salary   | city   |
+-------------+---------------+------------+--------------------+------------+----------+--------+
|           1 | John Doe      | IT         | Software Developer | 2024-01-23 | 75000.00 | surat  |
|           2 | Jane Smith    | HR         | HR Manager         | 2023-12-15 | 85000.00 | surat  |
|           3 | Bob Johnson   | Finance    | Accountant         | 2024-02-10 | 65000.00 | mumbai |
+-------------+---------------+------------+--------------------+------------+----------+--------+
3 rows in set (0.00 sec)

------------------------------------------LIMIT (START,SPAN)------------

mysql> SELECT * FROM EMPLOYEE
    -> LIMIT 3,2;
+-------------+----------------+------------+----------------------+------------+----------+--------+
| employee_id | employee_name  | department | position             | hire_date  | salary   | city   |
+-------------+----------------+------------+----------------------+------------+----------+--------+
|           4 | Alice Brown    | Marketing  | Marketing Specialist | 2024-03-05 | 70000.00 | mumbai |
|           5 | Charlie Wilson | Sales      | Sales Representative | 2023-11-20 | 60000.00 | kasmir |
+-------------+----------------+------------+----------------------+------------+----------+--------+
2 rows in set (0.00 sec)

-------------------------------------------count-----------------------------

mysql> selet count(*) from employee;
ERROR 1064 (42000): You have an error in your SQL syntax; check the manual that corresponds to your MySQL server version for the right syntax to use near 'selet count(*) from employee' at line 1
mysql> select count(*) from employee;
+----------+
| count(*) |
+----------+
|       10 |
+----------+
1 row in set (0.24 sec)

mysql> select count(*) as 'total employee' from employee;
+----------------+
| total employee |
+----------------+
|             10 |
+----------------+
1 row in set (0.00 sec)

mysql> select count(distinct city) from employee;
+----------------------+
| count(distinct city) |
+----------------------+
|                    6 |
+----------------------+
1 row in set (0.12 sec)

mysql> select count(city) from employee
    -> where city='surat';
+-------------+
| count(city) |
+-------------+
|           2 |
+-------------+
1 row in set (0.00 sec)

---------------------------------------------group by--------------------------

mysql> select city ,count(employee_name) from employee
    -> group by city;
+---------+----------------------+
| city    | count(employee_name) |
+---------+----------------------+
| surat   |                    2 |
| mumbai  |                    2 |
| kasmir  |                    2 |
| puna    |                    2 |
| valsad  |                    1 |
| junagad |                    1 |
+---------+----------------------+
6 rows in set (0.05 sec)


mysql> select position ,count(employee_name) from employee
    -> group by position;
+----------------------+----------------------+
| position             | count(employee_name) |
+----------------------+----------------------+
| Software Developer   |                    1 |
| HR Manager           |                    1 |
| Accountant           |                    2 |
| Marketing Specialist |                    2 |
| Sales Representative |                    1 |
| devloper             |                    1 |
| programer            |                    2 |
+----------------------+----------------------+
7 rows in set (0.00 sec)

mysql> select salary, count(employee_name) from employee
    -> group by salary;
+----------+----------------------+
| salary   | count(employee_name) |
+----------+----------------------+
| 75000.00 |                    1 |
| 85000.00 |                    1 |
| 65000.00 |                    1 |
| 70000.00 |                    1 |
| 60000.00 |                    1 |
| 50000.00 |                    3 |
| 25000.00 |                    1 |
| 40000.00 |                    1 |
+----------+----------------------+
8 rows in set (0.00 sec)

-----------------------------------------------maxmin--------------------------


mysql> select max(salary) from employee;
+-------------+
| max(salary) |
+-------------+
|    85000.00 |
+-------------+
1 row in set (0.09 sec)

mysql> select min(salary) from employee;
+-------------+
| min(salary) |
+-------------+
|    25000.00 |
+-------------+
1 row in set (0.04 sec)

mysql> SELECT * FROM EMPLOYEE;
+-------------+----------------+------------+----------------------+------------+----------+---------+
| employee_id | employee_name  | department | position             | hire_date  | salary   | city    |
+-------------+----------------+------------+----------------------+------------+----------+---------+
|           1 | John Doe       | IT         | Software Developer   | 2024-01-23 | 75000.00 | surat   |
|           2 | Jane Smith     | HR         | HR Manager           | 2023-12-15 | 85000.00 | surat   |
|           3 | Bob Johnson    | Finance    | Accountant           | 2024-02-10 | 65000.00 | mumbai  |
|           4 | Alice Brown    | Marketing  | Marketing Specialist | 2024-03-05 | 70000.00 | mumbai  |
|           5 | Charlie Wilson | Sales      | Sales Representative | 2023-11-20 | 60000.00 | kasmir  |
|           6 | shk            | IT         | devloper             | 2022-11-20 | 50000.00 | puna    |
|           7 | far            | Marketing  | programer            | 2022-04-30 | 25000.00 | valsad  |
|           8 | farukh         | IT         | programer            | 2022-04-30 | 50000.00 | junagad |
|           9 | farukh         | sales      | Marketing Specialist | 2022-05-30 | 50000.00 | kasmir  |
|          10 | farukh shaikh  | Finance    | Accountant           | 2022-02-25 | 40000.00 | puna    |
+-------------+----------------+------------+----------------------+------------+----------+---------+
10 rows in set (0.00 sec)
-------------------------------------------------SUM--------------------------

mysql> SELECT department ,SUM(SALARY) FROM EMPLOYEE
    -> GROUP BY department;
+------------+-------------+
| department | SUM(SALARY) |
+------------+-------------+
| IT         |   175000.00 |
| HR         |    85000.00 |
| Finance    |   105000.00 |
| Marketing  |    95000.00 |
| Sales      |   110000.00 |
+------------+-------------+
5 rows in set (0.00 sec)

---------------------------------------------AVERAGE-----------------------------

mysql> SELECT AVG(SALARY) FROM EMPLOYEE
    -> GROUP BY department;
+--------------+
| AVG(SALARY)  |
+--------------+
| 58333.333333 |
| 85000.000000 |
| 52500.000000 |
| 47500.000000 |
| 55000.000000 |
+--------------+
5 rows in set (0.05 sec)

-------------------------------------------SUB QUEARY--------------------------

mysql> SELECT employee_name,SALARY FROM EMPLOYEE
    -> WHERE SALARY = (SELECT MAX(SALARY)FROM EMPLOYEE);
+---------------+----------+
| employee_name | SALARY   |
+---------------+----------+
| Jane Smith    | 85000.00 |
+---------------+----------+
1 row in set (0.00 sec)
s
------------------------------------RELATIONAL OPERATER (=,<,>,<=,>=,!=)
mysql> SELECT * FROM EMPLOYEE
    -> WHERE SALARY <='60000';
+-------------+----------------+------------+----------------------+------------+----------+---------+
| employee_id | employee_name  | department | position             | hire_date  | salary   | city    |
+-------------+----------------+------------+----------------------+------------+----------+---------+
|           5 | Charlie Wilson | Sales      | Sales Representative | 2023-11-20 | 60000.00 | kasmir  |
|           6 | shk            | IT         | devloper             | 2022-11-20 | 50000.00 | puna    |
|           7 | far            | Marketing  | programer            | 2022-04-30 | 25000.00 | valsad  |
|           8 | farukh         | IT         | programer            | 2022-04-30 | 50000.00 | junagad |
|           9 | farukh         | sales      | Marketing Specialist | 2022-05-30 | 50000.00 | kasmir  |
|          10 | farukh shaikh  | Finance    | Accountant           | 2022-02-25 | 40000.00 | puna    |
+-------------+----------------+------------+----------------------+------------+----------+---------+
6 rows in set (0.00 sec)

mysql> SELECT * FROM EMPLOYEE
    -> WHERE SALARY != '50000';
+-------------+----------------+------------+----------------------+------------+----------+--------+
| employee_id | employee_name  | department | position             | hire_date  | salary   | city   |
+-------------+----------------+------------+----------------------+------------+----------+--------+
|           1 | John Doe       | IT         | Software Developer   | 2024-01-23 | 75000.00 | surat  |
|           2 | Jane Smith     | HR         | HR Manager           | 2023-12-15 | 85000.00 | surat  |
|           3 | Bob Johnson    | Finance    | Accountant           | 2024-02-10 | 65000.00 | mumbai |
|           4 | Alice Brown    | Marketing  | Marketing Specialist | 2024-03-05 | 70000.00 | mumbai |
|           5 | Charlie Wilson | Sales      | Sales Representative | 2023-11-20 | 60000.00 | kasmir |
|           7 | far            | Marketing  | programer            | 2022-04-30 | 25000.00 | valsad |
|          10 | farukh shaikh  | Finance    | Accountant           | 2022-02-25 | 40000.00 | puna   |
+-------------+----------------+------------+----------------------+------------+----------+--------+
7 rows in set (0.00 sec)


----------------------------------LOGICAL OPERATER(AND , OR)----------------------------------------------
 AND  both condition should be true

mysql> SELECT * FROM EMPLOYEE
    -> WHERE SALARY ='60000' AND department='Sales';
+-------------+----------------+------------+----------------------+------------+----------+--------+
| employee_id | employee_name  | department | position             | hire_date  | salary   | city   |
+-------------+----------------+------------+----------------------+------------+----------+--------+
|           5 | Charlie Wilson | Sales      | Sales Representative | 2023-11-20 | 60000.00 | kasmir |
+-------------+----------------+------------+----------------------+------------+----------+--------+
1 row in set (0.00 sec)

ORat least one condation should be true

mysql> select * from employee
    -> where salary =65000 or salary =25000 or salary =40000;
+-------------+---------------+------------+------------+------------+----------+--------+
| employee_id | employee_name | department | position   | hire_date  | salary   | city   |
+-------------+---------------+------------+------------+------------+----------+--------+
|           3 | Bob Johnson   | Finance    | Accountant | 2024-02-10 | 65000.00 | mumbai |
|           7 | far           | Marketing  | programer  | 2022-04-30 | 25000.00 | valsad |
|          10 | farukh shaikh | Finance    | Accountant | 2022-02-25 | 40000.00 | puna   |
+-------------+---------------+------------+------------+------------+----------+--------+
3 rows in set (0.00 sec)

------------------------------------------------------IN ,NOT IN----------------------------------

mysql> select * from employee
    -> where department IN ('IT','SALES','Finance');
+-------------+----------------+------------+----------------------+------------+----------+---------+
| employee_id | employee_name  | department | position             | hire_date  | salary   | city    |
+-------------+----------------+------------+----------------------+------------+----------+---------+
|           1 | John Doe       | IT         | Software Developer   | 2024-01-23 | 75000.00 | surat   |
|           3 | Bob Johnson    | Finance    | Accountant           | 2024-02-10 | 65000.00 | mumbai  |
|           5 | Charlie Wilson | Sales      | Sales Representative | 2023-11-20 | 60000.00 | kasmir  |
|           6 | shk            | IT         | devloper             | 2022-11-20 | 50000.00 | puna    |
|           8 | farukh         | IT         | programer            | 2022-04-30 | 50000.00 | junagad |
|           9 | farukh         | sales      | Marketing Specialist | 2022-05-30 | 50000.00 | kasmir  |
|          10 | farukh shaikh  | Finance    | Accountant           | 2022-02-25 | 40000.00 | puna    |
+-------------+----------------+------------+----------------------+------------+----------+---------+
7 rows in set (0.00 sec)

mysql> select * from employee
    -> where department NOT IN ('IT','SALES','Finance');
+-------------+---------------+------------+----------------------+------------+----------+--------+
| employee_id | employee_name | department | position             | hire_date  | salary   | city   |
+-------------+---------------+------------+----------------------+------------+----------+--------+
|           2 | Jane Smith    | HR         | HR Manager           | 2023-12-15 | 85000.00 | surat  |
|           4 | Alice Brown   | Marketing  | Marketing Specialist | 2024-03-05 | 70000.00 | mumbai |
|           7 | far           | Marketing  | programer            | 2022-04-30 | 25000.00 | valsad |
+-------------+---------------+------------+----------------------+------------+----------+--------+
3 rows in set (0.00 sec)

-------------------------------------------------------BETWEEN----------------------------------------

mysql> select * from employee
    -> where employee_id BETWEEN 3 AND 7;
+-------------+----------------+------------+----------------------+------------+----------+--------+
| employee_id | employee_name  | department | position             | hire_date  | salary   | city   |
+-------------+----------------+------------+----------------------+------------+----------+--------+
|           3 | Bob Johnson    | Finance    | Accountant           | 2024-02-10 | 65000.00 | mumbai |
|           4 | Alice Brown    | Marketing  | Marketing Specialist | 2024-03-05 | 70000.00 | mumbai |
|           5 | Charlie Wilson | Sales      | Sales Representative | 2023-11-20 | 60000.00 | kasmir |
|           6 | shk            | IT         | devloper             | 2022-11-20 | 50000.00 | puna   |
|           7 | far            | Marketing  | programer            | 2022-04-30 | 25000.00 | valsad |
+-------------+----------------+------------+----------------------+------------+----------+--------+
5 rows in set (0.05 sec)

---------------------------------------------CASE--------------------------------------------------

mysql> SELECT employee_id,employee_name,salary,
    -> CASE
    -> WHEN SALARY >= 50000 THEN 'HIGHER SALARE'
    -> ELSE 'LOW SALARY'
    -> END
    -> AS 'SALARY RANGE'
    -> FROM EMPLOYEE;
+-------------+----------------+----------+---------------+
| employee_id | employee_name  | salary   | SALARY RANGE  |
+-------------+----------------+----------+---------------+
|           1 | John Doe       | 75000.00 | HIGHER SALARE |
|           2 | Jane Smith     | 85000.00 | HIGHER SALARE |
|           3 | Bob Johnson    | 65000.00 | HIGHER SALARE |
|           4 | Alice Brown    | 70000.00 | HIGHER SALARE |
|           5 | Charlie Wilson | 60000.00 | HIGHER SALARE |
|           6 | shk            | 50000.00 | HIGHER SALARE |
|           7 | far            | 25000.00 | LOW SALARY    |
|           8 | farukh         | 50000.00 | HIGHER SALARE |
|           9 | farukh         | 50000.00 | HIGHER SALARE |
|          10 | farukh shaikh  | 40000.00 | LOW SALARY    |
+-------------+----------------+----------+---------------+
10 rows in set (0.00 sec)

mysql> SELECT employee_id,employee_name,salary,
    -> CASE
    -> WHEN SALARY >50000 THEN 'HIGH SALARY'
    -> WHEN SALARY<=50000 AND SALARY >=40000 THEN 'MID SALARY'
    -> ELSE 'LOW SALARY'
    -> END
    -> AS 'SALARY RANGE'
    -> FROM EMPLOYEE;
+-------------+----------------+----------+--------------+
| employee_id | employee_name  | salary   | SALARY RANGE |
+-------------+----------------+----------+--------------+
|           1 | John Doe       | 75000.00 | HIGH SALARY  |
|           2 | Jane Smith     | 85000.00 | HIGH SALARY  |
|           3 | Bob Johnson    | 65000.00 | HIGH SALARY  |
|           4 | Alice Brown    | 70000.00 | HIGH SALARY  |
|           5 | Charlie Wilson | 60000.00 | HIGH SALARY  |
|           6 | shk            | 50000.00 | MID SALARY   |
|           7 | far            | 25000.00 | LOW SALARY   |
|           8 | farukh         | 50000.00 | MID SALARY   |
|           9 | farukh         | 50000.00 | MID SALARY   |
|          10 | farukh shaikh  | 40000.00 | MID SALARY   |
+-------------+----------------+----------+--------------+
10 rows in set (0.00 sec)

--------------------------------------------LIKE-----------------------------------
START WITH
mysql> SELECT employee_nameemployee_name^C
mysql> SELECT employee_name,city FROM EMPLOYEE
    -> WHERE employee_name LIKE 'F%';
+---------------+---------+
| employee_name | city    |
+---------------+---------+
| far           | valsad  |
| farukh        | junagad |
| farukh        | kasmir  |
| farukh shaikh | puna    |
+---------------+---------+
4 rows in set (0.00 sec)

END WITH

mysql> SELECT employee_name,city FROM EMPLOYEE
    -> WHERE employee_name LIKE '%H';
+---------------+---------+
| employee_name | city    |
+---------------+---------+
| Jane Smith    | surat   |
| farukh        | junagad |
| farukh        | kasmir  |
| farukh shaikh | puna    |
+---------------+---------+
4 rows in set (0.00 sec)

COUNT CARACTER

mysql> SELECT employee_name,city FROM EMPLOYEE
    -> WHERE employee_name LIKE '___';
+---------------+--------+
| employee_name | city   |
+---------------+--------+
| shk           | puna   |
| far           | valsad |
+---------------+--------+
2 rows in set (0.00 sec)

mysql> SELECT employee_name,city FROM EMPLOYEE
    -> WHERE employee_name LIKE '_A_';
+---------------+--------+
| employee_name | city   |
+---------------+--------+
| far           | valsad |
+---------------+--------+
1 row in set (0.00 sec)


START AND END WITH

mysql> SELECT employee_name,city FROM EMPLOYEE
    -> WHERE employee_name LIKE 'F%H';
+---------------+---------+
| employee_name | city    |
+---------------+---------+
| farukh        | junagad |
| farukh        | kasmir  |
| farukh shaikh | puna    |
+---------------+---------+
3 rows in set (0.00 sec)

AS IT IS 

mysql> SELECT employee_name,city FROM EMPLOYEE
    -> WHERE employee_name LIKE 'SHK';
+---------------+------+
| employee_name | city |
+---------------+------+
| shk           | puna |
+---------------+------+
1 row in set (0.00 sec)
-----------------------------------------UNIQUE-----------------------------

DUBLICATE VALUE NOT ALOW

mysql> ALTER TABLE EMPLOYEE
    -> ADD MOB_NUMBER INT  UNIQUE;
Query OK, 0 rows affected (5.46 sec)
Records: 0  Duplicates: 0  Warnings: 0

mysql> SELECT * FROM EMPLOYEE;
+-------------+----------------+------------+----------------------+------------+----------+---------+------------+
| employee_id | employee_name  | department | position             | hire_date  | salary   | city    | MOB_NUMBER |
+-------------+----------------+------------+----------------------+------------+----------+---------+------------+
|           1 | John Doe       | IT         | Software Developer   | 2024-01-23 | 75000.00 | surat   |       NULL |
|           2 | Jane Smith     | HR         | HR Manager           | 2023-12-15 | 85000.00 | surat   |       NULL |
|           3 | Bob Johnson    | Finance    | Accountant           | 2024-02-10 | 65000.00 | mumbai  |       NULL |
|           4 | Alice Brown    | Marketing  | Marketing Specialist | 2024-03-05 | 70000.00 | mumbai  |       NULL |
|           5 | Charlie Wilson | Sales      | Sales Representative | 2023-11-20 | 60000.00 | kasmir  |       NULL |
|           6 | shk            | IT         | devloper             | 2022-11-20 | 50000.00 | puna    |       NULL |
|           7 | far            | Marketing  | programer            | 2022-04-30 | 25000.00 | valsad  |       NULL |
|           8 | farukh         | IT         | programer            | 2022-04-30 | 50000.00 | junagad |       NULL |
|           9 | farukh         | sales      | Marketing Specialist | 2022-05-30 | 50000.00 | kasmir  |       NULL |
|          10 | farukh shaikh  | Finance    | Accountant           | 2022-02-25 | 40000.00 | puna    |       NULL |
+-------------+----------------+------------+----------------------+------------+----------+---------+------------+
10 rows in set (0.00 sec)

mysql> DESC EMPLOYEE;
+---------------+---------------+------+-----+---------+----------------+
| Field         | Type          | Null | Key | Default | Extra          |
+---------------+---------------+------+-----+---------+----------------+
| employee_id   | int           | NO   | PRI | NULL    | auto_increment |
| employee_name | varchar(255)  | YES  |     | NULL    |                |
| department    | varchar(100)  | YES  |     | NULL    |                |
| position      | varchar(100)  | YES  |     | NULL    |                |
| hire_date     | date          | YES  |     | NULL    |                |
| salary        | decimal(10,2) | YES  |     | NULL    |                |
| city          | varchar(100)  | NO   |     | NULL    |                |
| MOB_NUMBER    | int           | YES  | UNI | NULL    |                |
+---------------+---------------+------+-----+---------+----------------+
8 rows in set (0.20 sec)

mysql> UPDATE EMPLOYEE
    -> SET MOB_NUMBER = 654789658
    -> WHERE employee_id =10;
Query OK, 1 row affected (0.12 sec)
Rows matched: 1  Changed: 1  Warnings: 0


mysql> UPDATE EMPLOYEE
    -> SET MOB_NUMBER = 5679456
    -> WHERE employee_id <3;
ERROR 1062 (23000): Duplicate entry '5679456' for key 'employee.MOB_NUMBER'
mysql> SELECT * FROM EMPLOYEE;

mysql> UPDATE EMPLOYEE
    -> SET MOB_NUMBER = 956801065
    -> WHERE employee_id =6;
Query OK, 1 row affected (0.09 sec)
Rows matched: 1  Changed: 1  Warnings: 0

sql> SELECT * FROM EMPLOYEE
    -> ;
+-------------+----------------+------------+----------------------+------------+----------+---------+------------+
| employee_id | employee_name  | department | position             | hire_date  | salary   | city    | MOB_NUMBER |
+-------------+----------------+------------+----------------------+------------+----------+---------+------------+
|           1 | John Doe       | IT         | Software Developer   | 2024-01-23 | 75000.00 | surat   |    5679456 |
|           2 | Jane Smith     | HR         | HR Manager           | 2023-12-15 | 85000.00 | surat   |       NULL |
|           3 | Bob Johnson    | Finance    | Accountant           | 2024-02-10 | 65000.00 | mumbai  |       NULL |
|           4 | Alice Brown    | Marketing  | Marketing Specialist | 2024-03-05 | 70000.00 | mumbai  |       NULL |
|           5 | Charlie Wilson | Sales      | Sales Representative | 2023-11-20 | 60000.00 | kasmir  |       NULL |
|           6 | shk            | IT         | devloper             | 2022-11-20 | 50000.00 | puna    |  956801065 |
|           7 | far            | Marketing  | programer            | 2022-04-30 | 25000.00 | valsad  |       NULL |
|           8 | farukh         | IT         | programer            | 2022-04-30 | 50000.00 | junagad |       NULL |
|           9 | farukh         | sales      | Marketing Specialist | 2022-05-30 | 50000.00 | kasmir  |       NULL |
|          10 | farukh shaikh  | Finance    | Accountant           | 2022-02-25 | 40000.00 | puna    |  654789658 |
+-------------+----------------+------------+----------------------+------------+----------+---------+------------+
10 rows in set (0.00 sec)

--------------------------------------------------IS NULL---------------------------------------------------

mysql> SELECT MOB_NUMBER,employee_id FROM EMPLOYEE
    -> WHERE MOB_NUMBER IS NULL;
+------------+-------------+
| MOB_NUMBER | employee_id |
+------------+-------------+
|       NULL |           2 |
|       NULL |           3 |
|       NULL |           4 |
|       NULL |           5 |
|       NULL |           7 |
|       NULL |           8 |
|       NULL |           9 |
+------------+-------------+
7 rows in set (0.00 sec)

-----------------------------------------------------decimal(total number,precision after decimal) -------------------------------------

mysql> alter table customer
    -> add percentage decimal(5,2);
Query OK, 0 rows affected (4.89 sec)
Records: 0  Duplicates: 0  Warnings: 0

mysql> desc customer;
+------------+--------------+------+-----+---------+-------+
| Field      | Type         | Null | Key | Default | Extra |
+------------+--------------+------+-----+---------+-------+
| id         | int          | YES  |     | NULL    |       |
| name       | varchar(100) | YES  |     | NULL    |       |
| percentage | decimal(5,2) | YES  |     | NULL    |       |
+------------+--------------+------+-----+---------+-------+
3 rows in set (0.15 sec)

mysql> update customer
    -> set percentage =6543.21;  total number is 5, hear is 6.
ERROR 1264 (22003): Out of range value for column 'percentage' at row 1

given 6 number but show 5 because of the value is round to the precision of 2

mysql> update customer
    -> set percentage =654.321
    -> where id = 1;
Query OK, 1 row affected, 1 warning (0.13 sec)
Rows matched: 1  Changed: 1  Warnings: 1

mysql> select * from customer;
+------+------+------------+
| id   | name | percentage |
+------+------+------------+
|    1 | far  |     654.32 |
|    2 | ukh  |       NULL |
|    3 | raju |       NULL |
|    4 | syam |       NULL |
+------+------+------------+
4 rows in set (0.00 sec)

mysql> update customer
    -> set percentage =654.326
    -> where id = 2;
Query OK, 1 row affected, 1 warning (0.19 sec)
Rows matched: 1  Changed: 1  Warnings: 1

mysql> select * from customer;
+------+------+------------+
| id   | name | percentage |
+------+------+------------+
|    1 | far  |     654.32 |
|    2 | ukh  |     654.33 |
|    3 | raju |       NULL |
|    4 | syam |       NULL |
+------+------+------------+
4 rows in set (0.00 sec)

mysql> update customer
    -> set percentage =65.2
    -> where id = 3;
Query OK, 1 row affected (0.14 sec)
Rows matched: 1  Changed: 1  Warnings: 0

mysql> select * from customer;
+------+------+------------+
| id   | name | percentage |
+------+------+------------+
|    1 | far  |     654.32 |
|    2 | ukh  |     654.33 |
|    3 | raju |      65.20 |
|    4 | syam |       NULL |
+------+------+------------+
4 rows in set (0.00 sec)

-----------------------------------------------flot and double-----------------------------------------

flot use upto 7 digit, take 4 bytes of memory
double use upto 15 digits, take  bytes of memory

mysql> alter table customer
    -> add float_num float;
Query OK, 0 rows affected (0.51 sec)
Records: 0  Duplicates: 0  Warnings: 0

mysql> alter table customer
    -> add double_num double;
Query OK, 0 rows affected (0.60 sec)
Records: 0  Duplicates: 0  Warnings: 0

mysql> desc customer;
+------------+--------------+------+-----+---------+-------+
| Field      | Type         | Null | Key | Default | Extra |
+------------+--------------+------+-----+---------+-------+
| id         | int          | YES  |     | NULL    |       |
| name       | varchar(100) | YES  |     | NULL    |       |
| percentage | decimal(5,2) | YES  |     | NULL    |       |
| float_num  | float        | YES  |     | NULL    |       |
| double_num | double       | YES  |     | NULL    |       |
+------------+--------------+------+-----+---------+-------+
5 rows in set (0.01 sec)

mysql> update customer
    -> set float_num=123.456 ,double_num= 123.456
    -> where id =1;
Query OK, 1 row affected (0.11 sec)
Rows matched: 1  Changed: 1  Warnings: 0

mysql> select * from customer;
+------+------+------------+-----------+------------+
| id   | name | percentage | float_num | double_num |
+------+------+------------+-----------+------------+
|    1 | far  |     654.32 |   123.456 |    123.456 |
|    2 | ukh  |     654.33 |      NULL |       NULL |
|    3 | raju |      65.20 |      NULL |       NULL |
|    4 | syam |       NULL |      NULL |       NULL |
+------+------+------------+-----------+------------+
4 rows in set (0.00 sec)

flot range get over after 6 digite double is ok at 12 number
mysql> update customer
    -> set float_num=123.12345679 ,double_num= 123.12345679
    -> where id =2;
Query OK, 1 row affected (0.18 sec)
Rows matched: 1  Changed: 1  Warnings: 0

mysql> select * from customer;
+------+------+------------+-----------+--------------+
| id   | name | percentage | float_num | double_num   |
+------+------+------------+-----------+--------------+
|    1 | far  |     654.32 |   123.456 |      123.456 |
|    2 | ukh  |     654.33 |   123.123 | 123.12345679 |
|    3 | raju |      65.20 |      NULL |         NULL |
|    4 | syam |       NULL |      NULL |         NULL |
+------+------+------------+-----------+--------------+
4 rows in set (0.00 sec)

mysql> update customer
    -> set float_num=123.12345679 ,double_num= 123.123456790987654321;
Query OK, 4 rows affected (0.15 sec)
Rows matched: 4  Changed: 4  Warnings: 0

double is ok upto 17 digit
mysql> select * from customer;
+------+------+------------+-----------+--------------------+
| id   | name | percentage | float_num | double_num         |
+------+------+------------+-----------+--------------------+
|    1 | far  |     654.32 |   123.123 | 123.12345679098766 |
|    2 | ukh  |     654.33 |   123.123 | 123.12345679098766 |
|    3 | raju |      65.20 |   123.123 | 123.12345679098766 |
|    4 | syam |       NULL |   123.123 | 123.12345679098766 |
+------+------+------------+-----------+--------------------+
4 rows in set (0.00 sec)


IT ACCURACY IS NOT IMPORTANT OR IF SPEED IS HIGHER PRIORITY , THE DOUBLE TYPE MAY BE GOOD ENOUGH


-----------------------------------------------DATE, TIME ,DATETIME----------------------------------------------------------

mysql> create table datim(edate date,etime time, edatim datetime);
Query OK, 0 rows affected (2.26 sec)

mysql> desc datim;
+--------+----------+------+-----+---------+-------+
| Field  | Type     | Null | Key | Default | Extra |
+--------+----------+------+-----+---------+-------+
| edate  | date     | YES  |     | NULL    |       |
| etime  | time     | YES  |     | NULL    |       |
| edatim | datetime | YES  |     | NULL    |       |
+--------+----------+------+-----+---------+-------+
3 rows in set (0.12 sec)


mysql> insert into datim values('2024-05-16','23:00:00','2024-05-18 23:00:01');
Query OK, 1 row affected (0.15 sec)

mysql> insert datim values('2023-06-16','12:30:59','2023-06-16 12:30:59');
Query OK, 1 row affected (0.15 sec)

mysql> select * from datim;
+------------+----------+---------------------+
| edate      | etime    | edatim              |
+------------+----------+---------------------+
| 2024-05-16 | 23:00:00 | 2024-05-18 23:00:01 |
| 2023-06-16 | 12:30:59 | 2023-06-16 12:30:59 |
+------------+----------+---------------------+
2 rows in set (0.00 sec)

---------------------------------------curdate(),curtime(),now()--------------------------------------

mysql> select curdate();
+------------+
| curdate()  |
+------------+
| 2024-03-25 |
+------------+
1 row in set (0.05 sec)

mysql> select curtime();
+-----------+
| curtime() |
+-----------+
| 10:17:26  |
+-----------+
1 row in set (0.00 sec)

mysql> select now();
+---------------------+
| now()               |
+---------------------+
| 2024-03-25 10:18:56 |
+---------------------+
1 row in set (0.00 sec)


mysql> insert into datim (edate,etime,edatim)
    -> values(curdate(),curtime(),now());
Query OK, 1 row affected (0.14 sec)

mysql> select * from datim;
+------------+----------+---------------------+
| edate      | etime    | edatim              |
+------------+----------+---------------------+
| 2024-05-16 | 23:00:00 | 2024-05-18 23:00:01 |
| 2023-06-16 | 12:30:59 | 2023-06-16 12:30:59 |
| 2024-03-25 | 10:22:28 | 2024-03-25 10:22:28 |
+------------+----------+---------------------+
3 rows in set (0.00 sec)

---------------------------------------dayname,dayofmonth,dayofweek-------------------------------------

mysql> select dayname('1997-09-15'),dayofmonth('1997-09-15'),dayofweek('1997-09-15');
+-----------------------+--------------------------+-------------------------+
| dayname('1997-09-15') | dayofmonth('1997-09-15') | dayofweek('1997-09-15') |
+-----------------------+--------------------------+-------------------------+
| Monday                |                       15 |                       2 |
+-----------------------+--------------------------+-------------------------+
1 row in set (0.04 sec)

mysql> select monthname('1997-09-15');
+-------------------------+
| monthname('1997-09-15') |
+-------------------------+
| September               |
+-------------------------+
1 row in set (0.00 sec)

mysql> select edate, monthname(edate) from datim;
+------------+------------------+
| edate      | monthname(edate) |
+------------+------------------+
| 2024-05-16 | May              |
| 2023-06-16 | June             |
| 2024-03-25 | March            |
+------------+------------------+
3 rows in set (0.00 sec)

mysql> select edate ,dayname(edate) from datim;
+------------+----------------+
| edate      | dayname(edate) |
+------------+----------------+
| 2024-05-16 | Thursday       |
| 2023-06-16 | Friday         |
| 2024-03-25 | Monday         |
+------------+----------------+
3 rows in set (0.00 sec)


mysql> select etime,hour(etime) from datim;
+----------+-------------+
| etime    | hour(etime) |
+----------+-------------+
| 23:00:00 |          23 |
| 12:30:59 |          12 |
| 10:22:28 |          10 |
+----------+-------------+
3 rows in set (0.00 sec)

mysql> select etime, minute(etime) from datim;
+----------+---------------+
| etime    | minute(etime) |
+----------+---------------+
| 23:00:00 |             0 |
| 12:30:59 |            30 |
| 10:22:28 |            22 |
+----------+---------------+
3 rows in set (0.00 sec)

------------------------------------------------date fromating----------------------------

mysql> select date_format('1997-09-15 04:30:49','%D %a at %T');
+--------------------------------------------------+
| date_format('1997-09-15 04:30:49','%D %a at %T') |
+--------------------------------------------------+
| 15th Mon at 04:30:49                             |
+--------------------------------------------------+
1 row in set (0.00 sec)

mysql> select date_format(now(),'%D %a at %T');
+----------------------------------+
| date_format(now(),'%D %a at %T') |
+----------------------------------+
| 25th Mon at 11:34:23             |
+----------------------------------+
1 row in set (0.00 sec)

mysql> select date_format('1997-09-15 04:30:49','%D/%M/%Y');
+-----------------------------------------------+
| date_format('1997-09-15 04:30:49','%D/%M/%Y') |
+-----------------------------------------------+
| 15th/September/1997                           |
+-----------------------------------------------+
1 row in set (0.00 sec)

mysql> select date_format(now(),'%D %a at%k');
+---------------------------------+
| date_format(now(),'%D %a at%k') |
+---------------------------------+
| 25th Mon at11                   |
+---------------------------------+
1 row in set (0.00 sec)

mysql> select edatim, date_format(edatim,'%D/%M/%Y') from datim;
+---------------------+--------------------------------+
| edatim              | date_format(edatim,'%D/%M/%Y') |
+---------------------+--------------------------------+
| 2024-05-18 23:00:01 | 18th/May/2024                  |
| 2023-06-16 12:30:59 | 16th/June/2023                 |
| 2024-03-25 10:22:28 | 25th/March/2024                |
+---------------------+--------------------------------+
3 rows in set (0.00 sec)

mysql> select edatim, date_format(edatim,'%D/%M/%Y %h: %i') from datim;
+---------------------+---------------------------------------+
| edatim              | date_format(edatim,'%D/%M/%Y %h: %i') |
+---------------------+---------------------------------------+
| 2024-05-18 23:00:01 | 18th/May/2024 11: 00                  |
| 2023-06-16 12:30:59 | 16th/June/2023 12: 30                 |
| 2024-03-25 10:22:28 | 25th/March/2024 10: 22                |
+---------------------+---------------------------------------+
3 rows in set (0.00 sec)

mysql> select edatim, date_format(edatim,'%D/%M/%Y %T') from datim;
+---------------------+-----------------------------------+
| edatim              | date_format(edatim,'%D/%M/%Y %T') |
+---------------------+-----------------------------------+
| 2024-05-18 23:00:01 | 18th/May/2024 23:00:01            |
| 2023-06-16 12:30:59 | 16th/June/2023 12:30:59           |
| 2024-03-25 10:22:28 | 25th/March/2024 10:22:28          |
+---------------------+-----------------------------------+
3 rows in set (0.00 sec)


mysql> select edatim, date_format(edatim,'%D/%M/%Y %r') from datim;
+---------------------+-----------------------------------+
| edatim              | date_format(edatim,'%D/%M/%Y %r') |
+---------------------+-----------------------------------+
| 2024-05-18 23:00:01 | 18th/May/2024 11:00:01 PM         |
| 2023-06-16 12:30:59 | 16th/June/2023 12:30:59 PM        |
| 2024-03-25 10:22:28 | 25th/March/2024 10:22:28 AM       |
+---------------------+-----------------------------------+
3 rows in set (0.00 sec)

-------------------------------------------date and time  calculation-----------------------------------

datediff,date_add,date_sub

mysql> select datediff(' 2024-05-18',' 2024-03-25');
+---------------------------------------+
| datediff(' 2024-05-18',' 2024-03-25') |
+---------------------------------------+
|                                    54 |
+---------------------------------------+
1 row in set, 2 warnings (0.07 sec)

mysql> select date_add('2024-05-18',interval 10 day);
+----------------------------------------+
| date_add('2024-05-18',interval 10 day) |
+----------------------------------------+
| 2024-05-28                             |
+----------------------------------------+
1 row in set (0.06 sec)

mysql> select date_add('2024-05-18',interval 3 month);
+-----------------------------------------+
| date_add('2024-05-18',interval 3 month) |
+-----------------------------------------+
| 2024-08-18                              |
+-----------------------------------------+
1 row in set (0.00 sec)

mysql> select date_add('2024-05-18',interval 1 year);
+----------------------------------------+
| date_add('2024-05-18',interval 1 year) |
+----------------------------------------+
| 2025-05-18                             |
+----------------------------------------+
1 row in set (0.00 sec)

mysql> select date_sub('2024-05-18',interval 1 year);
+----------------------------------------+
| date_sub('2024-05-18',interval 1 year) |
+----------------------------------------+
| 2023-05-18                             |
+----------------------------------------+
1 row in set (0.00 sec)

mysql> select date_sub('2024-05-18',interval 1 month);
+-----------------------------------------+
| date_sub('2024-05-18',interval 1 month) |
+-----------------------------------------+
| 2024-04-18                              |
+-----------------------------------------+
1 row in set (0.00 sec)


mysql> select timediff('23:30:00','20:25:00');
+---------------------------------+
| timediff('23:30:00','20:25:00') |
+---------------------------------+
| 03:05:00                        |
+---------------------------------+
1 row in set (0.05 sec)

-------------------------------------------default and on update timstamp-------------------------------

mysql> alter table datim
    -> add column blog varchar(150),
    -> add column creat_time datetime default current_timestamp,
    -> add column update_time datetime on update current_timestamp;
Query OK, 0 rows affected (1.85 sec)
Records: 0  Duplicates: 0  Warnings: 0

mysql> desc datim;
+-------------+--------------+------+-----+-------------------+-----------------------------+
| Field       | Type         | Null | Key | Default           | Extra                       |
+-------------+--------------+------+-----+-------------------+-----------------------------+
| edate       | date         | YES  |     | NULL              |                             |
| etime       | time         | YES  |     | NULL              |                             |
| edatim      | datetime     | YES  |     | NULL              |                             |
| blog        | varchar(150) | YES  |     | NULL              |                             |
| creat_time  | datetime     | YES  |     | CURRENT_TIMESTAMP | DEFAULT_GENERATED           |
| update_time | datetime     | YES  |     | NULL              | on update CURRENT_TIMESTAMP |
+-------------+--------------+------+-----+-------------------+-----------------------------+
6 rows in set (0.01 sec)

----------------------------------creat time auto update because of default current_timestamp ---------------------------------

mysql> select * from datim;
+------------+----------+---------------------+------------------+---------------------+-------------+
| edate      | etime    | edatim              | blog             | creat_time          | update_time |
+------------+----------+---------------------+------------------+---------------------+-------------+
| 2024-05-16 | 23:00:00 | 2024-05-18 23:00:01 | NULL             | 2024-03-25 13:09:28 | NULL        |
| 2023-06-16 | 12:30:59 | 2023-06-16 12:30:59 | NULL             | 2024-03-25 13:09:28 | NULL        |
| 2024-03-25 | 10:22:28 | 2024-03-25 10:22:28 | NULL             | 2024-03-25 13:09:28 | NULL        |
| NULL       | NULL     | NULL                | this is new blog | 2024-03-25 13:12:16 | NULL        |
+------------+----------+---------------------+------------------+---------------------+-------------+
4 rows in set (0.00 sec)

mysql> update datim
    -> set blog = 'this is update blog';
Query OK, 4 rows affected (0.21 sec)
Rows matched: 4  Changed: 4  Warnings: 0

mysql> select * from datim;
+------------+----------+---------------------+---------------------+---------------------+---------------------+
| edate      | etime    | edatim              | blog                | creat_time          | update_time         |
+------------+----------+---------------------+---------------------+---------------------+---------------------+
| 2024-05-16 | 23:00:00 | 2024-05-18 23:00:01 | this is update blog | 2024-03-25 13:09:28 | 2024-03-25 13:28:55 |
| 2023-06-16 | 12:30:59 | 2023-06-16 12:30:59 | this is update blog | 2024-03-25 13:09:28 | 2024-03-25 13:28:55 |
| 2024-03-25 | 10:22:28 | 2024-03-25 10:22:28 | this is update blog | 2024-03-25 13:09:28 | 2024-03-25 13:28:55 |
| NULL       | NULL     | NULL                | this is update blog | 2024-03-25 13:12:16 | 2024-03-25 13:28:55 |
+------------+----------+---------------------+---------------------+---------------------+---------------------+
4 rows in set (0.00 sec)

mysql> update datim
    -> set blog = 'this is new update blog'
    -> where edate is null;
Query OK, 1 row affected (0.19 sec)
Rows matched: 1  Changed: 1  Warnings: 0

mysql> select * from datim;
+------------+----------+---------------------+-------------------------+---------------------+---------------------+
| edate      | etime    | edatim              | blog                    | creat_time          | update_time         |
+------------+----------+---------------------+-------------------------+---------------------+---------------------+
| 2024-05-16 | 23:00:00 | 2024-05-18 23:00:01 | this is update blog     | 2024-03-25 13:09:28 | 2024-03-25 13:28:55 |
| 2023-06-16 | 12:30:59 | 2023-06-16 12:30:59 | this is update blog     | 2024-03-25 13:09:28 | 2024-03-25 13:28:55 |
| 2024-03-25 | 10:22:28 | 2024-03-25 10:22:28 | this is update blog     | 2024-03-25 13:09:28 | 2024-03-25 13:28:55 |
| NULL       | NULL     | NULL                | this is new update blog | 2024-03-25 13:12:16 | 2024-03-25 13:39:08 |
+------------+----------+---------------------+-------------------------+---------------------+---------------------+
4 rows in set (0.00 sec)


-------------------------------------------------check--------------------------------------------------------------

mysql> alter table customer1
    -> modify column class int unique check(length(class)>=2);
ERROR 1062 (23000): Duplicate entry '10' for key 'customer1.class'
mysql> select * from customer1;
+----+-------+-------+
| id | name  | class |
+----+-------+-------+
|  1 | raju  |    10 |
|  2 | sayam |    10 |
| 10 | jone  |    10 |
| 11 | far   |    10 |
+----+-------+-------+
4 rows in set (0.00 sec)

mysql> update customer1
    -> set class= 11
    -> where id = 2;
Query OK, 1 row affected (0.10 sec)
Rows matched: 1  Changed: 1  Warnings: 0

mysql> update customer1
    -> set class= 12
    -> where id = 10;
Query OK, 1 row affected (0.10 sec)
Rows matched: 1  Changed: 1  Warnings: 0

mysql> update customer1
    -> set class= 13
    -> where id = 11;
Query OK, 1 row affected (0.10 sec)
Rows matched: 1  Changed: 1  Warnings: 0

mysql> alter table customer1
    -> modify column class int unique check(length(class)>=2);
Query OK, 4 rows affected (2.50 sec)
Records: 4  Duplicates: 0  Warnings: 0

mysql> update customer1
    -> set class= 130
    -> where id = 11;
Query OK, 1 row affected (0.10 sec)
Rows matched: 1  Changed: 1  Warnings: 0

mysql> update customer1
    -> set class= 1
    -> where id = 11;
ERROR 3819 (HY000): Check constraint 'customer1_chk_1' is violated.

---------------------------------------------for checking constraint in column--------------------------------------

mysql>
  select
    constraint_type,constraint_name
    from information_schema.table_constraints
    where table_name = 'customer1';

-----------------------------------------------add and deop constraint-------------------------------------------------

first check constraint in table

 select
    -> constraint_type,constraint_name
    -> from information_schema.table_constraints
    ->  where table_name = 'customer1';
+-----------------+-----------------+
| CONSTRAINT_TYPE | CONSTRAINT_NAME |
+-----------------+-----------------+
| UNIQUE          | class           |
| PRIMARY KEY     | PRIMARY         |
| CHECK           | customer1_chk_1 |
+-----------------+-----------------+
3 rows in set (0.16 sec)

------------------------------------------------drop constraint------------------------------------

 alter table customer1
    -> drop constraint customer1_chk_1;
Query OK, 0 rows affected (2.25 sec)
Records: 0  Duplicates: 0  Warnings: 0


select
    ->     constraint_type,constraint_name
    ->     from information_schema.table_constraints
    ->     where table_name = 'customer1';
+-----------------+-----------------+
| CONSTRAINT_TYPE | CONSTRAINT_NAME |
+-----------------+-----------------+
| UNIQUE          | class           |
| PRIMARY KEY     | PRIMARY         |
+-----------------+-----------------+
2 rows in set (0.00 sec)

-----------------------------------------------------add constraint--------------------------------------------

 alter table customer1
    -> add constraint cls_less check(length(class)>=2);
Query OK, 4 rows affected (3.09 sec)
Records: 4  Duplicates: 0  Warnings: 0

 select
    ->     constraint_type,constraint_name
    ->     from information_schema.table_constraints
    ->     where table_name = 'customer1';
+-----------------+-----------------+
| CONSTRAINT_TYPE | CONSTRAINT_NAME |
+-----------------+-----------------+
| UNIQUE          | class           |
| PRIMARY KEY     | PRIMARY         |
| CHECK           | cls_less        |
+-----------------+-----------------+
3 rows in set (0.00 sec)

---------------------------------------------------------------------------------joint---froeign key---------------------------------------------------------------------------

mysql> CREATE TABLE _order (
    ->     order_id INT PRIMARY KEY AUTO_INCREMENT,
    ->     date DATE,
    ->     amount DECIMAL(10,2),
    ->    client_id int,
    ->     FOREIGN KEY (client_id) REFERENCES clint (clint_id)
    -> );
Query OK, 0 rows affected (3.42 sec)

------------------------------------------------------------insert into order------------------------------------------------------------------------------------------


mysql> insert into _order (date,amount,client_id)
    -> values ('2024/9/09',1);
ERROR 1136 (21S01): Column count doesn't match value count at row 1
mysql> insert into _order (date,amount,client_id)
    -> values ('2024/9/09',300,1);
Query OK, 1 row affected, 1 warning (0.21 sec)

mysql> insert into _order (date,amount,client_id)
    -> values ('2024/9/10',300,2);
Query OK, 1 row affected, 1 warning (0.18 sec)

mysql> insert into _order (date,amount,client_id)
    -> values ('2024/9/25',300,2);
Query OK, 1 row affected, 1 warning (0.15 sec)

mysql> insert into _order (date,amount,client_id)
    -> values ('2024/9/25',300,3);
Query OK, 1 row affected, 1 warning (0.18 sec)


------------------------------------------------------------------------insert into clint-------------------------------------------------------------------------

insert into _order (order_id,date,amount,client_id)
    -> values(101,'2024/9/05',200,1);
Query OK, 1 row affected, 1 warning (0.20 sec)

mysql> insert into clint (name,email)
    -> values('shaikh farukh','shaikfarukh@gmail.com');
Query OK, 1 row affected (0.14 sec)

mysql> insert into _order (date,amount,client_id)
    -> values ('2024/9/25',300,5);
Query OK, 1 row affected, 1 warning (0.14 sec)

mysql> insert into _order (date,amount,client_id)
    -> values ('2024/9/27',300,5);
Query OK, 1 row affected, 1 warning (0.12 sec)

mysql> insert into _order (date,amount,client_id)
    -> values ('2024/9/28',1000,3);
Query OK, 1 row affected, 1 warning (0.17 sec)


mysql> select * from clint;
+----------+---------------+-----------------------+
| clint_id | name          | email                 |
+----------+---------------+-----------------------+
|        1 | far           | far@gmail.com         |
|        2 | ukh           | ukh@gmail.com         |
|        3 | shk           | shk@gmail.com         |
|        4 | shaikh        | shaikfar@gmail.com    |
|        5 | shaikh farukh | shaikfarukh@gmail.com |
+----------+---------------+-----------------------+
5 rows in set (0.00 sec)

mysql> select * from _order;
+----------+------------+---------+-----------+
| order_id | date       | amount  | client_id |
+----------+------------+---------+-----------+
|      101 | 2024-09-05 |  200.00 |         1 |
|      102 | 2024-09-09 |  300.00 |         1 |
|      103 | 2024-09-10 |  300.00 |         2 |
|      104 | 2024-09-25 |  300.00 |         2 |
|      105 | 2024-09-25 |  300.00 |         3 |
|      106 | 2024-09-25 |  300.00 |         5 |
|      107 | 2024-09-27 |  300.00 |         5 |
|      108 | 2024-09-28 | 1000.00 |         3 |
+----------+------------+---------+-----------+
8 rows in set (0.00 sec)


-----------------------------------------------------------------------------type of joint --------------------------------------------------------------------------

cross joint :. every row from one table is combine with every row from another table.
inner joint :. return only the rows where there is a match between the specified columns in both the tables(left and right), only show data which is intersect between two coloum tables
left joint  :. return all rows from the left table and the matching rows from the right table
right joint :. 

------------------------------------------------------------------------------- cross joint---------------------------------------------------------------------

cross joint:. every row from one table is combine with every row from another table.

mysql> select * from clint,_order;
+----------+---------------+-----------------------+----------+------------+---------+-----------+
| clint_id | name          | email                 | order_id | date       | amount  | client_id |
+----------+---------------+-----------------------+----------+------------+---------+-----------+
|        5 | shaikh farukh | shaikfarukh@gmail.com |      101 | 2024-09-05 |  200.00 |         1 |
|        4 | shaikh        | shaikfar@gmail.com    |      101 | 2024-09-05 |  200.00 |         1 |
|        3 | shk           | shk@gmail.com         |      101 | 2024-09-05 |  200.00 |         1 |
|        2 | ukh           | ukh@gmail.com         |      101 | 2024-09-05 |  200.00 |         1 |
|        1 | far           | far@gmail.com         |      101 | 2024-09-05 |  200.00 |         1 |
|        5 | shaikh farukh | shaikfarukh@gmail.com |      102 | 2024-09-09 |  300.00 |         1 |
|        4 | shaikh        | shaikfar@gmail.com    |      102 | 2024-09-09 |  300.00 |         1 |
|        3 | shk           | shk@gmail.com         |      102 | 2024-09-09 |  300.00 |         1 |
|        2 | ukh           | ukh@gmail.com         |      102 | 2024-09-09 |  300.00 |         1 |
|        1 | far           | far@gmail.com         |      102 | 2024-09-09 |  300.00 |         1 |
|        5 | shaikh farukh | shaikfarukh@gmail.com |      103 | 2024-09-10 |  300.00 |         2 |
|        4 | shaikh        | shaikfar@gmail.com    |      103 | 2024-09-10 |  300.00 |         2 |
|        3 | shk           | shk@gmail.com         |      103 | 2024-09-10 |  300.00 |         2 |
|        2 | ukh           | ukh@gmail.com         |      103 | 2024-09-10 |  300.00 |         2 |
|        1 | far           | far@gmail.com         |      103 | 2024-09-10 |  300.00 |         2 |
|        5 | shaikh farukh | shaikfarukh@gmail.com |      104 | 2024-09-25 |  300.00 |         2 |
|        4 | shaikh        | shaikfar@gmail.com    |      104 | 2024-09-25 |  300.00 |         2 |
|        3 | shk           | shk@gmail.com         |      104 | 2024-09-25 |  300.00 |         2 |
|        2 | ukh           | ukh@gmail.com         |      104 | 2024-09-25 |  300.00 |         2 |
|        1 | far           | far@gmail.com         |      104 | 2024-09-25 |  300.00 |         2 |
|        5 | shaikh farukh | shaikfarukh@gmail.com |      105 | 2024-09-25 |  300.00 |         3 |
|        4 | shaikh        | shaikfar@gmail.com    |      105 | 2024-09-25 |  300.00 |         3 |
|        3 | shk           | shk@gmail.com         |      105 | 2024-09-25 |  300.00 |         3 |
|        2 | ukh           | ukh@gmail.com         |      105 | 2024-09-25 |  300.00 |         3 |
|        1 | far           | far@gmail.com         |      105 | 2024-09-25 |  300.00 |         3 |
|        5 | shaikh farukh | shaikfarukh@gmail.com |      106 | 2024-09-25 |  300.00 |         5 |
|        4 | shaikh        | shaikfar@gmail.com    |      106 | 2024-09-25 |  300.00 |         5 |
|        3 | shk           | shk@gmail.com         |      106 | 2024-09-25 |  300.00 |         5 |
|        2 | ukh           | ukh@gmail.com         |      106 | 2024-09-25 |  300.00 |         5 |
|        1 | far           | far@gmail.com         |      106 | 2024-09-25 |  300.00 |         5 |
|        5 | shaikh farukh | shaikfarukh@gmail.com |      107 | 2024-09-27 |  300.00 |         5 |
|        4 | shaikh        | shaikfar@gmail.com    |      107 | 2024-09-27 |  300.00 |         5 |
|        3 | shk           | shk@gmail.com         |      107 | 2024-09-27 |  300.00 |         5 |
|        2 | ukh           | ukh@gmail.com         |      107 | 2024-09-27 |  300.00 |         5 |
|        1 | far           | far@gmail.com         |      107 | 2024-09-27 |  300.00 |         5 |
|        5 | shaikh farukh | shaikfarukh@gmail.com |      108 | 2024-09-28 | 1000.00 |         3 |
|        4 | shaikh        | shaikfar@gmail.com    |      108 | 2024-09-28 | 1000.00 |         3 |
|        3 | shk           | shk@gmail.com         |      108 | 2024-09-28 | 1000.00 |         3 |
|        2 | ukh           | ukh@gmail.com         |      108 | 2024-09-28 | 1000.00 |         3 |
|        1 | far           | far@gmail.com         |      108 | 2024-09-28 | 1000.00 |         3 |
+----------+---------------+-----------------------+----------+------------+---------+-----------+
40 rows in set (0.00 sec)

------------------------------------------------------------------------------- cross joint---------------------------------------------------------------------

return only the rows where there is a match between the specified columns in both the tables(left and right)

mysql> select * from clint
    -> inner join
    -> _order
    -> on _order.client_id = clint.clint_id ;

+----------+---------------+-----------------------+----------+------------+---------+-----------+
| clint_id | name          | email                 | order_id | date       | amount  | client_id |
+----------+---------------+-----------------------+----------+------------+---------+-----------+
|        1 | far           | far@gmail.com         |      101 | 2024-09-05 |  200.00 |         1 |
|        1 | far           | far@gmail.com         |      102 | 2024-09-09 |  300.00 |         1 |
|        2 | ukh           | ukh@gmail.com         |      103 | 2024-09-10 |  300.00 |         2 |
|        2 | ukh           | ukh@gmail.com         |      104 | 2024-09-25 |  300.00 |         2 |
|        3 | shk           | shk@gmail.com         |      105 | 2024-09-25 |  300.00 |         3 |
|        3 | shk           | shk@gmail.com         |      108 | 2024-09-28 | 1000.00 |         3 |
|        5 | shaikh farukh | shaikfarukh@gmail.com |      106 | 2024-09-25 |  300.00 |         5 |
|        5 | shaikh farukh | shaikfarukh@gmail.com |      107 | 2024-09-27 |  300.00 |         5 |
+----------+---------------+-----------------------+----------+------------+---------+-----------+
8 rows in set (0.00 sec)

inner join example

mysql> select name,amount from clint
    ->
    -> inner join
    -> _order
    -> on _order.client_id = clint.clint_id
    -> ;
+---------------+---------+
| name          | amount  |
+---------------+---------+
| far           |  200.00 |
| far           |  300.00 |
| ukh           |  300.00 |
| ukh           |  300.00 |
| shk           |  300.00 |
| shk           | 1000.00 |
| shaikh farukh |  300.00 |
| shaikh farukh |  300.00 |
+---------------+---------+
8 rows in set (0.00 sec)

mysql> select name,amount from clint
    -> inner join
    -> _order
    -> on _order.client_id = clint.clint_id
    -> group by name;

ERROR 1055 (42000): Expression #2 of SELECT list is not in GROUP BY clause and contains nonaggregated 
column 'practic._order.amount' which is not functionally dependent on columns in GROUP BY clause; 
this is incompatible with sql_mode=only_full_group_by

mysql> select name, sum(amount) from clint
    -> inner join
    -> _order
    -> on _order.client_id = clint.clint_id
    -> group by name;
+---------------+-------------+
| name          | sum(amount) |
+---------------+-------------+
| far           |      500.00 |
| ukh           |      600.00 |
| shk           |     1300.00 |
| shaikh farukh |      600.00 |
+---------------+-------------+
4 rows in set (0.07 sec)


------------------------------------------------------------------------------- left joint---------------------------------------------------------------------

return all rows from the left table and the matching rows from the right table


mysql> select * from clint
    -> left join _order
    -> on _order.client_id = clint.clint_id;
+----------+---------------+-----------------------+----------+------------+---------+-----------+
| clint_id | name          | email                 | order_id | date       | amount  | client_id |
+----------+---------------+-----------------------+----------+------------+---------+-----------+
|        1 | far           | far@gmail.com         |      101 | 2024-09-05 |  200.00 |         1 |
|        1 | far           | far@gmail.com         |      102 | 2024-09-09 |  300.00 |         1 |
|        2 | ukh           | ukh@gmail.com         |      103 | 2024-09-10 |  300.00 |         2 |
|        2 | ukh           | ukh@gmail.com         |      104 | 2024-09-25 |  300.00 |         2 |
|        3 | shk           | shk@gmail.com         |      105 | 2024-09-25 |  300.00 |         3 |
|        3 | shk           | shk@gmail.com         |      108 | 2024-09-28 | 1000.00 |         3 |
|        4 | shaikh        | shaikfar@gmail.com    |     NULL | NULL       |    NULL |      NULL |
|        5 | shaikh farukh | shaikfarukh@gmail.com |      106 | 2024-09-25 |  300.00 |         5 |
|        5 | shaikh farukh | shaikfarukh@gmail.com |      107 | 2024-09-27 |  300.00 |         5 |
+----------+---------------+-----------------------+----------+------------+---------+-----------+
9 rows in set (0.00 sec)

---------------------------------------------------------------------use of group by------------------------------------------------------------------------------

mysql> select name,sum(amount) from clint
    -> left join _order
    -> on _order.client_id = clint.clint_id
    -> group by name;
+---------------+-------------+
| name          | sum(amount) |
+---------------+-------------+
| far           |      500.00 |
| ukh           |      600.00 |
| shk           |     1300.00 |
| shaikh        |        NULL |
| shaikh farukh |      600.00 |
+---------------+-------------+
5 rows in set (0.06 sec)

mysql> select name,sum(amount) from clint
    -> left join _order^C
mysql> select name,IFNULL(sum(amount),0) from clint
    -> left join _order
    -> on _order.client_id = clint.clint_id
    -> group by name;
+---------------+-----------------------+
| name          | IFNULL(sum(amount),0) |
+---------------+-----------------------+
| far           |                500.00 |
| ukh           |                600.00 |
| shk           |               1300.00 |
| shaikh        |                  0.00 |
| shaikh farukh |                600.00 |
+---------------+-----------------------+
5 rows in set (0.00 sec)

mysql> select name,IFNULL(sum(amount),0) AS TOTAL from clint
    -> left join _order
    -> on _order.client_id = clint.clint_id
    -> group by name;
+---------------+---------+
| name          | TOTAL   |
+---------------+---------+
| far           |  500.00 |
| ukh           |  600.00 |
| shk           | 1300.00 |
| shaikh        |    0.00 |
| shaikh farukh |  600.00 |
+---------------+---------+
5 rows in set (0.00 sec)

------------------------------------------------------------------------------- RIGHT joint---------------------------------------------------------------------

mysql> select * from clint
    -> right join
    -> _order
    -> on _order.client_id = clint.clint_id;
+----------+---------------+-----------------------+----------+------------+---------+-----------+
| clint_id | name          | email                 | order_id | date       | amount  | client_id |
+----------+---------------+-----------------------+----------+------------+---------+-----------+
|        1 | far           | far@gmail.com         |      101 | 2024-09-05 |  200.00 |         1 |
|        1 | far           | far@gmail.com         |      102 | 2024-09-09 |  300.00 |         1 |
|        2 | ukh           | ukh@gmail.com         |      103 | 2024-09-10 |  300.00 |         2 |
|        2 | ukh           | ukh@gmail.com         |      104 | 2024-09-25 |  300.00 |         2 |
|        3 | shk           | shk@gmail.com         |      105 | 2024-09-25 |  300.00 |         3 |
|        5 | shaikh farukh | shaikfarukh@gmail.com |      106 | 2024-09-25 |  300.00 |         5 |
|        5 | shaikh farukh | shaikfarukh@gmail.com |      107 | 2024-09-27 |  300.00 |         5 |
|        3 | shk           | shk@gmail.com         |      108 | 2024-09-28 | 1000.00 |         3 |
+----------+---------------+-----------------------+----------+------------+---------+-----------+
8 rows in set (0.00 sec)

-------------------------------------------------------------------------------cascade on delete------------------------------------------------------------------------

mysql> delete from clint
    ->
    -> where name = 'far';
ERROR 1451 (23000): Cannot delete or update a parent row: a foreign key constraint fails (`practic`.`_order`, CONSTRAINT `_order_ibfk_1` 
FOREIGN KEY (`client_id`) REFERENCES `clint` (`clint_id`))



------------------cannot delete directly because of relationship of deleting coloum in other coloumn-----------------------------------------------


 select
    -> constraint_type, constraint_name
    -> from information_schema.table_constraints
    -> where table_name='_order';
+-----------------+-----------------+
| CONSTRAINT_TYPE | CONSTRAINT_NAME |
+-----------------+-----------------+
| PRIMARY KEY     | PRIMARY         |
| FOREIGN KEY     | _order_ibfk_1   |
+-----------------+-----------------+
2 rows in set (0.00 sec)

mysql> alter table _order
    -> drop  FOREIGN KEY _order_ibfk_1;
Query OK, 0 rows affected (0.45 sec)
Records: 0  Duplicates: 0  Warnings: 0

mysql>   select
    ->     constraint_type,constraint_name
    ->     from information_schema.table_constraints
    ->     where table_name = '_order';
+-----------------+-----------------+
| CONSTRAINT_TYPE | CONSTRAINT_NAME |
+-----------------+-----------------+
| PRIMARY KEY     | PRIMARY         |
+-----------------+-----------------+

mysql> alter table _order
    -> add foreign key (client_id)
    -> references clint(clint_id) on delete cascade;
Query OK, 8 rows affected (4.68 sec)
Records: 8  Duplicates: 0  Warnings: 0

mysql> delete from _order
    -> where order_id = 108;
Query OK, 1 row affected (0.45 sec)

-------------------------------------------------------------------------------exercise---------------------------------------------------------------------------------
mysql> create table author(
    -> author_id int primary key auto_increment,
    -> author_name varchar(50)
    -> );
Query OK, 0 rows affected (1.53 sec)

mysql> create table books (
    -> book_id int primary key auto_increment,
    -> title varchar(100) not null,
    -> rating int ,
    -> au_id int,
    -> foreign key (au_id) references author (author_id) on delete cascade);
Query OK, 0 rows affected (1.16 sec)


mysql> insert into author(author_name )
    -> values ('raju'),
    -> ('sonu'),
    -> ('monu'),
    -> ('enstine');
Query OK, 4 rows affected (0.19 sec)
Records: 4  Duplicates: 0  Warnings: 0

mysql> insert into books (title ,rating ,au_id )
    -> values('story of raju', 5 ,1),
    -> ('story of sonu',4,2),
    -> ('raju - the great',3,1),
    -> ('love story of sonu',4,4);
Query OK, 4 rows affected (0.19 sec)
Records: 4  Duplicates: 0  Warnings: 0

mysql> select * from book;
ERROR 1146 (42S02): Table 'practic.book' doesn't exist
mysql> select * from books;
+---------+--------------------+--------+-------+
| book_id | title              | rating | au_id |
+---------+--------------------+--------+-------+
|       1 | story of raju      |      5 |     1 |
|       2 | story of sonu      |      4 |     2 |
|       3 | raju - the great   |      3 |     1 |
|       4 | love story of sonu |      4 |     4 |
+---------+--------------------+--------+-------+
4 rows in set (0.00 sec)

mysql> select * from author;
+-----------+-------------+
| author_id | author_name |
+-----------+-------------+
|         1 | raju        |
|         2 | sonu        |
|         3 | monu        |
|         4 | enstine     |
+-----------+-------------+
4 rows in set (0.00 sec)

mysql> select author_name ,title,rating from books
    -> inner join
    -> author
    -> on books.au_id = author.author_id;
+-------------+--------------------+--------+
| author_name | title              | rating |
+-------------+--------------------+--------+
| raju        | story of raju      |      5 |
| sonu        | story of sonu      |      4 |
| raju        | raju - the great   |      3 |
| enstine     | love story of sonu |      4 |
+-------------+--------------------+--------+
4 rows in set (0.00 sec)

mysql> insert into author (author_name)
    -> values ('ramu');
Query OK, 1 row affected (0.14 sec)

mysql> select author_name ,title,rating from books
    -> inner join
    -> author
    -> on books.au_id = author.author_id;
+-------------+--------------------+--------+
| author_name | title              | rating |
+-------------+--------------------+--------+
| raju        | story of raju      |      5 |
| sonu        | story of sonu      |      4 |
| raju        | raju - the great   |      3 |
| enstine     | love story of sonu |      4 |
+-------------+--------------------+--------+
4 rows in set (0.00 sec)

mysql> select author_name ,title,rating from author
    -> left join
    -> books
    -> on books.au_id = author.author_id;
+-------------+--------------------+--------+
| author_name | title              | rating |
+-------------+--------------------+--------+
| raju        | story of raju      |      5 |
| raju        | raju - the great   |      3 |
| sonu        | story of sonu      |      4 |
| monu        | NULL               |   NULL |
| enstine     | love story of sonu |      4 |
| ramu        | NULL               |   NULL |
+-------------+--------------------+--------+
6 rows in set (0.00 sec)

mysql> select author_name ,IFNULL(title,'NOT FOUNT'),IFNULL(rating,0) from AUTHOR
    -> left join
    -> books
    -> on books.au_id = author.author_id;
+-------------+---------------------------+------------------+
| author_name | IFNULL(title,'NOT FOUNT') | IFNULL(rating,0) |
+-------------+---------------------------+------------------+
| raju        | story of raju             |                5 |
| raju        | raju - the great          |                3 |
| sonu        | story of sonu             |                4 |
| monu        | NOT FOUNT                 |                0 |
| enstine     | love story of sonu        |                4 |
| ramu        | NOT FOUNT                 |                0 |
+-------------+---------------------------+------------------+
6 rows in set (0.00 sec)

mysql> select author_name ,rating,
    -> case
    -> when ifnull(rating,0) >=4 then 'good'
    -> else 'avarage'
    -> end as remark
    -> from author
    -> inner join books
    -> on books.au_id = author.author_id;
+-------------+--------+---------+
| author_name | rating | remark  |
+-------------+--------+---------+
| raju        |      5 | good    |
| sonu        |      4 | good    |
| raju        |      3 | avarage |
| enstine     |      4 | good    |
+-------------+--------+---------+
4 rows in set (0.05 sec)

------------------------------------------------------------------------------many to many----------------------------------------------------------------------


mysql> create table student (
    -> id int primary key auto_increment,
    -> student_name varchar(50));
Query OK, 0 rows affected (2.25 sec)



mysql> create table courses (
    -> id int primary key auto_increment,
    -> course_name varchar(50),
    -> fees decimal(10,2)
    -> );
Query OK, 0 rows affected (0.80 sec)


mysql> create table student_course(
    -> student_id int,
    -> course_id int,
    -> foreign key (student_id) references student(id),
    -> foreign key (course_id) references courses(id));
Query OK, 0 rows affected (1.82 sec)

mysql> INSERT INTO student (student_name) VALUES
    -> ('John Doe'),
    -> ('Jane Smith'),
    -> ('Alice Johnson'),
    -> ('Bob Brown');
Query OK, 4 rows affected (0.20 sec)
Records: 4  Duplicates: 0  Warnings: 0

mysql> INSERT INTO courses (id, course_name, fees) VALUES
    -> (101, 'Mathematics', 4000.00),
    -> (102, 'Physics', 5000.00),
    -> (103, 'Chemistry', 6000.00),
    -> (104, 'Biology', 3500.00),
    -> (105, 'English Literature', 4500.00),
    -> (106, 'History', 6500.00);
Query OK, 6 rows affected (0.16 sec)
Records: 6  Duplicates: 0  Warnings: 0

mysql> select student_name,course_name from student
    -> inner join
    -> student_course
    -> on student_course.student_id = student.id
    -> inner join
    -> courses
    -> on  student_course.course_id = courses.id;
+---------------+--------------------+
| student_name  | course_name        |
+---------------+--------------------+
| John Doe      | Mathematics        |
| John Doe      | Biology            |
| Jane Smith    | Physics            |
| Jane Smith    | English Literature |
| Alice Johnson | Chemistry          |
| Alice Johnson | History            |
| Bob Brown     | Mathematics        |
+---------------+--------------------+
7 rows in set (0.00 sec)


mysql> select course_name, count(student_name) from student
    -> inner join
    -> student_course
    -> on student_course.student_id = student.id
    -> inner join
    -> courses
    -> on  student_course.course_id = courses.id
    -> group by course_name;
+--------------------+---------------------+
| course_name        | count(student_name) |
+--------------------+---------------------+
| Mathematics        |                   2 |
| Biology            |                   1 |
| Physics            |                   1 |
| English Literature |                   1 |
| Chemistry          |                   1 |
| History            |                   1 |
+--------------------+---------------------+
6 rows in set (0.31 sec)

mysql> select student_name, count(course_name) from student
    -> inner join
    -> student_course
    -> on student_course.student_id = student.id
    -> inner join
    -> courses
    -> on  student_course.course_id = courses.id
    -> group by student_name;
+---------------+--------------------+
| student_name  | count(course_name) |
+---------------+--------------------+
| John Doe      |                  2 |
| Jane Smith    |                  2 |
| Alice Johnson |                  2 |
| Bob Brown     |                  1 |
+---------------+--------------------+
4 rows in set (0.00 sec)

mysql> select student_name, sum(fees) from student
    -> inner join
    -> student_course
    -> on student_course.student_id = student.id
    -> inner join
    -> courses
    -> on  student_course.course_id = courses.id
    -> group by student_name;
+---------------+-----------+
| student_name  | sum(fees) |
+---------------+-----------+
| John Doe      |   7500.00 |
| Jane Smith    |   9500.00 |
| Alice Johnson |  12500.00 |
| Bob Brown     |   4000.00 |
+---------------+-----------+
4 rows in set (0.04 sec)

------------------------------------------------------------------------view---------------------------------------------------------------------------------

mysql> select student_name,course_name,fees from student
    -> inner join
    -> student_course
    -> on student_course.student_id = student.id
    -> inner join
    -> courses
    -> on student_course.course_id = courses.id;
+---------------+--------------------+---------+
| student_name  | course_name        | fees    |
+---------------+--------------------+---------+
| John Doe      | Mathematics        | 4000.00 |
| John Doe      | Biology            | 3500.00 |
| Jane Smith    | Physics            | 5000.00 |
| Jane Smith    | English Literature | 4500.00 |
| Alice Johnson | Chemistry          | 6000.00 |
| Alice Johnson | History            | 6500.00 |
| Bob Brown     | Mathematics        | 4000.00 |
+---------------+--------------------+---------+
7 rows in set (0.00 se


--------------------------------------------------------------view can be use for creating shortcut for long query
mysql> create view student_info as
    -> select student_name,course_name,fees from student
    -> inner join
    -> student_course
    -> on student_course.student_id = student.id
    -> inner join
    -> courses
    -> on student_course.course_id = courses.id; 
Query OK, 0 rows affected (0.28 sec)

mysql> select * from student_info;
+---------------+--------------------+---------+
| student_name  | course_name        | fees    |
+---------------+--------------------+---------+
| John Doe      | Mathematics        | 4000.00 |
| John Doe      | Biology            | 3500.00 |
| Jane Smith    | Physics            | 5000.00 |
| Jane Smith    | English Literature | 4500.00 |
| Alice Johnson | Chemistry          | 6000.00 |
| Alice Johnson | History            | 6500.00 |
| Bob Brown     | Mathematics        | 4000.00 |
+---------------+--------------------+---------+
7 rows in set (0.08 sec)

----------------------------------------------------------------------having clause--------------------------------------------------------------------------------

mysql> select student_name from student_info;
+---------------+
| student_name  |
+---------------+
| John Doe      |
| John Doe      |
| Jane Smith    |
| Jane Smith    |
| Alice Johnson |
| Alice Johnson |
| Bob Brown     |
+---------------+
7 rows in set (0.00 sec)

mysql> select student_name from student_info;
+---------------+
| student_name  |
+---------------+
| John Doe      |
| John Doe      |
| Jane Smith    |
| Jane Smith    |
| Alice Johnson |
| Alice Johnson |
| Bob Brown     |
+---------------+
7 rows in set (0.00 sec)

mysql> select student_name from student_info
    -> group by student_name;
+---------------+
| student_name  |
+---------------+
| John Doe      |
| Jane Smith    |
| Alice Johnson |
| Bob Brown     |
+---------------+
4 rows in set (0.00 sec)

mysql> select student_name,fees from student_info
    -> group by student_name;
ERROR 1055 (42000): Expression #2 of SELECT list is not in GROUP BY clause and contains nonaggregated column 'practic.student_info.fees' which is not functionally dependent on columns in GROUP BY clause; this is incompatible with sql_mode=only_full_group_by
mysql> select student_name,sum(fees) from student_info
    -> group by student_name;
+---------------+-----------+
| student_name  | sum(fees) |
+---------------+-----------+
| John Doe      |   7500.00 |
| Jane Smith    |   9500.00 |
| Alice Johnson |  12500.00 |
| Bob Brown     |   4000.00 |
+---------------+-----------+
4 rows in set (0.00 sec)

------------------------------------------------------------------------having clause

mysql> select student_name,sum(fees) from student_info
    -> group by student_name
    -> having sum(fees)>9000;
+---------------+-----------+
| student_name  | sum(fees) |
+---------------+-----------+
| Jane Smith    |   9500.00 |
| Alice Johnson |  12500.00 |
+---------------+-----------+
2 rows in set (0.10 sec)

---------------------------------------------------------------------------------with rollup-----------------------------------------------------------------------
add extra row at the end 

mysql> select student_name,sum(fees) from student_info
    -> group by student_name
    -> with rollup;
+---------------+-----------+
| student_name  | sum(fees) |
+---------------+-----------+
| Alice Johnson |  12500.00 |
| Bob Brown     |   4000.00 |
| Jane Smith    |   9500.00 |
| John Doe      |   7500.00 |
| NULL          |  33500.00 |
+---------------+-----------+
5 rows in set (0.19 sec)

mysql> select ifnull(student_name,"totall"),sum(fees) from student_info
    -> group by student_name
    -> with rollup;
+-------------------------------+-----------+
| ifnull(student_name,"totall") | sum(fees) |
+-------------------------------+-----------+
| Alice Johnson                 |  12500.00 |
| Bob Brown                     |   4000.00 |
| Jane Smith                    |   9500.00 |
| John Doe                      |   7500.00 |
| totall                        |  33500.00 |
+-------------------------------+-----------+
5 rows in set (0.04 sec)
-----------------------------------------------------------------stored routine--------------------------------------------------------------------------------

stored procedure
user define function

stored procedure :. these are the routines that contain a series of sql statement and procedura; logic
offen used for performing action like data modification ,transaction control, and executing sequences of stataement

------------------------------------------------------------------------------------creat procedure-------------------------------------------------------------

mysql> delimiter $$
mysql> create procedure p_name()
    -> begin
    -> select * from student_info
    -> ;
    -> end
    -> $$
Query OK, 0 rows affected (0.36 sec)

mysql> delimiter ;
mysql> call p_name;
+---------------+--------------------+---------+
| student_name  | course_name        | fees    |
+---------------+--------------------+---------+
| John Doe      | Mathematics        | 4000.00 |
| John Doe      | Biology            | 3500.00 |
| Jane Smith    | Physics            | 5000.00 |
| Jane Smith    | English Literature | 4500.00 |
| Alice Johnson | Chemistry          | 6000.00 |
| Alice Johnson | History            | 6500.00 |
| Bob Brown     | Mathematics        | 4000.00 |
+---------------+--------------------+---------+
7 rows in set (0.18 sec)

Query OK, 0 rows affected (0.24 sec)

----------------------------------------------------------------procedure with parameter (in) input------------------------------------------------------------------------

mysql> delimiter $$
mysql> create procedure get_stu_detail()
    -> begin
    -> select course_name, fees from student_info
    -> where student_name= "John Doe";
    -> end
    -> $$
Query OK, 0 rows affected (0.20 sec)

mysql> delimiter ;
mysql> call get_stu_detail();
+-------------+---------+
| course_name | fees    |
+-------------+---------+
| Mathematics | 4000.00 |
| Biology     | 3500.00 |
+-------------+---------+
2 rows in set (0.00 sec)

Query OK, 0 rows affected (0.01 sec)

---------------------------------------------------------------------------drop procedure if exists--------------------------------------------------------------------
mysql> drop procedure if exists get_stu_detail;
Query OK, 0 rows affected (0.53 sec)

mysql> delimiter $$
mysql> create procedure get_stu_detail(in stu_name varchar(50))
    -> begin
    -> select course_name, fees from student_info
    -> where student_name= stu_name;
    -> end
    -> $$
Query OK, 0 rows affected (0.19 sec)

mysql> call get_stu_detail("Bob Brown");
+-------------+---------+
| course_name | fees    |
+-------------+---------+
| Mathematics | 4000.00 |
+-------------+---------+
1 row in set (0.09 sec)

Query OK, 0 rows affected (0.13 sec)

----------------------------------------------------------------procedure with parameter (out) output------------------------------------------------------------------------

mysql> create procedure get_stu_fees(in stu_name varchar(50),out f_sum decimal(10, 2))
    -> begin
    -> select sum(fees) into f_sum from student_info
    -> where student_name= stu_name;
    -> end
    -> $$
Query OK, 0 rows affected (0.12 sec)

mysql> call get_stu_fees("Bob Brown");
ERROR 1318 (42000): Incorrect number of arguments for PROCEDURE practic.get_stu_fees; expected 2, got 1
mysql>

mysql> call get_stu_fees("Bob Brown",fsum);
ERROR 1054 (42S22): Unknown column 'fsum' in 'field list'
mysql> call get_stu_fees("Bob Brown",f_sum);
ERROR 1054 (42S22): Unknown column 'f_sum' in 'field list'
mysql> call get_stu_fees("Bob Brown",f_sum);
ERROR 1054 (42S22): Unknown column 'f_sum' in 'field list'
mysql> @set f_sum =0;
ERROR 1064 (42000): You have an error in your SQL syntax; check the manual that corresponds to your MySQL server version for the right syntax to use near '@set f_sum =0' at line 1
mysql> set @f_sum =0;
Query OK, 0 rows affected (0.08 sec)

mysql> call get_stu_fees("Bob Brown",@f_sum);
Query OK, 1 row affected (0.07 sec)

mysql> select @f_sum;
+---------+
| @f_sum  |
+---------+
| 4000.00 |
+---------+
1 row in set (0.00 sec)

mysql> call get_stu_fees(" Alice Johnson",@f_sum);
Query OK, 1 row affected (0.00 sec)

mysql> select @f_sum;
+--------+
| @f_sum |
+--------+
|   NULL |
+--------+
1 row in set (0.00 sec)

mysql> set @f_sum =0;
Query OK, 0 rows affected (0.00 sec)

mysql> call get_stu_fees("Alice Johnson",@f_sum);
Query OK, 1 row affected (0.00 sec)

mysql> select @f_sum;
+----------+
| @f_sum   |
+----------+
| 12500.00 |
+----------+
1 row in set (0.00 sec)

------------------------------------------------------------------------user define functiom----------------------------------------------------------------------

mysql> create function emp_name_max_salary() returns varchar(50)
    -> begin
    -> declare vmax int;
    -> declare v_emp_name varchar(50);
    -> select max(salary) into vmax from employee;
    -> select employee_name into v_emp_name from employee
    -> where salary = vmax;
    -> return v_emp_name;
    -> end
    -> $$
ERROR 1418 (HY000): This function has none of DETERMINISTIC, NO SQL, or READS SQL DATA in its declaration and binary logging is enabled (you *might* want to use the less safe log_bin_trust_function_creators variable)
mysql> delimiter $$
mysql> create function emp_name_max_salary() returns varchar(50)
    -> DETERMINISTIC NO SQL READS SQL DATA
    -> begin
    -> declare vmax int;
    -> declare v_emp_name varchar(50);
    -> select max(salary) into vmax from employee;
    -> select employee_name into v_emp_name from employee
    -> where salary = vmax;
    -> return v_emp_name;
    -> end
    -> $$
Query OK, 0 rows affected (0.55 sec)

mysql> delimiter ;
mysql> select emp_name_max_salary();
+-----------------------+
| emp_name_max_salary() |
+-----------------------+
| Jane Smith            |
+-----------------------+
1 row in set (0.27 sec)

mysql>

----------------------------------------------------------------------------windo function--------------------------------------------------------------------------

mysql> select sum(salary) from employee;
+-------------+
| sum(salary) |
+-------------+
|   570000.00 |
+-------------+
1 row in set (0.05 sec)

mysql> select sum(salary) over() as sum_salary
    -> from employee;
+------------+
| sum_salary |
+------------+
|  570000.00 |
|  570000.00 |
|  570000.00 |
|  570000.00 |
|  570000.00 |
|  570000.00 |
|  570000.00 |
|  570000.00 |
|  570000.00 |
|  570000.00 |
+------------+
10 rows in set (0.10 sec)

mysql> select employee_id employee_name  sum(salary) over() as sum_salary
    -> from employee;
ERROR 1064 (42000): You have an error in your SQL syntax; check the manual that corresponds to your MySQL server version for the right syntax to use near 'sum(salary) over() as sum_salary
from employee' at line 1
mysql> select employee_id, employee_name,  sum(salary) over() as sum_salary
    -> from employee;
+-------------+----------------+------------+
| employee_id | employee_name  | sum_salary |
+-------------+----------------+------------+
|           1 | John Doe       |  570000.00 |
|           2 | Jane Smith     |  570000.00 |
|           3 | Bob Johnson    |  570000.00 |
|           4 | Alice Brown    |  570000.00 |
|           5 | Charlie Wilson |  570000.00 |
|           6 | shk            |  570000.00 |
|           7 | far            |  570000.00 |
|           8 | farukh         |  570000.00 |
|           9 | farukh         |  570000.00 |
|          10 | farukh shaikh  |  570000.00 |
+-------------+----------------+------------+
10 rows in set (0.00 sec)

mysql> select employee_id, employee_name,  sum(salary) as sum_salary
    -> from employee;
ERROR 1140 (42000): In aggregated query without GROUP BY, expression #1 of SELECT list contains nonaggregated column 'practic.employee.employee_id'; this is incompatible with sql_mode=only_full_group_by
mysql> select employee_id, employee_name,  sum(salary) over() as sum_salary
    -> from employee;
+-------------+----------------+------------+
| employee_id | employee_name  | sum_salary |
+-------------+----------------+------------+
|           1 | John Doe       |  570000.00 |
|           2 | Jane Smith     |  570000.00 |
|           3 | Bob Johnson    |  570000.00 |
|           4 | Alice Brown    |  570000.00 |
|           5 | Charlie Wilson |  570000.00 |
|           6 | shk            |  570000.00 |
|           7 | far            |  570000.00 |
|           8 | farukh         |  570000.00 |
|           9 | farukh         |  570000.00 |
|          10 | farukh shaikh  |  570000.00 |
+-------------+----------------+------------+
10 rows in set (0.00 sec)


mysql> select employee_id, employee_name,  sum(salary) over(order by employee_id) as sum_salary
    -> from employee;
+-------------+----------------+------------+
| employee_id | employee_name  | sum_salary |
+-------------+----------------+------------+
|           1 | John Doe       |   75000.00 |
|           2 | Jane Smith     |  160000.00 |
|           3 | Bob Johnson    |  225000.00 |
|           4 | Alice Brown    |  295000.00 |
|           5 | Charlie Wilson |  355000.00 |
|           6 | shk            |  405000.00 |
|           7 | far            |  430000.00 |
|           8 | farukh         |  480000.00 |
|           9 | farukh         |  530000.00 |
|          10 | farukh shaikh  |  570000.00 |
+-------------+----------------+------------+
10 rows in set (0.06 sec)

mysql> select employee_id, employee_name,  sum(salary) over(partition by department) as sum_salary
    -> from employee;
+-------------+----------------+------------+
| employee_id | employee_name  | sum_salary |
+-------------+----------------+------------+
|           3 | Bob Johnson    |  105000.00 |
|          10 | farukh shaikh  |  105000.00 |
|           2 | Jane Smith     |   85000.00 |
|           1 | John Doe       |  175000.00 |
|           6 | shk            |  175000.00 |
|           8 | farukh         |  175000.00 |
|           4 | Alice Brown    |   95000.00 |
|           7 | far            |   95000.00 |
|           5 | Charlie Wilson |  110000.00 |
|           9 | farukh         |  110000.00 |
+-------------+----------------+------------+
10 rows in set (0.00 sec)

mysql> select employee_id, employee_name, department, sum(salary) over(partition by department) as sum_salary
    -> from employee;
+-------------+----------------+------------+------------+
| employee_id | employee_name  | department | sum_salary |
+-------------+----------------+------------+------------+
|           3 | Bob Johnson    | Finance    |  105000.00 |
|          10 | farukh shaikh  | Finance    |  105000.00 |
|           2 | Jane Smith     | HR         |   85000.00 |
|           1 | John Doe       | IT         |  175000.00 |
|           6 | shk            | IT         |  175000.00 |
|           8 | farukh         | IT         |  175000.00 |
|           4 | Alice Brown    | Marketing  |   95000.00 |
|           7 | far            | Marketing  |   95000.00 |
|           5 | Charlie Wilson | Sales      |  110000.00 |
|           9 | farukh         | sales      |  110000.00 |
+-------------+----------------+------------+------------+
10 rows in set (0.07 sec)


mysql> select row_number() over() as row_no, employee_name, department,salary
    -> from employee;
+--------+----------------+------------+----------+
| row_no | employee_name  | department | salary   |
+--------+----------------+------------+----------+
|      1 | John Doe       | IT         | 75000.00 |
|      2 | Jane Smith     | HR         | 85000.00 |
|      3 | Bob Johnson    | Finance    | 65000.00 |
|      4 | Alice Brown    | Marketing  | 70000.00 |
|      5 | Charlie Wilson | Sales      | 60000.00 |
|      6 | shk            | IT         | 50000.00 |
|      7 | far            | Marketing  | 25000.00 |
|      8 | farukh         | IT         | 50000.00 |
|      9 | farukh         | sales      | 50000.00 |
|     10 | farukh shaikh  | Finance    | 40000.00 |
+--------+----------------+------------+----------+
10 rows in set (0.05 sec)
-------------------------------------------------------------------------------------------row_number()------------------------------------------------------------\

mysql> select row_number() over(order by salary) as row_no, employee_name, department,salary
    -> from employee;
+--------+----------------+------------+----------+
| row_no | employee_name  | department | salary   |
+--------+----------------+------------+----------+
|      1 | far            | Marketing  | 25000.00 |
|      2 | farukh shaikh  | Finance    | 40000.00 |
|      3 | shk            | IT         | 50000.00 |
|      4 | farukh         | IT         | 50000.00 |
|      5 | farukh         | sales      | 50000.00 |
|      6 | Charlie Wilson | Sales      | 60000.00 |
|      7 | Bob Johnson    | Finance    | 65000.00 |
|      8 | Alice Brown    | Marketing  | 70000.00 |
|      9 | John Doe       | IT         | 75000.00 |
|     10 | Jane Smith     | HR         | 85000.00 |
+--------+----------------+------------+----------+
10 rows in set (0.00 sec)

------------------------------------------------------------------------------------------------------------------------------------------------------------------------
mysql> select row_number() over(partition by department) as row_no, employee_name, department,salary
    -> from employee;
+--------+----------------+------------+----------+
| row_no | employee_name  | department | salary   |
+--------+----------------+------------+----------+
|      1 | Bob Johnson    | Finance    | 65000.00 |
|      2 | farukh shaikh  | Finance    | 40000.00 |
|      1 | Jane Smith     | HR         | 85000.00 |
|      1 | John Doe       | IT         | 75000.00 |
|      2 | shk            | IT         | 50000.00 |
|      3 | farukh         | IT         | 50000.00 |
|      1 | Alice Brown    | Marketing  | 70000.00 |
|      2 | far            | Marketing  | 25000.00 |
|      1 | Charlie Wilson | Sales      | 60000.00 |
|      2 | farukh         | sales      | 50000.00 |
+--------+----------------+------------+----------+
10 rows in set (0.00 sec)


mysql> select rank() over() as ranking, employee_name, department,salary
    -> from employee;
+---------+----------------+------------+----------+
| ranking | employee_name  | department | salary   |
+---------+----------------+------------+----------+
|       1 | John Doe       | IT         | 75000.00 |
|       1 | Jane Smith     | HR         | 85000.00 |
|       1 | Bob Johnson    | Finance    | 65000.00 |
|       1 | Alice Brown    | Marketing  | 70000.00 |
|       1 | Charlie Wilson | Sales      | 60000.00 |
|       1 | shk            | IT         | 50000.00 |
|       1 | far            | Marketing  | 25000.00 |
|       1 | farukh         | IT         | 50000.00 |
|       1 | farukh         | sales      | 50000.00 |
|       1 | farukh shaikh  | Finance    | 40000.00 |
+---------+----------------+------------+----------+
10 rows in set (0.05 sec)
mysql> select rank() over(order by salary) as ranking, employee_name, department,salary
    -> from employee;
+---------+----------------+------------+----------+
| ranking | employee_name  | department | salary   |
+---------+----------------+------------+----------+
|       1 | far            | Marketing  | 25000.00 |
|       2 | farukh shaikh  | Finance    | 40000.00 |
|       3 | shk            | IT         | 50000.00 |
|       3 | farukh         | IT         | 50000.00 |
|       3 | farukh         | sales      | 50000.00 |
|       6 | Charlie Wilson | Sales      | 60000.00 |
|       7 | Bob Johnson    | Finance    | 65000.00 |
|       8 | Alice Brown    | Marketing  | 70000.00 |
|       9 | John Doe       | IT         | 75000.00 |
|      10 | Jane Smith     | HR         | 85000.00 |
+---------+----------------+------------+----------+
10 rows in set (0.05 sec)

mysql> select dense_rank() over(order by salary) as ranking, employee_name, department,salary
    -> from employee;
+---------+----------------+------------+----------+
| ranking | employee_name  | department | salary   |
+---------+----------------+------------+----------+
|       1 | far            | Marketing  | 25000.00 |
|       2 | farukh shaikh  | Finance    | 40000.00 |
|       3 | shk            | IT         | 50000.00 |
|       3 | farukh         | IT         | 50000.00 |
|       3 | farukh         | sales      | 50000.00 |
|       4 | Charlie Wilson | Sales      | 60000.00 |
|       5 | Bob Johnson    | Finance    | 65000.00 |
|       6 | Alice Brown    | Marketing  | 70000.00 |
|       7 | John Doe       | IT         | 75000.00 |
|       8 | Jane Smith     | HR         | 85000.00 |
+---------+----------------+------------+----------+
10 rows in set (0.00 sec)


mysql> select lag(salary) over() as ranking, employee_name, department,salary
    -> from employee;
+----------+----------------+------------+----------+
| ranking  | employee_name  | department | salary   |
+----------+----------------+------------+----------+
|     NULL | John Doe       | IT         | 75000.00 |
| 75000.00 | Jane Smith     | HR         | 85000.00 |
| 85000.00 | Bob Johnson    | Finance    | 65000.00 |
| 65000.00 | Alice Brown    | Marketing  | 70000.00 |
| 70000.00 | Charlie Wilson | Sales      | 60000.00 |
| 60000.00 | shk            | IT         | 50000.00 |
| 50000.00 | far            | Marketing  | 25000.00 |
| 25000.00 | farukh         | IT         | 50000.00 |
| 50000.00 | farukh         | sales      | 50000.00 |
| 50000.00 | farukh shaikh  | Finance    | 40000.00 |
+----------+----------------+------------+----------+
10 rows in set (0.07 sec)

mysql> select lead(salary) over() as ranking, employee_name, department,salary
    -> from employee;
+----------+----------------+------------+----------+
| ranking  | employee_name  | department | salary   |
+----------+----------------+------------+----------+
| 85000.00 | John Doe       | IT         | 75000.00 |
| 65000.00 | Jane Smith     | HR         | 85000.00 |
| 70000.00 | Bob Johnson    | Finance    | 65000.00 |
| 60000.00 | Alice Brown    | Marketing  | 70000.00 |
| 50000.00 | Charlie Wilson | Sales      | 60000.00 |
| 25000.00 | shk            | IT         | 50000.00 |
| 50000.00 | far            | Marketing  | 25000.00 |
| 50000.00 | farukh         | IT         | 50000.00 |
| 40000.00 | farukh         | sales      | 50000.00 |
|     NULL | farukh shaikh  | Finance    | 40000.00 |
+----------+----------------+------------+----------+
10 rows in set (0.00 sec)

mysql> select salary - lag(salary) over() as ranking, employee_name, department,salary
    -> from employee;
+-----------+----------------+------------+----------+
| ranking   | employee_name  | department | salary   |
+-----------+----------------+------------+----------+
|      NULL | John Doe       | IT         | 75000.00 |
|  10000.00 | Jane Smith     | HR         | 85000.00 |
| -20000.00 | Bob Johnson    | Finance    | 65000.00 |
|   5000.00 | Alice Brown    | Marketing  | 70000.00 |
| -10000.00 | Charlie Wilson | Sales      | 60000.00 |
| -10000.00 | shk            | IT         | 50000.00 |
| -25000.00 | far            | Marketing  | 25000.00 |
|  25000.00 | farukh         | IT         | 50000.00 |
|      0.00 | farukh         | sales      | 50000.00 |
| -10000.00 | farukh shaikh  | Finance    | 40000.00 |
+-----------+----------------+------------+----------+
10 rows in set (0.09 sec)













































=======
--------------------------------show databases------------------
mysql> show databases;
+--------------------+
| Database           |
+--------------------+
| company            |
| information_schema |
| mysql              |
| performance_schema |
| practic            |
| school             |
| sys                |
+--------------------+
7 rows in set (0.00 sec)
--------------------------------use databases------------------

mysql> use practic;
Database changed
--------------------------------show tables------------------
mysql> show tables;
+-------------------+
| Tables_in_practic |
+-------------------+
| customer          |
| employee          |
| view_table        |
+-------------------+
3 rows in set (0.06 sec)

--------------------------------desc customer------------------

mysql> desc customer;
+-------+--------------+------+-----+---------+-------+
| Field | Type         | Null | Key | Default | Extra |
+-------+--------------+------+-----+---------+-------+
| id    | int          | YES  |     | NULL    |       |
| name  | varchar(100) | YES  |     | NULL    |       |
+-------+--------------+------+-----+---------+-------+
2 rows in set (0.00 sec)

--------------------------------drop table customer------------------

mysql> drop table customer;
Query OK, 0 rows affected (1.32 sec)

mysql> show tables;
+-------------------+
| Tables_in_practic |
+-------------------+
| employee          |
| view_table        |
+-------------------+
2 rows in set (0.00 sec)
--------------------------------create table customer and coloum or headding and its values------------------


mysql> create table customer(
    -> id int,
    -> name varchar(100)
    -> );
Query OK, 0 rows affected (1.09 sec)
mysql> show tables;
+-------------------+
| Tables_in_practic |
+-------------------+
| customer          |
| employee          |
| view_table        |
+-------------------+
3 rows in set (0.01 sec)

mysql> desc customer;
+-------+--------------+------+-----+---------+-------+
| Field | Type         | Null | Key | Default | Extra |
+-------+--------------+------+-----+---------+-------+
| id    | int          | YES  |     | NULL    |       |
| name  | varchar(100) | YES  |     | NULL    |       |
+-------+--------------+------+-----+---------+-------+
2 rows in set (0.06 sec)
mysql> inert into(id int,name varchar(100),)
    -> c
    -> ^C   ------------ { control + c to escape quary}-----------------

--------------------------------insert into table 1 coloum name and values------------------

mysql> insert into customer (id,name)
    -> values(1,"far");
Query OK, 1 row affected (0.41 sec)

--------------------------------insert into table 2 all coloum ,without name and only values------------------

mysql> insert into customer
    -> values(2,"ukh");
Query OK, 1 row affected (0.24 sec)

--------------------------------insert into table 3 multiple values------------------


mysql> insert into customer(id,name)
    -> values(3,"raju"),
    -> (4,"syam");
Query OK, 2 rows affected (0.23 sec)
Records: 2  Duplicates: 0  Warnings: 0
mysql> select * from customer;
+------+------+
| id   | name |
+------+------+
|    1 | far  |
|    2 | ukh  |
|    3 | raju |
|    4 | syam |
+------+------+
4 rows in set (0.00 sec)

--------------------------------select only name coloum from customer------------------


mysql> select name from customer;
+------+
| name |
+------+
| far  |
| ukh  |
| raju |
| syam |
+------+
4 rows in set (0.00 sec)
-------------------------------select*from customer -> where id = 3; select only id =3------------------

mysql> select*from customer
    -> where id = 3;
+------+------+
| id   | name |
+------+------+
|    3 | raju |
+------+------+
1 row in set (0.00 

-------------------------------update row or data from table ----------------

mysql> update customer
    -> set name= 'raju bhai'
    -> where id =3;
Query OK, 1 row affected (0.18 sec)
Rows matched: 1  Changed: 1  Warnings: 0

mysql> select *from customer;
+------+-----------+
| id   | name      |
+------+-----------+
|    1 | far       |
|    2 | ukh       |
|    3 | raju bhai |
|    4 | syam      |
+------+-----------+
-------------------------------delete data from table ----------------


mysql> delete from customer
    -> where id = 2;
Query OK, 1 row affected (0.19 sec)

mysql> select * from customer;
+------+-----------+
| id   | name      |
+------+-----------+
|    1 | far       |
|    3 | raju bhai |
|    4 | syam      |
+------+-----------+
3 rows in set (0.00 sec)

mysql> select * from customer;
+------+-----------+
| id   | name      |
+------+-----------+
|    1 | far       |
|    3 | raju bhai |
|    4 | syam      |
+------+-----------+
3 rows in set (0.00 sec)

-------------------------------delete table customer ----------------

mysql> drop  table customer;
Query OK, 0 rows affected (0.49 sec)

mysql> show tables;
+-------------------+
| Tables_in_practic |
+-------------------+
| employee          |
| view_table        |
+-------------------+
2 rows in set (0.01 sec)

-------------------------------null yes, default value null----------------


mysql> desc customer;
+-------+--------------+------+-----+---------+-------+
| Field | Type         | Null | Key | Default | Extra |
+-------+--------------+------+-----+---------+-------+
| id    | int          | YES  |     | NULL    |       |
| name  | varchar(100) | YES  |     | NULL    |       |
+-------+--------------+------+-----+---------+-------+
2 rows in set (0.01 sec)


mysql> update customer
    -> set id = 1 ,
    -> name= "far"
    -> where id =5;
Query OK, 1 row affected (0.15 sec)
Rows matched: 1  Changed: 1  Warnings: 

-------------------------------insert null ----------------

mysql> insert into customer
    -> values(2,"ukh");
Query OK, 1 row affected (0.15 sec)

mysql> insert into customer
    -> values(3,"");
Query OK, 1 row affected (0.12 sec)

mysql> select * from customer;
+------+------+
| id   | NAME |
+------+------+
|    1 | far  |
|    2 | ukh  |
|    3 |      |
+------+------+
3 rows in set (0.00 sec)

--------------primary key, auto_increment,not null,default 8 default 'string' -------

* primary key constrain uniquely identify each record in table
* primary key must contain unique value and cannot contain null values
* a table can have only one primary key and in the table this primary key 
  can consist of single or multiple column



mysql> create table customer1(id int primary key auto_increment ,
name varchar(100) not null,
 class int default 8);
Query OK, 0 rows affected (3.06 sec)

mysql> desc customer1;
+-------+--------------+------+-----+---------+----------------+
| Field | Type         | Null | Key | Default | Extra          |
+-------+--------------+------+-----+---------+----------------+
| id    | int          | NO   | PRI | NULL    | auto_increment |
| name  | varchar(100) | NO   |     | NULL    |                |
| class | int          | YES  |     | 8       |                |
+-------+--------------+------+-----+---------+----------------+
3 rows in set (0.17 sec)

------------------------- id-auto increment , class default , name not null------------

mysql> insert into customer1(name)
    -> values("raju"),("sayam");
Query OK, 2 rows affected (0.41 sec)
Records: 2  Duplicates: 0  Warnings: 0

mysql> select * from customer1;
+----+-------+-------+
| id | name  | class |
+----+-------+-------+
|  1 | raju  |     8 |
|  2 | sayam |     8 |
+----+-------+-------+
2 rows in set (0.00 sec)

------------------------------------------ given id name and class-----------------

mysql> insert into customer1(id,name,class)
    -> values(10,"jone",10);
Query OK, 1 row affected (0.13 sec)

mysql> select * from customer1;
+----+-------+-------+
| id | name  | class |
+----+-------+-------+
|  1 | raju  |     8 |
|  2 | sayam |     8 |
| 10 | jone  |    10 |
+----+-------+-------+
3 rows in set (0.00 sec)

------------------------------------primery key increass after givin value-------------

mysql> insert into customer1(name)
    -> values("far");
Query OK, 1 row affected (0.23 sec)

mysql> select* from customer1;
+----+-------+-------+
| id | name  | class |
+----+-------+-------+
|  1 | raju  |     8 | 
|  2 | sayam |     8 |
| 10 | jone  |    10 |
| 11 | far   |     8 |
+----+-------+-------+
4 rows in set (0.00 sec)

------------------------------use of alias to desc coloum name---------------------------

mysql> select *from customer;
+------+------+
| id   | name |
+------+------+
|    1 | far  |
|    2 | ukh  |
|    3 | raju |
|    4 | syam |
+------+------+
4 rows in set (0.00 sec)

-----------------------------alias ---------------------------

mysql> select id as 'customer id', name as 'customer name' from customer;
+-------------+---------------+
| customer id | customer name |
+-------------+---------------+
|           1 | far           |
|           2 | ukh           |
|           3 | raju          |
|           4 | syam          |
+-------------+---------------+
4 rows in set (0.00 sec)

-------------------------------------FUNCTION---------------------------

-----------------------------concat() ---------------------------


mysql> select concat('hey','buddy');
+-----------------------+
| concat('hey','buddy') |
+-----------------------+
| heybuddy              |
+-----------------------+
1 row in set (0.13 sec)

mysql> select concat('hey',' buddy');
+------------------------+
| concat('hey',' buddy') |
+------------------------+
| hey buddy              |
+------------------------+
1 row in set (0.00 sec)

mysql> select concat('hey',' ','buddy');
+---------------------------+
| concat('hey',' ','buddy') |
+---------------------------+
| hey buddy                 |
+---------------------------+
1 row in set (0.00 sec)

mysql> select * from employee;
+-------------+----------------+------------+----------------------+------------+----------+
| employee_id | employee_name  | department | position             | hire_date  | salary   |
+-------------+----------------+------------+----------------------+------------+----------+
|           1 | John Doe       | IT         | Software Developer   | 2024-01-23 | 75000.00 |
|           2 | Jane Smith     | HR         | HR Manager           | 2023-12-15 | 85000.00 |
|           3 | Bob Johnson    | Finance    | Accountant           | 2024-02-10 | 65000.00 |
|           4 | Alice Brown    | Marketing  | Marketing Specialist | 2024-03-05 | 70000.00 |
|           5 | Charlie Wilson | Sales      | Sales Representative | 2023-11-20 | 60000.00 |
+-------------+----------------+------------+----------------------+------------+----------+
5 rows in set (0.00 sec)

mysql> select employee_id, concat(employee_name, ' ',position) as employee_detail
    -> from employee;
+-------------+-------------------------------------+
| employee_id | employee_detail                     |
+-------------+-------------------------------------+
|           1 | John Doe Software Developer         |
|           2 | Jane Smith HR Manager               |
|           3 | Bob Johnson Accountant              |
|           4 | Alice Brown Marketing Specialist    |
|           5 | Charlie Wilson Sales Representative |
+-------------+-------------------------------------+
5 rows in set (0.00 sec)

-----------------------------concat_ws with seperater ---------------------------


mysql> select concat_ws('-',employee_name,position,salary)
    -> from employee;
+----------------------------------------------+
| concat_ws('-',employee_name,position,salary) |
+----------------------------------------------+
| John Doe-Software Developer-75000.00         |
| Jane Smith-HR Manager-85000.00               |
| Bob Johnson-Accountant-65000.00              |
| Alice Brown-Marketing Specialist-70000.00    |
| Charlie Wilson-Sales Representative-60000.00 |
+----------------------------------------------+
5 rows in set (0.00 sec)

-----------------------------sub string() ---------------------------


mysql> select substring('hey buddy',5,9);
+----------------------------+
| substring('hey buddy',5,9) |
+----------------------------+
| buddy                      |
+----------------------------+
1 row in set (0.05 sec)

mysql> select substring('hay buddy,whatupp raju',-4);
+----------------------------------------+
| substring('hay buddy,whatupp raju',-4) |
+----------------------------------------+
| raju                                   |
+----------------------------------------+
1 row in set (0.03 sec)

-----------------------------replace() ---------------------------

mysql> select employee_name,  replace(salary,'000','k')
    -> from employee;
+----------------+---------------------------+
| employee_name  | replace(salary,'000','k') |
+----------------+---------------------------+
| John Doe       | 75k.00                    |
| Jane Smith     | 85k.00                    |
| Bob Johnson    | 65k.00                    |
| Alice Brown    | 7k0.00                    |
| Charlie Wilson | 6k0.00                    |
+----------------+---------------------------+
5 rows in set (0.00 sec)

-----------------------------replace mix---------------------------


mysql> select employee_name,  replace(salary,substring(salary,3),'k')
    -> from employee;
+----------------+-----------------------------------------+
| employee_name  | replace(salary,substring(salary,3),'k') |
+----------------+-----------------------------------------+
| John Doe       | 75k                                     |
| Jane Smith     | 85k                                     |
| Bob Johnson    | 65k                                     |
| Alice Brown    | 70k                                     |
| Charlie Wilson | 60k                                     |
+----------------+-----------------------------------------+
5 rows in set (0.00 sec)

mysql> select employee_name,  replace(salary,substring(salary,3),'k') as 'salary in thousand'
    -> from employee;
+----------------+--------------------+
| employee_name  | salary in thousand |
+----------------+--------------------+
| John Doe       | 75k                |
| Jane Smith     | 85k                |
| Bob Johnson    | 65k                |
| Alice Brown    | 70k                |
| Charlie Wilson | 60k                |
+----------------+--------------------+
5 rows in set (0.00 sec)
-----------------------------reverse---------------------------

mysql> select employee_name,  reverse(employee_name) as revers_employee_name
    -> from employee;
+----------------+----------------------+
| employee_name  | revers_employee_name |
+----------------+----------------------+
| John Doe       | eoD nhoJ             |
| Jane Smith     | htimS enaJ           |
| Bob Johnson    | nosnhoJ boB          |
| Alice Brown    | nworB ecilA          |
| Charlie Wilson | nosliW eilrahC       |
+----------------+----------------------+
5 rows in set (0.04 sec)

-----------------------------upper or ucase---------------------------

mysql> select employee_id, upper(employee_name),salary,ucase(position)
    -> from employee;
+-------------+----------------------+----------+----------------------+
| employee_id | upper(employee_name) | salary   | ucase(position)      |
+-------------+----------------------+----------+----------------------+
|           1 | JOHN DOE             | 75000.00 | SOFTWARE DEVELOPER   |
|           2 | JANE SMITH           | 85000.00 | HR MANAGER           |
|           3 | BOB JOHNSON          | 65000.00 | ACCOUNTANT           |
|           4 | ALICE BROWN          | 70000.00 | MARKETING SPECIALIST |
|           5 | CHARLIE WILSON       | 60000.00 | SALES REPRESENTATIVE |
+-------------+----------------------+----------+----------------------+
5 rows in set (0.05 sec)
-----------------------------lower or lcase---------------------------

mysql> select employee_id, lower(employee_name),salary,lcase(position)
    -> from employee;
+-------------+----------------------+----------+----------------------+
| employee_id | lower(employee_name) | salary   | lcase(position)      |
+-------------+----------------------+----------+----------------------+
|           1 | john doe             | 75000.00 | software developer   |
|           2 | jane smith           | 85000.00 | hr manager           |
|           3 | bob johnson          | 65000.00 | accountant           |
|           4 | alice brown          | 70000.00 | marketing specialist |
|           5 | charlie wilson       | 60000.00 | sales representative |
+-------------+----------------------+----------+----------------------+
5 rows in set (0.00 sec)

-----------------------------------string length-------------------------

mysql> select employee_id , char_length(position) from employee;
+-------------+-----------------------+
| employee_id | char_length(position) |
+-------------+-----------------------+
|           1 |                    18 |
|           2 |                    10 |
|           3 |                    10 |
|           4 |                    20 |
|           5 |                    20 |
+-------------+-----------------------+
5 rows in set (0.01 sec)
---------------------------------------add new column-------------------

mysql> alter table employee
    -> add column city varchar(100) not null;
Query OK, 0 rows affected (5.45 sec)
Records: 0  Duplicates: 0  Warnings: 0

mysql> desc employee;
+---------------+---------------+------+-----+---------+-------+
| Field         | Type          | Null | Key | Default | Extra |
+---------------+---------------+------+-----+---------+-------+
| employee_id   | int           | NO   | PRI | NULL    |       |
| employee_name | varchar(255)  | YES  |     | NULL    |       |
| department    | varchar(100)  | YES  |     | NULL    |       |
| position      | varchar(100)  | YES  |     | NULL    |       |
| hire_date     | date          | YES  |     | NULL    |       |
| salary        | decimal(10,2) | YES  |     | NULL    |       |
| city          | varchar(100)  | NO   |     | NULL    |       |
+---------------+---------------+------+-----+---------+-------+
7 rows in set (0.01 sec)

mysql> select * from employee;
+-------------+----------------+------------+----------------------+------------+----------+------+
| employee_id | employee_name  | department | position             | hire_date  | salary   | city |
+-------------+----------------+------------+----------------------+------------+----------+------+
|           1 | John Doe       | IT         | Software Developer   | 2024-01-23 | 75000.00 |      |
|           2 | Jane Smith     | HR         | HR Manager           | 2023-12-15 | 85000.00 |      |
|           3 | Bob Johnson    | Finance    | Accountant           | 2024-02-10 | 65000.00 |      |
|           4 | Alice Brown    | Marketing  | Marketing Specialist | 2024-03-05 | 70000.00 |      |
|           5 | Charlie Wilson | Sales      | Sales Representative | 2023-11-20 | 60000.00 |      |
+-------------+----------------+------------+----------------------+------------+----------+------+
5 rows in set (0.00 sec)

---------------------------------------------update column--------------

mysql> update employee
    -> set city = 'surat'
    -> where employee_id< 3;
Query OK, 2 rows affected (0.17 sec)
Rows matched: 2  Changed: 2  Warnings: 0

mysql> update employee
    -> set city = 'mumbai'
    -> where employee_id >2 and employee_id <5;
Query OK, 2 rows affected (0.17 sec)
Rows matched: 2  Changed: 2  Warnings: 0

mysql> update employe
    -> set city = 'kasmir'
    -> where employee_id = 5;
ERROR 1146 (42S02): Table 'practic.employe' doesn't exist
mysql> update employee
    -> set city = 'kasmir'
    -> where employee_id = 5;
Query OK, 1 row affected (0.11 sec)
Rows matched: 1  Changed: 1  Warnings: 0

mysql> select * from employee;
+-------------+----------------+------------+----------------------+------------+----------+--------+
| employee_id | employee_name  | department | position             | hire_date  | salary   | city   |
+-------------+----------------+------------+----------------------+------------+----------+--------+
|           1 | John Doe       | IT         | Software Developer   | 2024-01-23 | 75000.00 | surat  |
|           2 | Jane Smith     | HR         | HR Manager           | 2023-12-15 | 85000.00 | surat  |
|           3 | Bob Johnson    | Finance    | Accountant           | 2024-02-10 | 65000.00 | mumbai |
|           4 | Alice Brown    | Marketing  | Marketing Specialist | 2024-03-05 | 70000.00 | mumbai |
|           5 | Charlie Wilson | Sales      | Sales Representative | 2023-11-20 | 60000.00 | kasmir |
+-------------+----------------+------------+----------------------+------------+----------+--------+
5 rows in set (0.00 sec)

------------------------------------use of distinct--------------------
mysql> select distinct city
    -> from employee;
+--------+
| city   |
+--------+
| surat  |
| mumbai |
| kasmir |
+--------+
3 rows in set (0.08 sec) 

mysql> insert into employee
    -> values('6','shk','it','devloper','2022-11-20','50000','puna');
Query OK, 1 row affected (0.33 sec)
mysql> select * from employee;
+-------------+----------------+------------+----------------------+------------+----------+--------+
| employee_id | employee_name  | department | position             | hire_date  | salary   | city   |
+-------------+----------------+------------+----------------------+------------+----------+--------+
|           1 | John Doe       | IT         | Software Developer   | 2024-01-23 | 75000.00 | surat  |
|           2 | Jane Smith     | HR         | HR Manager           | 2023-12-15 | 85000.00 | surat  |
|           3 | Bob Johnson    | Finance    | Accountant           | 2024-02-10 | 65000.00 | mumbai |
|           4 | Alice Brown    | Marketing  | Marketing Specialist | 2024-03-05 | 70000.00 | mumbai |
|           5 | Charlie Wilson | Sales      | Sales Representative | 2023-11-20 | 60000.00 | kasmir |
|           6 | shk            | it         | devloper             | 2022-11-20 | 50000.00 | puna   |
+-------------+----------------+------------+----------------------+------------+----------+--------+
6 rows in set (0.00 sec)

-------------------------------add auto increment to coloumn ,coloumn name datatype auto increment------------

mysql> alter table employee
    -> modify column employee_id  int auto_increment;
Query OK, 6 rows affected (5.53 sec)
Records: 6  Duplicates: 0  Warnings: 0

mysql> desc employee;
+---------------+---------------+------+-----+---------+----------------+
| Field         | Type          | Null | Key | Default | Extra          |
+---------------+---------------+------+-----+---------+----------------+
| employee_id   | int           | NO   | PRI | NULL    | auto_increment |
| employee_name | varchar(255)  | YES  |     | NULL    |                |
| department    | varchar(100)  | YES  |     | NULL    |                |
| position      | varchar(100)  | YES  |     | NULL    |                |
| hire_date     | date          | YES  |     | NULL    |                |
| salary        | decimal(10,2) | YES  |     | NULL    |                |
| city          | varchar(100)  | NO   |     | NULL    |                |
+---------------+---------------+------+-----+---------+----------------+
7 rows in set (0.01 sec)

---------------------------------------------------------------use of distinct--------------------


mysql> select distinct department from employee;
+------------+
| department |
+------------+
| IT         |
| HR         |
| Finance    |
| Marketing  |
| Sales      |
| mech       |
| cnc        |
+------------+
7 rows in set (0.00 sec)

mysql> select distinct employee_name from employee;
+----------------+
| employee_name  |
+----------------+
| John Doe       |
| Jane Smith     |
| Bob Johnson    |
| Alice Brown    |
| Charlie Wilson |
| shk            |
| far            |
| farukh         |
| farukh shaikh  |
+----------------+
9 rows in set (0.00 sec)

mysql> select distinct department,employee_name from employee;
+------------+----------------+
| department | employee_name  |
+------------+----------------+
| IT         | John Doe       |
| HR         | Jane Smith     |
| Finance    | Bob Johnson    |
| Marketing  | Alice Brown    |
| Sales      | Charlie Wilson |
| it         | shk            |
| mech       | far            |
| cnc        | farukh         |
| sales      | farukh         |
| Finance    | farukh shaikh  |
+------------+----------------+
10 rows in set (0.00 sec)

--------------------------------------------ORDER BY ALFABET--------------------
mysql> SELECT * FROM EMPLOYEE
    -> ORDER BY employee_name;
+-------------+----------------+------------+----------------------+------------+----------+---------+
| employee_id | employee_name  | department | position             | hire_date  | salary   | city    |
+-------------+----------------+------------+----------------------+------------+----------+---------+
|           4 | Alice Brown    | Marketing  | Marketing Specialist | 2024-03-05 | 70000.00 | mumbai  |
|           3 | Bob Johnson    | Finance    | Accountant           | 2024-02-10 | 65000.00 | mumbai  |
|           5 | Charlie Wilson | Sales      | Sales Representative | 2023-11-20 | 60000.00 | kasmir  |
|           7 | far            | mech       | programer            | 2022-04-30 | 25000.00 | valsad  |
|           8 | farukh         | cnc        | programer            | 2022-04-30 | 50000.00 | junagad |
|           9 | farukh         | sales      | Marketing Specialist | 2022-05-30 | 50000.00 | kasmir  |
|          10 | farukh shaikh  | Finance    | Accountant           | 2022-02-25 | 40000.00 | puna    |
|           2 | Jane Smith     | HR         | HR Manager           | 2023-12-15 | 85000.00 | surat   |
|           1 | John Doe       | IT         | Software Developer   | 2024-01-23 | 75000.00 | surat   |
|           6 | shk            | it         | devloper             | 2022-11-20 | 50000.00 | puna    |
+-------------+----------------+------------+----------------------+------------+----------+---------+
10 rows in set (0.03 sec)


mysql> SELECT * FROM EMPLOYEE
    -> ORDER BY SALARY;
+-------------+----------------+------------+----------------------+------------+----------+---------+
| employee_id | employee_name  | department | position             | hire_date  | salary   | city    |
+-------------+----------------+------------+----------------------+------------+----------+---------+
|           7 | far            | mech       | programer            | 2022-04-30 | 25000.00 | valsad  |
|          10 | farukh shaikh  | Finance    | Accountant           | 2022-02-25 | 40000.00 | puna    |
|           6 | shk            | it         | devloper             | 2022-11-20 | 50000.00 | puna    |
|           8 | farukh         | cnc        | programer            | 2022-04-30 | 50000.00 | junagad |
|           9 | farukh         | sales      | Marketing Specialist | 2022-05-30 | 50000.00 | kasmir  |
|           5 | Charlie Wilson | Sales      | Sales Representative | 2023-11-20 | 60000.00 | kasmir  |
|           3 | Bob Johnson    | Finance    | Accountant           | 2024-02-10 | 65000.00 | mumbai  |
|           4 | Alice Brown    | Marketing  | Marketing Specialist | 2024-03-05 | 70000.00 | mumbai  |
|           1 | John Doe       | IT         | Software Developer   | 2024-01-23 | 75000.00 | surat   |
|           2 | Jane Smith     | HR         | HR Manager           | 2023-12-15 | 85000.00 | surat   |
+-------------+----------------+------------+----------------------+------------+----------+---------+
10 rows in set (0.00 sec)

mysql> SELECT * FROM EMPLOYEE
    -> ORDER BY SALARY DESC;
+-------------+----------------+------------+----------------------+------------+----------+---------+
| employee_id | employee_name  | department | position             | hire_date  | salary   | city    |
+-------------+----------------+------------+----------------------+------------+----------+---------+
|           2 | Jane Smith     | HR         | HR Manager           | 2023-12-15 | 85000.00 | surat   |
|           1 | John Doe       | IT         | Software Developer   | 2024-01-23 | 75000.00 | surat   |
|           4 | Alice Brown    | Marketing  | Marketing Specialist | 2024-03-05 | 70000.00 | mumbai  |
|           3 | Bob Johnson    | Finance    | Accountant           | 2024-02-10 | 65000.00 | mumbai  |
|           5 | Charlie Wilson | Sales      | Sales Representative | 2023-11-20 | 60000.00 | kasmir  |
|           6 | shk            | it         | devloper             | 2022-11-20 | 50000.00 | puna    |
|           8 | farukh         | cnc        | programer            | 2022-04-30 | 50000.00 | junagad |
|           9 | farukh         | sales      | Marketing Specialist | 2022-05-30 | 50000.00 | kasmir  |
|          10 | farukh shaikh  | Finance    | Accountant           | 2022-02-25 | 40000.00 | puna    |
|           7 | far            | mech       | programer            | 2022-04-30 | 25000.00 | valsad  |
+-------------+----------------+------------+----------------------+------------+----------+---------+
10 rows in set (0.00 sec)

--------------------------------------------LIMIT-------------------------

mysql> SELECT * FROM EMPLOYEE
    -> LIMIT 3;
+-------------+---------------+------------+--------------------+------------+----------+--------+
| employee_id | employee_name | department | position           | hire_date  | salary   | city   |
+-------------+---------------+------------+--------------------+------------+----------+--------+
|           1 | John Doe      | IT         | Software Developer | 2024-01-23 | 75000.00 | surat  |
|           2 | Jane Smith    | HR         | HR Manager         | 2023-12-15 | 85000.00 | surat  |
|           3 | Bob Johnson   | Finance    | Accountant         | 2024-02-10 | 65000.00 | mumbai |
+-------------+---------------+------------+--------------------+------------+----------+--------+
3 rows in set (0.00 sec)

------------------------------------------LIMIT (START,SPAN)------------

mysql> SELECT * FROM EMPLOYEE
    -> LIMIT 3,2;
+-------------+----------------+------------+----------------------+------------+----------+--------+
| employee_id | employee_name  | department | position             | hire_date  | salary   | city   |
+-------------+----------------+------------+----------------------+------------+----------+--------+
|           4 | Alice Brown    | Marketing  | Marketing Specialist | 2024-03-05 | 70000.00 | mumbai |
|           5 | Charlie Wilson | Sales      | Sales Representative | 2023-11-20 | 60000.00 | kasmir |
+-------------+----------------+------------+----------------------+------------+----------+--------+
2 rows in set (0.00 sec)

-------------------------------------------count-----------------------------

mysql> selet count(*) from employee;
ERROR 1064 (42000): You have an error in your SQL syntax; check the manual that corresponds to your MySQL server version for the right syntax to use near 'selet count(*) from employee' at line 1
mysql> select count(*) from employee;
+----------+
| count(*) |
+----------+
|       10 |
+----------+
1 row in set (0.24 sec)

mysql> select count(*) as 'total employee' from employee;
+----------------+
| total employee |
+----------------+
|             10 |
+----------------+
1 row in set (0.00 sec)

mysql> select count(distinct city) from employee;
+----------------------+
| count(distinct city) |
+----------------------+
|                    6 |
+----------------------+
1 row in set (0.12 sec)

mysql> select count(city) from employee
    -> where city='surat';
+-------------+
| count(city) |
+-------------+
|           2 |
+-------------+
1 row in set (0.00 sec)

---------------------------------------------group by--------------------------

mysql> select city ,count(employee_name) from employee
    -> group by city;
+---------+----------------------+
| city    | count(employee_name) |
+---------+----------------------+
| surat   |                    2 |
| mumbai  |                    2 |
| kasmir  |                    2 |
| puna    |                    2 |
| valsad  |                    1 |
| junagad |                    1 |
+---------+----------------------+
6 rows in set (0.05 sec)


mysql> select position ,count(employee_name) from employee
    -> group by position;
+----------------------+----------------------+
| position             | count(employee_name) |
+----------------------+----------------------+
| Software Developer   |                    1 |
| HR Manager           |                    1 |
| Accountant           |                    2 |
| Marketing Specialist |                    2 |
| Sales Representative |                    1 |
| devloper             |                    1 |
| programer            |                    2 |
+----------------------+----------------------+
7 rows in set (0.00 sec)

mysql> select salary, count(employee_name) from employee
    -> group by salary;
+----------+----------------------+
| salary   | count(employee_name) |
+----------+----------------------+
| 75000.00 |                    1 |
| 85000.00 |                    1 |
| 65000.00 |                    1 |
| 70000.00 |                    1 |
| 60000.00 |                    1 |
| 50000.00 |                    3 |
| 25000.00 |                    1 |
| 40000.00 |                    1 |
+----------+----------------------+
8 rows in set (0.00 sec)

-----------------------------------------------maxmin--------------------------


mysql> select max(salary) from employee;
+-------------+
| max(salary) |
+-------------+
|    85000.00 |
+-------------+
1 row in set (0.09 sec)

mysql> select min(salary) from employee;
+-------------+
| min(salary) |
+-------------+
|    25000.00 |
+-------------+
1 row in set (0.04 sec)

mysql> SELECT * FROM EMPLOYEE;
+-------------+----------------+------------+----------------------+------------+----------+---------+
| employee_id | employee_name  | department | position             | hire_date  | salary   | city    |
+-------------+----------------+------------+----------------------+------------+----------+---------+
|           1 | John Doe       | IT         | Software Developer   | 2024-01-23 | 75000.00 | surat   |
|           2 | Jane Smith     | HR         | HR Manager           | 2023-12-15 | 85000.00 | surat   |
|           3 | Bob Johnson    | Finance    | Accountant           | 2024-02-10 | 65000.00 | mumbai  |
|           4 | Alice Brown    | Marketing  | Marketing Specialist | 2024-03-05 | 70000.00 | mumbai  |
|           5 | Charlie Wilson | Sales      | Sales Representative | 2023-11-20 | 60000.00 | kasmir  |
|           6 | shk            | IT         | devloper             | 2022-11-20 | 50000.00 | puna    |
|           7 | far            | Marketing  | programer            | 2022-04-30 | 25000.00 | valsad  |
|           8 | farukh         | IT         | programer            | 2022-04-30 | 50000.00 | junagad |
|           9 | farukh         | sales      | Marketing Specialist | 2022-05-30 | 50000.00 | kasmir  |
|          10 | farukh shaikh  | Finance    | Accountant           | 2022-02-25 | 40000.00 | puna    |
+-------------+----------------+------------+----------------------+------------+----------+---------+
10 rows in set (0.00 sec)
-------------------------------------------------SUM--------------------------

mysql> SELECT department ,SUM(SALARY) FROM EMPLOYEE
    -> GROUP BY department;
+------------+-------------+
| department | SUM(SALARY) |
+------------+-------------+
| IT         |   175000.00 |
| HR         |    85000.00 |
| Finance    |   105000.00 |
| Marketing  |    95000.00 |
| Sales      |   110000.00 |
+------------+-------------+
5 rows in set (0.00 sec)

---------------------------------------------AVERAGE-----------------------------

mysql> SELECT AVG(SALARY) FROM EMPLOYEE
    -> GROUP BY department;
+--------------+
| AVG(SALARY)  |
+--------------+
| 58333.333333 |
| 85000.000000 |
| 52500.000000 |
| 47500.000000 |
| 55000.000000 |
+--------------+
5 rows in set (0.05 sec)

-------------------------------------------SUB QUEARY--------------------------

mysql> SELECT employee_name,SALARY FROM EMPLOYEE
    -> WHERE SALARY = (SELECT MAX(SALARY)FROM EMPLOYEE);
+---------------+----------+
| employee_name | SALARY   |
+---------------+----------+
| Jane Smith    | 85000.00 |
+---------------+----------+
1 row in set (0.00 sec)
s
------------------------------------RELATIONAL OPERATER (=,<,>,<=,>=,!=)
mysql> SELECT * FROM EMPLOYEE
    -> WHERE SALARY <='60000';
+-------------+----------------+------------+----------------------+------------+----------+---------+
| employee_id | employee_name  | department | position             | hire_date  | salary   | city    |
+-------------+----------------+------------+----------------------+------------+----------+---------+
|           5 | Charlie Wilson | Sales      | Sales Representative | 2023-11-20 | 60000.00 | kasmir  |
|           6 | shk            | IT         | devloper             | 2022-11-20 | 50000.00 | puna    |
|           7 | far            | Marketing  | programer            | 2022-04-30 | 25000.00 | valsad  |
|           8 | farukh         | IT         | programer            | 2022-04-30 | 50000.00 | junagad |
|           9 | farukh         | sales      | Marketing Specialist | 2022-05-30 | 50000.00 | kasmir  |
|          10 | farukh shaikh  | Finance    | Accountant           | 2022-02-25 | 40000.00 | puna    |
+-------------+----------------+------------+----------------------+------------+----------+---------+
6 rows in set (0.00 sec)

mysql> SELECT * FROM EMPLOYEE
    -> WHERE SALARY != '50000';
+-------------+----------------+------------+----------------------+------------+----------+--------+
| employee_id | employee_name  | department | position             | hire_date  | salary   | city   |
+-------------+----------------+------------+----------------------+------------+----------+--------+
|           1 | John Doe       | IT         | Software Developer   | 2024-01-23 | 75000.00 | surat  |
|           2 | Jane Smith     | HR         | HR Manager           | 2023-12-15 | 85000.00 | surat  |
|           3 | Bob Johnson    | Finance    | Accountant           | 2024-02-10 | 65000.00 | mumbai |
|           4 | Alice Brown    | Marketing  | Marketing Specialist | 2024-03-05 | 70000.00 | mumbai |
|           5 | Charlie Wilson | Sales      | Sales Representative | 2023-11-20 | 60000.00 | kasmir |
|           7 | far            | Marketing  | programer            | 2022-04-30 | 25000.00 | valsad |
|          10 | farukh shaikh  | Finance    | Accountant           | 2022-02-25 | 40000.00 | puna   |
+-------------+----------------+------------+----------------------+------------+----------+--------+
7 rows in set (0.00 sec)


----------------------------------LOGICAL OPERATER(AND , OR)----------------------------------------------
 AND  both condition should be true

mysql> SELECT * FROM EMPLOYEE
    -> WHERE SALARY ='60000' AND department='Sales';
+-------------+----------------+------------+----------------------+------------+----------+--------+
| employee_id | employee_name  | department | position             | hire_date  | salary   | city   |
+-------------+----------------+------------+----------------------+------------+----------+--------+
|           5 | Charlie Wilson | Sales      | Sales Representative | 2023-11-20 | 60000.00 | kasmir |
+-------------+----------------+------------+----------------------+------------+----------+--------+
1 row in set (0.00 sec)

ORat least one condation should be true

mysql> select * from employee
    -> where salary =65000 or salary =25000 or salary =40000;
+-------------+---------------+------------+------------+------------+----------+--------+
| employee_id | employee_name | department | position   | hire_date  | salary   | city   |
+-------------+---------------+------------+------------+------------+----------+--------+
|           3 | Bob Johnson   | Finance    | Accountant | 2024-02-10 | 65000.00 | mumbai |
|           7 | far           | Marketing  | programer  | 2022-04-30 | 25000.00 | valsad |
|          10 | farukh shaikh | Finance    | Accountant | 2022-02-25 | 40000.00 | puna   |
+-------------+---------------+------------+------------+------------+----------+--------+
3 rows in set (0.00 sec)

------------------------------------------------------IN ,NOT IN----------------------------------

mysql> select * from employee
    -> where department IN ('IT','SALES','Finance');
+-------------+----------------+------------+----------------------+------------+----------+---------+
| employee_id | employee_name  | department | position             | hire_date  | salary   | city    |
+-------------+----------------+------------+----------------------+------------+----------+---------+
|           1 | John Doe       | IT         | Software Developer   | 2024-01-23 | 75000.00 | surat   |
|           3 | Bob Johnson    | Finance    | Accountant           | 2024-02-10 | 65000.00 | mumbai  |
|           5 | Charlie Wilson | Sales      | Sales Representative | 2023-11-20 | 60000.00 | kasmir  |
|           6 | shk            | IT         | devloper             | 2022-11-20 | 50000.00 | puna    |
|           8 | farukh         | IT         | programer            | 2022-04-30 | 50000.00 | junagad |
|           9 | farukh         | sales      | Marketing Specialist | 2022-05-30 | 50000.00 | kasmir  |
|          10 | farukh shaikh  | Finance    | Accountant           | 2022-02-25 | 40000.00 | puna    |
+-------------+----------------+------------+----------------------+------------+----------+---------+
7 rows in set (0.00 sec)

mysql> select * from employee
    -> where department NOT IN ('IT','SALES','Finance');
+-------------+---------------+------------+----------------------+------------+----------+--------+
| employee_id | employee_name | department | position             | hire_date  | salary   | city   |
+-------------+---------------+------------+----------------------+------------+----------+--------+
|           2 | Jane Smith    | HR         | HR Manager           | 2023-12-15 | 85000.00 | surat  |
|           4 | Alice Brown   | Marketing  | Marketing Specialist | 2024-03-05 | 70000.00 | mumbai |
|           7 | far           | Marketing  | programer            | 2022-04-30 | 25000.00 | valsad |
+-------------+---------------+------------+----------------------+------------+----------+--------+
3 rows in set (0.00 sec)

-------------------------------------------------------BETWEEN----------------------------------------

mysql> select * from employee
    -> where employee_id BETWEEN 3 AND 7;
+-------------+----------------+------------+----------------------+------------+----------+--------+
| employee_id | employee_name  | department | position             | hire_date  | salary   | city   |
+-------------+----------------+------------+----------------------+------------+----------+--------+
|           3 | Bob Johnson    | Finance    | Accountant           | 2024-02-10 | 65000.00 | mumbai |
|           4 | Alice Brown    | Marketing  | Marketing Specialist | 2024-03-05 | 70000.00 | mumbai |
|           5 | Charlie Wilson | Sales      | Sales Representative | 2023-11-20 | 60000.00 | kasmir |
|           6 | shk            | IT         | devloper             | 2022-11-20 | 50000.00 | puna   |
|           7 | far            | Marketing  | programer            | 2022-04-30 | 25000.00 | valsad |
+-------------+----------------+------------+----------------------+------------+----------+--------+
5 rows in set (0.05 sec)

---------------------------------------------CASE--------------------------------------------------

mysql> SELECT employee_id,employee_name,salary,
    -> CASE
    -> WHEN SALARY >= 50000 THEN 'HIGHER SALARE'
    -> ELSE 'LOW SALARY'
    -> END
    -> AS 'SALARY RANGE'
    -> FROM EMPLOYEE;
+-------------+----------------+----------+---------------+
| employee_id | employee_name  | salary   | SALARY RANGE  |
+-------------+----------------+----------+---------------+
|           1 | John Doe       | 75000.00 | HIGHER SALARE |
|           2 | Jane Smith     | 85000.00 | HIGHER SALARE |
|           3 | Bob Johnson    | 65000.00 | HIGHER SALARE |
|           4 | Alice Brown    | 70000.00 | HIGHER SALARE |
|           5 | Charlie Wilson | 60000.00 | HIGHER SALARE |
|           6 | shk            | 50000.00 | HIGHER SALARE |
|           7 | far            | 25000.00 | LOW SALARY    |
|           8 | farukh         | 50000.00 | HIGHER SALARE |
|           9 | farukh         | 50000.00 | HIGHER SALARE |
|          10 | farukh shaikh  | 40000.00 | LOW SALARY    |
+-------------+----------------+----------+---------------+
10 rows in set (0.00 sec)

mysql> SELECT employee_id,employee_name,salary,
    -> CASE
    -> WHEN SALARY >50000 THEN 'HIGH SALARY'
    -> WHEN SALARY<=50000 AND SALARY >=40000 THEN 'MID SALARY'
    -> ELSE 'LOW SALARY'
    -> END
    -> AS 'SALARY RANGE'
    -> FROM EMPLOYEE;
+-------------+----------------+----------+--------------+
| employee_id | employee_name  | salary   | SALARY RANGE |
+-------------+----------------+----------+--------------+
|           1 | John Doe       | 75000.00 | HIGH SALARY  |
|           2 | Jane Smith     | 85000.00 | HIGH SALARY  |
|           3 | Bob Johnson    | 65000.00 | HIGH SALARY  |
|           4 | Alice Brown    | 70000.00 | HIGH SALARY  |
|           5 | Charlie Wilson | 60000.00 | HIGH SALARY  |
|           6 | shk            | 50000.00 | MID SALARY   |
|           7 | far            | 25000.00 | LOW SALARY   |
|           8 | farukh         | 50000.00 | MID SALARY   |
|           9 | farukh         | 50000.00 | MID SALARY   |
|          10 | farukh shaikh  | 40000.00 | MID SALARY   |
+-------------+----------------+----------+--------------+
10 rows in set (0.00 sec)

--------------------------------------------LIKE-----------------------------------
START WITH
mysql> SELECT employee_nameemployee_name^C
mysql> SELECT employee_name,city FROM EMPLOYEE
    -> WHERE employee_name LIKE 'F%';
+---------------+---------+
| employee_name | city    |
+---------------+---------+
| far           | valsad  |
| farukh        | junagad |
| farukh        | kasmir  |
| farukh shaikh | puna    |
+---------------+---------+
4 rows in set (0.00 sec)

END WITH

mysql> SELECT employee_name,city FROM EMPLOYEE
    -> WHERE employee_name LIKE '%H';
+---------------+---------+
| employee_name | city    |
+---------------+---------+
| Jane Smith    | surat   |
| farukh        | junagad |
| farukh        | kasmir  |
| farukh shaikh | puna    |
+---------------+---------+
4 rows in set (0.00 sec)

COUNT CARACTER

mysql> SELECT employee_name,city FROM EMPLOYEE
    -> WHERE employee_name LIKE '___';
+---------------+--------+
| employee_name | city   |
+---------------+--------+
| shk           | puna   |
| far           | valsad |
+---------------+--------+
2 rows in set (0.00 sec)

mysql> SELECT employee_name,city FROM EMPLOYEE
    -> WHERE employee_name LIKE '_A_';
+---------------+--------+
| employee_name | city   |
+---------------+--------+
| far           | valsad |
+---------------+--------+
1 row in set (0.00 sec)


START AND END WITH

mysql> SELECT employee_name,city FROM EMPLOYEE
    -> WHERE employee_name LIKE 'F%H';
+---------------+---------+
| employee_name | city    |
+---------------+---------+
| farukh        | junagad |
| farukh        | kasmir  |
| farukh shaikh | puna    |
+---------------+---------+
3 rows in set (0.00 sec)

AS IT IS 

mysql> SELECT employee_name,city FROM EMPLOYEE
    -> WHERE employee_name LIKE 'SHK';
+---------------+------+
| employee_name | city |
+---------------+------+
| shk           | puna |
+---------------+------+
1 row in set (0.00 sec)
-----------------------------------------UNIQUE-----------------------------

DUBLICATE VALUE NOT ALOW

mysql> ALTER TABLE EMPLOYEE
    -> ADD MOB_NUMBER INT  UNIQUE;
Query OK, 0 rows affected (5.46 sec)
Records: 0  Duplicates: 0  Warnings: 0

mysql> SELECT * FROM EMPLOYEE;
+-------------+----------------+------------+----------------------+------------+----------+---------+------------+
| employee_id | employee_name  | department | position             | hire_date  | salary   | city    | MOB_NUMBER |
+-------------+----------------+------------+----------------------+------------+----------+---------+------------+
|           1 | John Doe       | IT         | Software Developer   | 2024-01-23 | 75000.00 | surat   |       NULL |
|           2 | Jane Smith     | HR         | HR Manager           | 2023-12-15 | 85000.00 | surat   |       NULL |
|           3 | Bob Johnson    | Finance    | Accountant           | 2024-02-10 | 65000.00 | mumbai  |       NULL |
|           4 | Alice Brown    | Marketing  | Marketing Specialist | 2024-03-05 | 70000.00 | mumbai  |       NULL |
|           5 | Charlie Wilson | Sales      | Sales Representative | 2023-11-20 | 60000.00 | kasmir  |       NULL |
|           6 | shk            | IT         | devloper             | 2022-11-20 | 50000.00 | puna    |       NULL |
|           7 | far            | Marketing  | programer            | 2022-04-30 | 25000.00 | valsad  |       NULL |
|           8 | farukh         | IT         | programer            | 2022-04-30 | 50000.00 | junagad |       NULL |
|           9 | farukh         | sales      | Marketing Specialist | 2022-05-30 | 50000.00 | kasmir  |       NULL |
|          10 | farukh shaikh  | Finance    | Accountant           | 2022-02-25 | 40000.00 | puna    |       NULL |
+-------------+----------------+------------+----------------------+------------+----------+---------+------------+
10 rows in set (0.00 sec)

mysql> DESC EMPLOYEE;
+---------------+---------------+------+-----+---------+----------------+
| Field         | Type          | Null | Key | Default | Extra          |
+---------------+---------------+------+-----+---------+----------------+
| employee_id   | int           | NO   | PRI | NULL    | auto_increment |
| employee_name | varchar(255)  | YES  |     | NULL    |                |
| department    | varchar(100)  | YES  |     | NULL    |                |
| position      | varchar(100)  | YES  |     | NULL    |                |
| hire_date     | date          | YES  |     | NULL    |                |
| salary        | decimal(10,2) | YES  |     | NULL    |                |
| city          | varchar(100)  | NO   |     | NULL    |                |
| MOB_NUMBER    | int           | YES  | UNI | NULL    |                |
+---------------+---------------+------+-----+---------+----------------+
8 rows in set (0.20 sec)

mysql> UPDATE EMPLOYEE
    -> SET MOB_NUMBER = 654789658
    -> WHERE employee_id =10;
Query OK, 1 row affected (0.12 sec)
Rows matched: 1  Changed: 1  Warnings: 0


mysql> UPDATE EMPLOYEE
    -> SET MOB_NUMBER = 5679456
    -> WHERE employee_id <3;
ERROR 1062 (23000): Duplicate entry '5679456' for key 'employee.MOB_NUMBER'
mysql> SELECT * FROM EMPLOYEE;

mysql> UPDATE EMPLOYEE
    -> SET MOB_NUMBER = 956801065
    -> WHERE employee_id =6;
Query OK, 1 row affected (0.09 sec)
Rows matched: 1  Changed: 1  Warnings: 0

sql> SELECT * FROM EMPLOYEE
    -> ;
+-------------+----------------+------------+----------------------+------------+----------+---------+------------+
| employee_id | employee_name  | department | position             | hire_date  | salary   | city    | MOB_NUMBER |
+-------------+----------------+------------+----------------------+------------+----------+---------+------------+
|           1 | John Doe       | IT         | Software Developer   | 2024-01-23 | 75000.00 | surat   |    5679456 |
|           2 | Jane Smith     | HR         | HR Manager           | 2023-12-15 | 85000.00 | surat   |       NULL |
|           3 | Bob Johnson    | Finance    | Accountant           | 2024-02-10 | 65000.00 | mumbai  |       NULL |
|           4 | Alice Brown    | Marketing  | Marketing Specialist | 2024-03-05 | 70000.00 | mumbai  |       NULL |
|           5 | Charlie Wilson | Sales      | Sales Representative | 2023-11-20 | 60000.00 | kasmir  |       NULL |
|           6 | shk            | IT         | devloper             | 2022-11-20 | 50000.00 | puna    |  956801065 |
|           7 | far            | Marketing  | programer            | 2022-04-30 | 25000.00 | valsad  |       NULL |
|           8 | farukh         | IT         | programer            | 2022-04-30 | 50000.00 | junagad |       NULL |
|           9 | farukh         | sales      | Marketing Specialist | 2022-05-30 | 50000.00 | kasmir  |       NULL |
|          10 | farukh shaikh  | Finance    | Accountant           | 2022-02-25 | 40000.00 | puna    |  654789658 |
+-------------+----------------+------------+----------------------+------------+----------+---------+------------+
10 rows in set (0.00 sec)

--------------------------------------------------IS NULL---------------------------------------------------

mysql> SELECT MOB_NUMBER,employee_id FROM EMPLOYEE
    -> WHERE MOB_NUMBER IS NULL;
+------------+-------------+
| MOB_NUMBER | employee_id |
+------------+-------------+
|       NULL |           2 |
|       NULL |           3 |
|       NULL |           4 |
|       NULL |           5 |
|       NULL |           7 |
|       NULL |           8 |
|       NULL |           9 |
+------------+-------------+
7 rows in set (0.00 sec)

-----------------------------------------------------decimal(total number,precision after decimal) -------------------------------------

mysql> alter table customer
    -> add percentage decimal(5,2);
Query OK, 0 rows affected (4.89 sec)
Records: 0  Duplicates: 0  Warnings: 0

mysql> desc customer;
+------------+--------------+------+-----+---------+-------+
| Field      | Type         | Null | Key | Default | Extra |
+------------+--------------+------+-----+---------+-------+
| id         | int          | YES  |     | NULL    |       |
| name       | varchar(100) | YES  |     | NULL    |       |
| percentage | decimal(5,2) | YES  |     | NULL    |       |
+------------+--------------+------+-----+---------+-------+
3 rows in set (0.15 sec)

mysql> update customer
    -> set percentage =6543.21;  total number is 5, hear is 6.
ERROR 1264 (22003): Out of range value for column 'percentage' at row 1

given 6 number but show 5 because of the value is round to the precision of 2

mysql> update customer
    -> set percentage =654.321
    -> where id = 1;
Query OK, 1 row affected, 1 warning (0.13 sec)
Rows matched: 1  Changed: 1  Warnings: 1

mysql> select * from customer;
+------+------+------------+
| id   | name | percentage |
+------+------+------------+
|    1 | far  |     654.32 |
|    2 | ukh  |       NULL |
|    3 | raju |       NULL |
|    4 | syam |       NULL |
+------+------+------------+
4 rows in set (0.00 sec)

mysql> update customer
    -> set percentage =654.326
    -> where id = 2;
Query OK, 1 row affected, 1 warning (0.19 sec)
Rows matched: 1  Changed: 1  Warnings: 1

mysql> select * from customer;
+------+------+------------+
| id   | name | percentage |
+------+------+------------+
|    1 | far  |     654.32 |
|    2 | ukh  |     654.33 |
|    3 | raju |       NULL |
|    4 | syam |       NULL |
+------+------+------------+
4 rows in set (0.00 sec)

mysql> update customer
    -> set percentage =65.2
    -> where id = 3;
Query OK, 1 row affected (0.14 sec)
Rows matched: 1  Changed: 1  Warnings: 0

mysql> select * from customer;
+------+------+------------+
| id   | name | percentage |
+------+------+------------+
|    1 | far  |     654.32 |
|    2 | ukh  |     654.33 |
|    3 | raju |      65.20 |
|    4 | syam |       NULL |
+------+------+------------+
4 rows in set (0.00 sec)

-----------------------------------------------flot and double-----------------------------------------

flot use upto 7 digit, take 4 bytes of memory
double use upto 15 digits, take  bytes of memory

mysql> alter table customer
    -> add float_num float;
Query OK, 0 rows affected (0.51 sec)
Records: 0  Duplicates: 0  Warnings: 0

mysql> alter table customer
    -> add double_num double;
Query OK, 0 rows affected (0.60 sec)
Records: 0  Duplicates: 0  Warnings: 0

mysql> desc customer;
+------------+--------------+------+-----+---------+-------+
| Field      | Type         | Null | Key | Default | Extra |
+------------+--------------+------+-----+---------+-------+
| id         | int          | YES  |     | NULL    |       |
| name       | varchar(100) | YES  |     | NULL    |       |
| percentage | decimal(5,2) | YES  |     | NULL    |       |
| float_num  | float        | YES  |     | NULL    |       |
| double_num | double       | YES  |     | NULL    |       |
+------------+--------------+------+-----+---------+-------+
5 rows in set (0.01 sec)

mysql> update customer
    -> set float_num=123.456 ,double_num= 123.456
    -> where id =1;
Query OK, 1 row affected (0.11 sec)
Rows matched: 1  Changed: 1  Warnings: 0

mysql> select * from customer;
+------+------+------------+-----------+------------+
| id   | name | percentage | float_num | double_num |
+------+------+------------+-----------+------------+
|    1 | far  |     654.32 |   123.456 |    123.456 |
|    2 | ukh  |     654.33 |      NULL |       NULL |
|    3 | raju |      65.20 |      NULL |       NULL |
|    4 | syam |       NULL |      NULL |       NULL |
+------+------+------------+-----------+------------+
4 rows in set (0.00 sec)

flot range get over after 6 digite double is ok at 12 number
mysql> update customer
    -> set float_num=123.12345679 ,double_num= 123.12345679
    -> where id =2;
Query OK, 1 row affected (0.18 sec)
Rows matched: 1  Changed: 1  Warnings: 0

mysql> select * from customer;
+------+------+------------+-----------+--------------+
| id   | name | percentage | float_num | double_num   |
+------+------+------------+-----------+--------------+
|    1 | far  |     654.32 |   123.456 |      123.456 |
|    2 | ukh  |     654.33 |   123.123 | 123.12345679 |
|    3 | raju |      65.20 |      NULL |         NULL |
|    4 | syam |       NULL |      NULL |         NULL |
+------+------+------------+-----------+--------------+
4 rows in set (0.00 sec)

mysql> update customer
    -> set float_num=123.12345679 ,double_num= 123.123456790987654321;
Query OK, 4 rows affected (0.15 sec)
Rows matched: 4  Changed: 4  Warnings: 0

double is ok upto 17 digit
mysql> select * from customer;
+------+------+------------+-----------+--------------------+
| id   | name | percentage | float_num | double_num         |
+------+------+------------+-----------+--------------------+
|    1 | far  |     654.32 |   123.123 | 123.12345679098766 |
|    2 | ukh  |     654.33 |   123.123 | 123.12345679098766 |
|    3 | raju |      65.20 |   123.123 | 123.12345679098766 |
|    4 | syam |       NULL |   123.123 | 123.12345679098766 |
+------+------+------------+-----------+--------------------+
4 rows in set (0.00 sec)


IT ACCURACY IS NOT IMPORTANT OR IF SPEED IS HIGHER PRIORITY , THE DOUBLE TYPE MAY BE GOOD ENOUGH


-----------------------------------------------DATE, TIME ,DATETIME----------------------------------------------------------

mysql> create table datim(edate date,etime time, edatim datetime);
Query OK, 0 rows affected (2.26 sec)

mysql> desc datim;
+--------+----------+------+-----+---------+-------+
| Field  | Type     | Null | Key | Default | Extra |
+--------+----------+------+-----+---------+-------+
| edate  | date     | YES  |     | NULL    |       |
| etime  | time     | YES  |     | NULL    |       |
| edatim | datetime | YES  |     | NULL    |       |
+--------+----------+------+-----+---------+-------+
3 rows in set (0.12 sec)


mysql> insert into datim values('2024-05-16','23:00:00','2024-05-18 23:00:01');
Query OK, 1 row affected (0.15 sec)

mysql> insert datim values('2023-06-16','12:30:59','2023-06-16 12:30:59');
Query OK, 1 row affected (0.15 sec)

mysql> select * from datim;
+------------+----------+---------------------+
| edate      | etime    | edatim              |
+------------+----------+---------------------+
| 2024-05-16 | 23:00:00 | 2024-05-18 23:00:01 |
| 2023-06-16 | 12:30:59 | 2023-06-16 12:30:59 |
+------------+----------+---------------------+
2 rows in set (0.00 sec)

---------------------------------------curdate(),curtime(),now()--------------------------------------

mysql> select curdate();
+------------+
| curdate()  |
+------------+
| 2024-03-25 |
+------------+
1 row in set (0.05 sec)

mysql> select curtime();
+-----------+
| curtime() |
+-----------+
| 10:17:26  |
+-----------+
1 row in set (0.00 sec)

mysql> select now();
+---------------------+
| now()               |
+---------------------+
| 2024-03-25 10:18:56 |
+---------------------+
1 row in set (0.00 sec)


mysql> insert into datim (edate,etime,edatim)
    -> values(curdate(),curtime(),now());
Query OK, 1 row affected (0.14 sec)

mysql> select * from datim;
+------------+----------+---------------------+
| edate      | etime    | edatim              |
+------------+----------+---------------------+
| 2024-05-16 | 23:00:00 | 2024-05-18 23:00:01 |
| 2023-06-16 | 12:30:59 | 2023-06-16 12:30:59 |
| 2024-03-25 | 10:22:28 | 2024-03-25 10:22:28 |
+------------+----------+---------------------+
3 rows in set (0.00 sec)

---------------------------------------dayname,dayofmonth,dayofweek-------------------------------------

mysql> select dayname('1997-09-15'),dayofmonth('1997-09-15'),dayofweek('1997-09-15');
+-----------------------+--------------------------+-------------------------+
| dayname('1997-09-15') | dayofmonth('1997-09-15') | dayofweek('1997-09-15') |
+-----------------------+--------------------------+-------------------------+
| Monday                |                       15 |                       2 |
+-----------------------+--------------------------+-------------------------+
1 row in set (0.04 sec)

mysql> select monthname('1997-09-15');
+-------------------------+
| monthname('1997-09-15') |
+-------------------------+
| September               |
+-------------------------+
1 row in set (0.00 sec)

mysql> select edate, monthname(edate) from datim;
+------------+------------------+
| edate      | monthname(edate) |
+------------+------------------+
| 2024-05-16 | May              |
| 2023-06-16 | June             |
| 2024-03-25 | March            |
+------------+------------------+
3 rows in set (0.00 sec)

mysql> select edate ,dayname(edate) from datim;
+------------+----------------+
| edate      | dayname(edate) |
+------------+----------------+
| 2024-05-16 | Thursday       |
| 2023-06-16 | Friday         |
| 2024-03-25 | Monday         |
+------------+----------------+
3 rows in set (0.00 sec)


mysql> select etime,hour(etime) from datim;
+----------+-------------+
| etime    | hour(etime) |
+----------+-------------+
| 23:00:00 |          23 |
| 12:30:59 |          12 |
| 10:22:28 |          10 |
+----------+-------------+
3 rows in set (0.00 sec)

mysql> select etime, minute(etime) from datim;
+----------+---------------+
| etime    | minute(etime) |
+----------+---------------+
| 23:00:00 |             0 |
| 12:30:59 |            30 |
| 10:22:28 |            22 |
+----------+---------------+
3 rows in set (0.00 sec)

------------------------------------------------date fromating----------------------------

mysql> select date_format('1997-09-15 04:30:49','%D %a at %T');
+--------------------------------------------------+
| date_format('1997-09-15 04:30:49','%D %a at %T') |
+--------------------------------------------------+
| 15th Mon at 04:30:49                             |
+--------------------------------------------------+
1 row in set (0.00 sec)

mysql> select date_format(now(),'%D %a at %T');
+----------------------------------+
| date_format(now(),'%D %a at %T') |
+----------------------------------+
| 25th Mon at 11:34:23             |
+----------------------------------+
1 row in set (0.00 sec)

mysql> select date_format('1997-09-15 04:30:49','%D/%M/%Y');
+-----------------------------------------------+
| date_format('1997-09-15 04:30:49','%D/%M/%Y') |
+-----------------------------------------------+
| 15th/September/1997                           |
+-----------------------------------------------+
1 row in set (0.00 sec)

mysql> select date_format(now(),'%D %a at%k');
+---------------------------------+
| date_format(now(),'%D %a at%k') |
+---------------------------------+
| 25th Mon at11                   |
+---------------------------------+
1 row in set (0.00 sec)

mysql> select edatim, date_format(edatim,'%D/%M/%Y') from datim;
+---------------------+--------------------------------+
| edatim              | date_format(edatim,'%D/%M/%Y') |
+---------------------+--------------------------------+
| 2024-05-18 23:00:01 | 18th/May/2024                  |
| 2023-06-16 12:30:59 | 16th/June/2023                 |
| 2024-03-25 10:22:28 | 25th/March/2024                |
+---------------------+--------------------------------+
3 rows in set (0.00 sec)

mysql> select edatim, date_format(edatim,'%D/%M/%Y %h: %i') from datim;
+---------------------+---------------------------------------+
| edatim              | date_format(edatim,'%D/%M/%Y %h: %i') |
+---------------------+---------------------------------------+
| 2024-05-18 23:00:01 | 18th/May/2024 11: 00                  |
| 2023-06-16 12:30:59 | 16th/June/2023 12: 30                 |
| 2024-03-25 10:22:28 | 25th/March/2024 10: 22                |
+---------------------+---------------------------------------+
3 rows in set (0.00 sec)

mysql> select edatim, date_format(edatim,'%D/%M/%Y %T') from datim;
+---------------------+-----------------------------------+
| edatim              | date_format(edatim,'%D/%M/%Y %T') |
+---------------------+-----------------------------------+
| 2024-05-18 23:00:01 | 18th/May/2024 23:00:01            |
| 2023-06-16 12:30:59 | 16th/June/2023 12:30:59           |
| 2024-03-25 10:22:28 | 25th/March/2024 10:22:28          |
+---------------------+-----------------------------------+
3 rows in set (0.00 sec)


mysql> select edatim, date_format(edatim,'%D/%M/%Y %r') from datim;
+---------------------+-----------------------------------+
| edatim              | date_format(edatim,'%D/%M/%Y %r') |
+---------------------+-----------------------------------+
| 2024-05-18 23:00:01 | 18th/May/2024 11:00:01 PM         |
| 2023-06-16 12:30:59 | 16th/June/2023 12:30:59 PM        |
| 2024-03-25 10:22:28 | 25th/March/2024 10:22:28 AM       |
+---------------------+-----------------------------------+
3 rows in set (0.00 sec)

-------------------------------------------date and time  calculation-----------------------------------

datediff,date_add,date_sub

mysql> select datediff(' 2024-05-18',' 2024-03-25');
+---------------------------------------+
| datediff(' 2024-05-18',' 2024-03-25') |
+---------------------------------------+
|                                    54 |
+---------------------------------------+
1 row in set, 2 warnings (0.07 sec)

mysql> select date_add('2024-05-18',interval 10 day);
+----------------------------------------+
| date_add('2024-05-18',interval 10 day) |
+----------------------------------------+
| 2024-05-28                             |
+----------------------------------------+
1 row in set (0.06 sec)

mysql> select date_add('2024-05-18',interval 3 month);
+-----------------------------------------+
| date_add('2024-05-18',interval 3 month) |
+-----------------------------------------+
| 2024-08-18                              |
+-----------------------------------------+
1 row in set (0.00 sec)

mysql> select date_add('2024-05-18',interval 1 year);
+----------------------------------------+
| date_add('2024-05-18',interval 1 year) |
+----------------------------------------+
| 2025-05-18                             |
+----------------------------------------+
1 row in set (0.00 sec)

mysql> select date_sub('2024-05-18',interval 1 year);
+----------------------------------------+
| date_sub('2024-05-18',interval 1 year) |
+----------------------------------------+
| 2023-05-18                             |
+----------------------------------------+
1 row in set (0.00 sec)

mysql> select date_sub('2024-05-18',interval 1 month);
+-----------------------------------------+
| date_sub('2024-05-18',interval 1 month) |
+-----------------------------------------+
| 2024-04-18                              |
+-----------------------------------------+
1 row in set (0.00 sec)


mysql> select timediff('23:30:00','20:25:00');
+---------------------------------+
| timediff('23:30:00','20:25:00') |
+---------------------------------+
| 03:05:00                        |
+---------------------------------+
1 row in set (0.05 sec)

-------------------------------------------default and on update timstamp-------------------------------

mysql> alter table datim
    -> add column blog varchar(150),
    -> add column creat_time datetime default current_timestamp,
    -> add column update_time datetime on update current_timestamp;
Query OK, 0 rows affected (1.85 sec)
Records: 0  Duplicates: 0  Warnings: 0

mysql> desc datim;
+-------------+--------------+------+-----+-------------------+-----------------------------+
| Field       | Type         | Null | Key | Default           | Extra                       |
+-------------+--------------+------+-----+-------------------+-----------------------------+
| edate       | date         | YES  |     | NULL              |                             |
| etime       | time         | YES  |     | NULL              |                             |
| edatim      | datetime     | YES  |     | NULL              |                             |
| blog        | varchar(150) | YES  |     | NULL              |                             |
| creat_time  | datetime     | YES  |     | CURRENT_TIMESTAMP | DEFAULT_GENERATED           |
| update_time | datetime     | YES  |     | NULL              | on update CURRENT_TIMESTAMP |
+-------------+--------------+------+-----+-------------------+-----------------------------+
6 rows in set (0.01 sec)

----------------------------------creat time auto update because of default current_timestamp ---------------------------------

mysql> select * from datim;
+------------+----------+---------------------+------------------+---------------------+-------------+
| edate      | etime    | edatim              | blog             | creat_time          | update_time |
+------------+----------+---------------------+------------------+---------------------+-------------+
| 2024-05-16 | 23:00:00 | 2024-05-18 23:00:01 | NULL             | 2024-03-25 13:09:28 | NULL        |
| 2023-06-16 | 12:30:59 | 2023-06-16 12:30:59 | NULL             | 2024-03-25 13:09:28 | NULL        |
| 2024-03-25 | 10:22:28 | 2024-03-25 10:22:28 | NULL             | 2024-03-25 13:09:28 | NULL        |
| NULL       | NULL     | NULL                | this is new blog | 2024-03-25 13:12:16 | NULL        |
+------------+----------+---------------------+------------------+---------------------+-------------+
4 rows in set (0.00 sec)

mysql> update datim
    -> set blog = 'this is update blog';
Query OK, 4 rows affected (0.21 sec)
Rows matched: 4  Changed: 4  Warnings: 0

mysql> select * from datim;
+------------+----------+---------------------+---------------------+---------------------+---------------------+
| edate      | etime    | edatim              | blog                | creat_time          | update_time         |
+------------+----------+---------------------+---------------------+---------------------+---------------------+
| 2024-05-16 | 23:00:00 | 2024-05-18 23:00:01 | this is update blog | 2024-03-25 13:09:28 | 2024-03-25 13:28:55 |
| 2023-06-16 | 12:30:59 | 2023-06-16 12:30:59 | this is update blog | 2024-03-25 13:09:28 | 2024-03-25 13:28:55 |
| 2024-03-25 | 10:22:28 | 2024-03-25 10:22:28 | this is update blog | 2024-03-25 13:09:28 | 2024-03-25 13:28:55 |
| NULL       | NULL     | NULL                | this is update blog | 2024-03-25 13:12:16 | 2024-03-25 13:28:55 |
+------------+----------+---------------------+---------------------+---------------------+---------------------+
4 rows in set (0.00 sec)

mysql> update datim
    -> set blog = 'this is new update blog'
    -> where edate is null;
Query OK, 1 row affected (0.19 sec)
Rows matched: 1  Changed: 1  Warnings: 0

mysql> select * from datim;
+------------+----------+---------------------+-------------------------+---------------------+---------------------+
| edate      | etime    | edatim              | blog                    | creat_time          | update_time         |
+------------+----------+---------------------+-------------------------+---------------------+---------------------+
| 2024-05-16 | 23:00:00 | 2024-05-18 23:00:01 | this is update blog     | 2024-03-25 13:09:28 | 2024-03-25 13:28:55 |
| 2023-06-16 | 12:30:59 | 2023-06-16 12:30:59 | this is update blog     | 2024-03-25 13:09:28 | 2024-03-25 13:28:55 |
| 2024-03-25 | 10:22:28 | 2024-03-25 10:22:28 | this is update blog     | 2024-03-25 13:09:28 | 2024-03-25 13:28:55 |
| NULL       | NULL     | NULL                | this is new update blog | 2024-03-25 13:12:16 | 2024-03-25 13:39:08 |
+------------+----------+---------------------+-------------------------+---------------------+---------------------+
4 rows in set (0.00 sec)


-------------------------------------------------check--------------------------------------------------------------

mysql> alter table customer1
    -> modify column class int unique check(length(class)>=2);
ERROR 1062 (23000): Duplicate entry '10' for key 'customer1.class'
mysql> select * from customer1;
+----+-------+-------+
| id | name  | class |
+----+-------+-------+
|  1 | raju  |    10 |
|  2 | sayam |    10 |
| 10 | jone  |    10 |
| 11 | far   |    10 |
+----+-------+-------+
4 rows in set (0.00 sec)

mysql> update customer1
    -> set class= 11
    -> where id = 2;
Query OK, 1 row affected (0.10 sec)
Rows matched: 1  Changed: 1  Warnings: 0

mysql> update customer1
    -> set class= 12
    -> where id = 10;
Query OK, 1 row affected (0.10 sec)
Rows matched: 1  Changed: 1  Warnings: 0

mysql> update customer1
    -> set class= 13
    -> where id = 11;
Query OK, 1 row affected (0.10 sec)
Rows matched: 1  Changed: 1  Warnings: 0

mysql> alter table customer1
    -> modify column class int unique check(length(class)>=2);
Query OK, 4 rows affected (2.50 sec)
Records: 4  Duplicates: 0  Warnings: 0

mysql> update customer1
    -> set class= 130
    -> where id = 11;
Query OK, 1 row affected (0.10 sec)
Rows matched: 1  Changed: 1  Warnings: 0

mysql> update customer1
    -> set class= 1
    -> where id = 11;
ERROR 3819 (HY000): Check constraint 'customer1_chk_1' is violated.

---------------------------------------------for checking constraint in column--------------------------------------

mysql>
  select
    constraint_type,constraint_name
    from information_schema.table_constraints
    where table_name = 'customer1';

-----------------------------------------------add and deop constraint-------------------------------------------------

first check constraint in table

 select
    -> constraint_type,constraint_name
    -> from information_schema.table_constraints
    ->  where table_name = 'customer1';
+-----------------+-----------------+
| CONSTRAINT_TYPE | CONSTRAINT_NAME |
+-----------------+-----------------+
| UNIQUE          | class           |
| PRIMARY KEY     | PRIMARY         |
| CHECK           | customer1_chk_1 |
+-----------------+-----------------+
3 rows in set (0.16 sec)

------------------------------------------------drop constraint------------------------------------

 alter table customer1
    -> drop constraint customer1_chk_1;
Query OK, 0 rows affected (2.25 sec)
Records: 0  Duplicates: 0  Warnings: 0


select
    ->     constraint_type,constraint_name
    ->     from information_schema.table_constraints
    ->     where table_name = 'customer1';
+-----------------+-----------------+
| CONSTRAINT_TYPE | CONSTRAINT_NAME |
+-----------------+-----------------+
| UNIQUE          | class           |
| PRIMARY KEY     | PRIMARY         |
+-----------------+-----------------+
2 rows in set (0.00 sec)

-----------------------------------------------------add constraint--------------------------------------------

 alter table customer1
    -> add constraint cls_less check(length(class)>=2);
Query OK, 4 rows affected (3.09 sec)
Records: 4  Duplicates: 0  Warnings: 0

 select
    ->     constraint_type,constraint_name
    ->     from information_schema.table_constraints
    ->     where table_name = 'customer1';
+-----------------+-----------------+
| CONSTRAINT_TYPE | CONSTRAINT_NAME |
+-----------------+-----------------+
| UNIQUE          | class           |
| PRIMARY KEY     | PRIMARY         |
| CHECK           | cls_less        |
+-----------------+-----------------+
3 rows in set (0.00 sec)

---------------------------------------------------------------------------------joint---froeign key---------------------------------------------------------------------------

mysql> CREATE TABLE _order (
    ->     order_id INT PRIMARY KEY AUTO_INCREMENT,
    ->     date DATE,
    ->     amount DECIMAL(10,2),
    ->    client_id int,
    ->     FOREIGN KEY (client_id) REFERENCES clint (clint_id)
    -> );
Query OK, 0 rows affected (3.42 sec)

------------------------------------------------------------insert into order------------------------------------------------------------------------------------------


mysql> insert into _order (date,amount,client_id)
    -> values ('2024/9/09',1);
ERROR 1136 (21S01): Column count doesn't match value count at row 1
mysql> insert into _order (date,amount,client_id)
    -> values ('2024/9/09',300,1);
Query OK, 1 row affected, 1 warning (0.21 sec)

mysql> insert into _order (date,amount,client_id)
    -> values ('2024/9/10',300,2);
Query OK, 1 row affected, 1 warning (0.18 sec)

mysql> insert into _order (date,amount,client_id)
    -> values ('2024/9/25',300,2);
Query OK, 1 row affected, 1 warning (0.15 sec)

mysql> insert into _order (date,amount,client_id)
    -> values ('2024/9/25',300,3);
Query OK, 1 row affected, 1 warning (0.18 sec)


------------------------------------------------------------------------insert into clint-------------------------------------------------------------------------

insert into _order (order_id,date,amount,client_id)
    -> values(101,'2024/9/05',200,1);
Query OK, 1 row affected, 1 warning (0.20 sec)

mysql> insert into clint (name,email)
    -> values('shaikh farukh','shaikfarukh@gmail.com');
Query OK, 1 row affected (0.14 sec)

mysql> insert into _order (date,amount,client_id)
    -> values ('2024/9/25',300,5);
Query OK, 1 row affected, 1 warning (0.14 sec)

mysql> insert into _order (date,amount,client_id)
    -> values ('2024/9/27',300,5);
Query OK, 1 row affected, 1 warning (0.12 sec)

mysql> insert into _order (date,amount,client_id)
    -> values ('2024/9/28',1000,3);
Query OK, 1 row affected, 1 warning (0.17 sec)


mysql> select * from clint;
+----------+---------------+-----------------------+
| clint_id | name          | email                 |
+----------+---------------+-----------------------+
|        1 | far           | far@gmail.com         |
|        2 | ukh           | ukh@gmail.com         |
|        3 | shk           | shk@gmail.com         |
|        4 | shaikh        | shaikfar@gmail.com    |
|        5 | shaikh farukh | shaikfarukh@gmail.com |
+----------+---------------+-----------------------+
5 rows in set (0.00 sec)

mysql> select * from _order;
+----------+------------+---------+-----------+
| order_id | date       | amount  | client_id |
+----------+------------+---------+-----------+
|      101 | 2024-09-05 |  200.00 |         1 |
|      102 | 2024-09-09 |  300.00 |         1 |
|      103 | 2024-09-10 |  300.00 |         2 |
|      104 | 2024-09-25 |  300.00 |         2 |
|      105 | 2024-09-25 |  300.00 |         3 |
|      106 | 2024-09-25 |  300.00 |         5 |
|      107 | 2024-09-27 |  300.00 |         5 |
|      108 | 2024-09-28 | 1000.00 |         3 |
+----------+------------+---------+-----------+
8 rows in set (0.00 sec)


-----------------------------------------------------------------------------type of joint --------------------------------------------------------------------------

cross joint :. every row from one table is combine with every row from another table.
inner joint :. return only the rows where there is a match between the specified columns in both the tables(left and right), only show data which is intersect between two coloum tables
left joint  :. return all rows from the left table and the matching rows from the right table
right joint :. 

------------------------------------------------------------------------------- cross joint---------------------------------------------------------------------

cross joint:. every row from one table is combine with every row from another table.

mysql> select * from clint,_order;
+----------+---------------+-----------------------+----------+------------+---------+-----------+
| clint_id | name          | email                 | order_id | date       | amount  | client_id |
+----------+---------------+-----------------------+----------+------------+---------+-----------+
|        5 | shaikh farukh | shaikfarukh@gmail.com |      101 | 2024-09-05 |  200.00 |         1 |
|        4 | shaikh        | shaikfar@gmail.com    |      101 | 2024-09-05 |  200.00 |         1 |
|        3 | shk           | shk@gmail.com         |      101 | 2024-09-05 |  200.00 |         1 |
|        2 | ukh           | ukh@gmail.com         |      101 | 2024-09-05 |  200.00 |         1 |
|        1 | far           | far@gmail.com         |      101 | 2024-09-05 |  200.00 |         1 |
|        5 | shaikh farukh | shaikfarukh@gmail.com |      102 | 2024-09-09 |  300.00 |         1 |
|        4 | shaikh        | shaikfar@gmail.com    |      102 | 2024-09-09 |  300.00 |         1 |
|        3 | shk           | shk@gmail.com         |      102 | 2024-09-09 |  300.00 |         1 |
|        2 | ukh           | ukh@gmail.com         |      102 | 2024-09-09 |  300.00 |         1 |
|        1 | far           | far@gmail.com         |      102 | 2024-09-09 |  300.00 |         1 |
|        5 | shaikh farukh | shaikfarukh@gmail.com |      103 | 2024-09-10 |  300.00 |         2 |
|        4 | shaikh        | shaikfar@gmail.com    |      103 | 2024-09-10 |  300.00 |         2 |
|        3 | shk           | shk@gmail.com         |      103 | 2024-09-10 |  300.00 |         2 |
|        2 | ukh           | ukh@gmail.com         |      103 | 2024-09-10 |  300.00 |         2 |
|        1 | far           | far@gmail.com         |      103 | 2024-09-10 |  300.00 |         2 |
|        5 | shaikh farukh | shaikfarukh@gmail.com |      104 | 2024-09-25 |  300.00 |         2 |
|        4 | shaikh        | shaikfar@gmail.com    |      104 | 2024-09-25 |  300.00 |         2 |
|        3 | shk           | shk@gmail.com         |      104 | 2024-09-25 |  300.00 |         2 |
|        2 | ukh           | ukh@gmail.com         |      104 | 2024-09-25 |  300.00 |         2 |
|        1 | far           | far@gmail.com         |      104 | 2024-09-25 |  300.00 |         2 |
|        5 | shaikh farukh | shaikfarukh@gmail.com |      105 | 2024-09-25 |  300.00 |         3 |
|        4 | shaikh        | shaikfar@gmail.com    |      105 | 2024-09-25 |  300.00 |         3 |
|        3 | shk           | shk@gmail.com         |      105 | 2024-09-25 |  300.00 |         3 |
|        2 | ukh           | ukh@gmail.com         |      105 | 2024-09-25 |  300.00 |         3 |
|        1 | far           | far@gmail.com         |      105 | 2024-09-25 |  300.00 |         3 |
|        5 | shaikh farukh | shaikfarukh@gmail.com |      106 | 2024-09-25 |  300.00 |         5 |
|        4 | shaikh        | shaikfar@gmail.com    |      106 | 2024-09-25 |  300.00 |         5 |
|        3 | shk           | shk@gmail.com         |      106 | 2024-09-25 |  300.00 |         5 |
|        2 | ukh           | ukh@gmail.com         |      106 | 2024-09-25 |  300.00 |         5 |
|        1 | far           | far@gmail.com         |      106 | 2024-09-25 |  300.00 |         5 |
|        5 | shaikh farukh | shaikfarukh@gmail.com |      107 | 2024-09-27 |  300.00 |         5 |
|        4 | shaikh        | shaikfar@gmail.com    |      107 | 2024-09-27 |  300.00 |         5 |
|        3 | shk           | shk@gmail.com         |      107 | 2024-09-27 |  300.00 |         5 |
|        2 | ukh           | ukh@gmail.com         |      107 | 2024-09-27 |  300.00 |         5 |
|        1 | far           | far@gmail.com         |      107 | 2024-09-27 |  300.00 |         5 |
|        5 | shaikh farukh | shaikfarukh@gmail.com |      108 | 2024-09-28 | 1000.00 |         3 |
|        4 | shaikh        | shaikfar@gmail.com    |      108 | 2024-09-28 | 1000.00 |         3 |
|        3 | shk           | shk@gmail.com         |      108 | 2024-09-28 | 1000.00 |         3 |
|        2 | ukh           | ukh@gmail.com         |      108 | 2024-09-28 | 1000.00 |         3 |
|        1 | far           | far@gmail.com         |      108 | 2024-09-28 | 1000.00 |         3 |
+----------+---------------+-----------------------+----------+------------+---------+-----------+
40 rows in set (0.00 sec)

------------------------------------------------------------------------------- cross joint---------------------------------------------------------------------

return only the rows where there is a match between the specified columns in both the tables(left and right)

mysql> select * from clint
    -> inner join
    -> _order
    -> on _order.client_id = clint.clint_id ;

+----------+---------------+-----------------------+----------+------------+---------+-----------+
| clint_id | name          | email                 | order_id | date       | amount  | client_id |
+----------+---------------+-----------------------+----------+------------+---------+-----------+
|        1 | far           | far@gmail.com         |      101 | 2024-09-05 |  200.00 |         1 |
|        1 | far           | far@gmail.com         |      102 | 2024-09-09 |  300.00 |         1 |
|        2 | ukh           | ukh@gmail.com         |      103 | 2024-09-10 |  300.00 |         2 |
|        2 | ukh           | ukh@gmail.com         |      104 | 2024-09-25 |  300.00 |         2 |
|        3 | shk           | shk@gmail.com         |      105 | 2024-09-25 |  300.00 |         3 |
|        3 | shk           | shk@gmail.com         |      108 | 2024-09-28 | 1000.00 |         3 |
|        5 | shaikh farukh | shaikfarukh@gmail.com |      106 | 2024-09-25 |  300.00 |         5 |
|        5 | shaikh farukh | shaikfarukh@gmail.com |      107 | 2024-09-27 |  300.00 |         5 |
+----------+---------------+-----------------------+----------+------------+---------+-----------+
8 rows in set (0.00 sec)

inner join example

mysql> select name,amount from clint
    ->
    -> inner join
    -> _order
    -> on _order.client_id = clint.clint_id
    -> ;
+---------------+---------+
| name          | amount  |
+---------------+---------+
| far           |  200.00 |
| far           |  300.00 |
| ukh           |  300.00 |
| ukh           |  300.00 |
| shk           |  300.00 |
| shk           | 1000.00 |
| shaikh farukh |  300.00 |
| shaikh farukh |  300.00 |
+---------------+---------+
8 rows in set (0.00 sec)

mysql> select name,amount from clint
    -> inner join
    -> _order
    -> on _order.client_id = clint.clint_id
    -> group by name;

ERROR 1055 (42000): Expression #2 of SELECT list is not in GROUP BY clause and contains nonaggregated 
column 'practic._order.amount' which is not functionally dependent on columns in GROUP BY clause; 
this is incompatible with sql_mode=only_full_group_by

mysql> select name, sum(amount) from clint
    -> inner join
    -> _order
    -> on _order.client_id = clint.clint_id
    -> group by name;
+---------------+-------------+
| name          | sum(amount) |
+---------------+-------------+
| far           |      500.00 |
| ukh           |      600.00 |
| shk           |     1300.00 |
| shaikh farukh |      600.00 |
+---------------+-------------+
4 rows in set (0.07 sec)


------------------------------------------------------------------------------- left joint---------------------------------------------------------------------

return all rows from the left table and the matching rows from the right table


mysql> select * from clint
    -> left join _order
    -> on _order.client_id = clint.clint_id;
+----------+---------------+-----------------------+----------+------------+---------+-----------+
| clint_id | name          | email                 | order_id | date       | amount  | client_id |
+----------+---------------+-----------------------+----------+------------+---------+-----------+
|        1 | far           | far@gmail.com         |      101 | 2024-09-05 |  200.00 |         1 |
|        1 | far           | far@gmail.com         |      102 | 2024-09-09 |  300.00 |         1 |
|        2 | ukh           | ukh@gmail.com         |      103 | 2024-09-10 |  300.00 |         2 |
|        2 | ukh           | ukh@gmail.com         |      104 | 2024-09-25 |  300.00 |         2 |
|        3 | shk           | shk@gmail.com         |      105 | 2024-09-25 |  300.00 |         3 |
|        3 | shk           | shk@gmail.com         |      108 | 2024-09-28 | 1000.00 |         3 |
|        4 | shaikh        | shaikfar@gmail.com    |     NULL | NULL       |    NULL |      NULL |
|        5 | shaikh farukh | shaikfarukh@gmail.com |      106 | 2024-09-25 |  300.00 |         5 |
|        5 | shaikh farukh | shaikfarukh@gmail.com |      107 | 2024-09-27 |  300.00 |         5 |
+----------+---------------+-----------------------+----------+------------+---------+-----------+
9 rows in set (0.00 sec)

---------------------------------------------------------------------use of group by------------------------------------------------------------------------------

mysql> select name,sum(amount) from clint
    -> left join _order
    -> on _order.client_id = clint.clint_id
    -> group by name;
+---------------+-------------+
| name          | sum(amount) |
+---------------+-------------+
| far           |      500.00 |
| ukh           |      600.00 |
| shk           |     1300.00 |
| shaikh        |        NULL |
| shaikh farukh |      600.00 |
+---------------+-------------+
5 rows in set (0.06 sec)

mysql> select name,sum(amount) from clint
    -> left join _order^C
mysql> select name,IFNULL(sum(amount),0) from clint
    -> left join _order
    -> on _order.client_id = clint.clint_id
    -> group by name;
+---------------+-----------------------+
| name          | IFNULL(sum(amount),0) |
+---------------+-----------------------+
| far           |                500.00 |
| ukh           |                600.00 |
| shk           |               1300.00 |
| shaikh        |                  0.00 |
| shaikh farukh |                600.00 |
+---------------+-----------------------+
5 rows in set (0.00 sec)

mysql> select name,IFNULL(sum(amount),0) AS TOTAL from clint
    -> left join _order
    -> on _order.client_id = clint.clint_id
    -> group by name;
+---------------+---------+
| name          | TOTAL   |
+---------------+---------+
| far           |  500.00 |
| ukh           |  600.00 |
| shk           | 1300.00 |
| shaikh        |    0.00 |
| shaikh farukh |  600.00 |
+---------------+---------+
5 rows in set (0.00 sec)

------------------------------------------------------------------------------- RIGHT joint---------------------------------------------------------------------

mysql> select * from clint
    -> right join
    -> _order
    -> on _order.client_id = clint.clint_id;
+----------+---------------+-----------------------+----------+------------+---------+-----------+
| clint_id | name          | email                 | order_id | date       | amount  | client_id |
+----------+---------------+-----------------------+----------+------------+---------+-----------+
|        1 | far           | far@gmail.com         |      101 | 2024-09-05 |  200.00 |         1 |
|        1 | far           | far@gmail.com         |      102 | 2024-09-09 |  300.00 |         1 |
|        2 | ukh           | ukh@gmail.com         |      103 | 2024-09-10 |  300.00 |         2 |
|        2 | ukh           | ukh@gmail.com         |      104 | 2024-09-25 |  300.00 |         2 |
|        3 | shk           | shk@gmail.com         |      105 | 2024-09-25 |  300.00 |         3 |
|        5 | shaikh farukh | shaikfarukh@gmail.com |      106 | 2024-09-25 |  300.00 |         5 |
|        5 | shaikh farukh | shaikfarukh@gmail.com |      107 | 2024-09-27 |  300.00 |         5 |
|        3 | shk           | shk@gmail.com         |      108 | 2024-09-28 | 1000.00 |         3 |
+----------+---------------+-----------------------+----------+------------+---------+-----------+
8 rows in set (0.00 sec)

-------------------------------------------------------------------------------cascade on delete------------------------------------------------------------------------

mysql> delete from clint
    ->
    -> where name = 'far';
ERROR 1451 (23000): Cannot delete or update a parent row: a foreign key constraint fails (`practic`.`_order`, CONSTRAINT `_order_ibfk_1` 
FOREIGN KEY (`client_id`) REFERENCES `clint` (`clint_id`))



------------------cannot delete directly because of relationship of deleting coloum in other coloumn-----------------------------------------------


 select
    -> constraint_type, constraint_name
    -> from information_schema.table_constraints
    -> where table_name='_order';
+-----------------+-----------------+
| CONSTRAINT_TYPE | CONSTRAINT_NAME |
+-----------------+-----------------+
| PRIMARY KEY     | PRIMARY         |
| FOREIGN KEY     | _order_ibfk_1   |
+-----------------+-----------------+
2 rows in set (0.00 sec)

mysql> alter table _order
    -> drop  FOREIGN KEY _order_ibfk_1;
Query OK, 0 rows affected (0.45 sec)
Records: 0  Duplicates: 0  Warnings: 0

mysql>   select
    ->     constraint_type,constraint_name
    ->     from information_schema.table_constraints
    ->     where table_name = '_order';
+-----------------+-----------------+
| CONSTRAINT_TYPE | CONSTRAINT_NAME |
+-----------------+-----------------+
| PRIMARY KEY     | PRIMARY         |
+-----------------+-----------------+

mysql> alter table _order
    -> add foreign key (client_id)
    -> references clint(clint_id) on delete cascade;
Query OK, 8 rows affected (4.68 sec)
Records: 8  Duplicates: 0  Warnings: 0

mysql> delete from _order
    -> where order_id = 108;
Query OK, 1 row affected (0.45 sec)

-------------------------------------------------------------------------------exercise---------------------------------------------------------------------------------
mysql> create table author(
    -> author_id int primary key auto_increment,
    -> author_name varchar(50)
    -> );
Query OK, 0 rows affected (1.53 sec)

mysql> create table books (
    -> book_id int primary key auto_increment,
    -> title varchar(100) not null,
    -> rating int ,
    -> au_id int,
    -> foreign key (au_id) references author (author_id) on delete cascade);
Query OK, 0 rows affected (1.16 sec)


mysql> insert into author(author_name )
    -> values ('raju'),
    -> ('sonu'),
    -> ('monu'),
    -> ('enstine');
Query OK, 4 rows affected (0.19 sec)
Records: 4  Duplicates: 0  Warnings: 0

mysql> insert into books (title ,rating ,au_id )
    -> values('story of raju', 5 ,1),
    -> ('story of sonu',4,2),
    -> ('raju - the great',3,1),
    -> ('love story of sonu',4,4);
Query OK, 4 rows affected (0.19 sec)
Records: 4  Duplicates: 0  Warnings: 0

mysql> select * from book;
ERROR 1146 (42S02): Table 'practic.book' doesn't exist
mysql> select * from books;
+---------+--------------------+--------+-------+
| book_id | title              | rating | au_id |
+---------+--------------------+--------+-------+
|       1 | story of raju      |      5 |     1 |
|       2 | story of sonu      |      4 |     2 |
|       3 | raju - the great   |      3 |     1 |
|       4 | love story of sonu |      4 |     4 |
+---------+--------------------+--------+-------+
4 rows in set (0.00 sec)

mysql> select * from author;
+-----------+-------------+
| author_id | author_name |
+-----------+-------------+
|         1 | raju        |
|         2 | sonu        |
|         3 | monu        |
|         4 | enstine     |
+-----------+-------------+
4 rows in set (0.00 sec)

mysql> select author_name ,title,rating from books
    -> inner join
    -> author
    -> on books.au_id = author.author_id;
+-------------+--------------------+--------+
| author_name | title              | rating |
+-------------+--------------------+--------+
| raju        | story of raju      |      5 |
| sonu        | story of sonu      |      4 |
| raju        | raju - the great   |      3 |
| enstine     | love story of sonu |      4 |
+-------------+--------------------+--------+
4 rows in set (0.00 sec)

mysql> insert into author (author_name)
    -> values ('ramu');
Query OK, 1 row affected (0.14 sec)

mysql> select author_name ,title,rating from books
    -> inner join
    -> author
    -> on books.au_id = author.author_id;
+-------------+--------------------+--------+
| author_name | title              | rating |
+-------------+--------------------+--------+
| raju        | story of raju      |      5 |
| sonu        | story of sonu      |      4 |
| raju        | raju - the great   |      3 |
| enstine     | love story of sonu |      4 |
+-------------+--------------------+--------+
4 rows in set (0.00 sec)

mysql> select author_name ,title,rating from author
    -> left join
    -> books
    -> on books.au_id = author.author_id;
+-------------+--------------------+--------+
| author_name | title              | rating |
+-------------+--------------------+--------+
| raju        | story of raju      |      5 |
| raju        | raju - the great   |      3 |
| sonu        | story of sonu      |      4 |
| monu        | NULL               |   NULL |
| enstine     | love story of sonu |      4 |
| ramu        | NULL               |   NULL |
+-------------+--------------------+--------+
6 rows in set (0.00 sec)

mysql> select author_name ,IFNULL(title,'NOT FOUNT'),IFNULL(rating,0) from AUTHOR
    -> left join
    -> books
    -> on books.au_id = author.author_id;
+-------------+---------------------------+------------------+
| author_name | IFNULL(title,'NOT FOUNT') | IFNULL(rating,0) |
+-------------+---------------------------+------------------+
| raju        | story of raju             |                5 |
| raju        | raju - the great          |                3 |
| sonu        | story of sonu             |                4 |
| monu        | NOT FOUNT                 |                0 |
| enstine     | love story of sonu        |                4 |
| ramu        | NOT FOUNT                 |                0 |
+-------------+---------------------------+------------------+
6 rows in set (0.00 sec)

mysql> select author_name ,rating,
    -> case
    -> when ifnull(rating,0) >=4 then 'good'
    -> else 'avarage'
    -> end as remark
    -> from author
    -> inner join books
    -> on books.au_id = author.author_id;
+-------------+--------+---------+
| author_name | rating | remark  |
+-------------+--------+---------+
| raju        |      5 | good    |
| sonu        |      4 | good    |
| raju        |      3 | avarage |
| enstine     |      4 | good    |
+-------------+--------+---------+
4 rows in set (0.05 sec)

------------------------------------------------------------------------------many to many----------------------------------------------------------------------


mysql> create table student (
    -> id int primary key auto_increment,
    -> student_name varchar(50));
Query OK, 0 rows affected (2.25 sec)



mysql> create table courses (
    -> id int primary key auto_increment,
    -> course_name varchar(50),
    -> fees decimal(10,2)
    -> );
Query OK, 0 rows affected (0.80 sec)


mysql> create table student_course(
    -> student_id int,
    -> course_id int,
    -> foreign key (student_id) references student(id),
    -> foreign key (course_id) references courses(id));
Query OK, 0 rows affected (1.82 sec)

mysql> INSERT INTO student (student_name) VALUES
    -> ('John Doe'),
    -> ('Jane Smith'),
    -> ('Alice Johnson'),
    -> ('Bob Brown');
Query OK, 4 rows affected (0.20 sec)
Records: 4  Duplicates: 0  Warnings: 0

mysql> INSERT INTO courses (id, course_name, fees) VALUES
    -> (101, 'Mathematics', 4000.00),
    -> (102, 'Physics', 5000.00),
    -> (103, 'Chemistry', 6000.00),
    -> (104, 'Biology', 3500.00),
    -> (105, 'English Literature', 4500.00),
    -> (106, 'History', 6500.00);
Query OK, 6 rows affected (0.16 sec)
Records: 6  Duplicates: 0  Warnings: 0

mysql> select student_name,course_name from student
    -> inner join
    -> student_course
    -> on student_course.student_id = student.id
    -> inner join
    -> courses
    -> on  student_course.course_id = courses.id;
+---------------+--------------------+
| student_name  | course_name        |
+---------------+--------------------+
| John Doe      | Mathematics        |
| John Doe      | Biology            |
| Jane Smith    | Physics            |
| Jane Smith    | English Literature |
| Alice Johnson | Chemistry          |
| Alice Johnson | History            |
| Bob Brown     | Mathematics        |
+---------------+--------------------+
7 rows in set (0.00 sec)


mysql> select course_name, count(student_name) from student
    -> inner join
    -> student_course
    -> on student_course.student_id = student.id
    -> inner join
    -> courses
    -> on  student_course.course_id = courses.id
    -> group by course_name;
+--------------------+---------------------+
| course_name        | count(student_name) |
+--------------------+---------------------+
| Mathematics        |                   2 |
| Biology            |                   1 |
| Physics            |                   1 |
| English Literature |                   1 |
| Chemistry          |                   1 |
| History            |                   1 |
+--------------------+---------------------+
6 rows in set (0.31 sec)

mysql> select student_name, count(course_name) from student
    -> inner join
    -> student_course
    -> on student_course.student_id = student.id
    -> inner join
    -> courses
    -> on  student_course.course_id = courses.id
    -> group by student_name;
+---------------+--------------------+
| student_name  | count(course_name) |
+---------------+--------------------+
| John Doe      |                  2 |
| Jane Smith    |                  2 |
| Alice Johnson |                  2 |
| Bob Brown     |                  1 |
+---------------+--------------------+
4 rows in set (0.00 sec)

mysql> select student_name, sum(fees) from student
    -> inner join
    -> student_course
    -> on student_course.student_id = student.id
    -> inner join
    -> courses
    -> on  student_course.course_id = courses.id
    -> group by student_name;
+---------------+-----------+
| student_name  | sum(fees) |
+---------------+-----------+
| John Doe      |   7500.00 |
| Jane Smith    |   9500.00 |
| Alice Johnson |  12500.00 |
| Bob Brown     |   4000.00 |
+---------------+-----------+
4 rows in set (0.04 sec)

------------------------------------------------------------------------view---------------------------------------------------------------------------------

mysql> select student_name,course_name,fees from student
    -> inner join
    -> student_course
    -> on student_course.student_id = student.id
    -> inner join
    -> courses
    -> on student_course.course_id = courses.id;
+---------------+--------------------+---------+
| student_name  | course_name        | fees    |
+---------------+--------------------+---------+
| John Doe      | Mathematics        | 4000.00 |
| John Doe      | Biology            | 3500.00 |
| Jane Smith    | Physics            | 5000.00 |
| Jane Smith    | English Literature | 4500.00 |
| Alice Johnson | Chemistry          | 6000.00 |
| Alice Johnson | History            | 6500.00 |
| Bob Brown     | Mathematics        | 4000.00 |
+---------------+--------------------+---------+
7 rows in set (0.00 se


--------------------------------------------------------------view can be use for creating shortcut for long query
mysql> create view student_info as
    -> select student_name,course_name,fees from student
    -> inner join
    -> student_course
    -> on student_course.student_id = student.id
    -> inner join
    -> courses
    -> on student_course.course_id = courses.id; 
Query OK, 0 rows affected (0.28 sec)

mysql> select * from student_info;
+---------------+--------------------+---------+
| student_name  | course_name        | fees    |
+---------------+--------------------+---------+
| John Doe      | Mathematics        | 4000.00 |
| John Doe      | Biology            | 3500.00 |
| Jane Smith    | Physics            | 5000.00 |
| Jane Smith    | English Literature | 4500.00 |
| Alice Johnson | Chemistry          | 6000.00 |
| Alice Johnson | History            | 6500.00 |
| Bob Brown     | Mathematics        | 4000.00 |
+---------------+--------------------+---------+
7 rows in set (0.08 sec)

----------------------------------------------------------------------having clause--------------------------------------------------------------------------------

mysql> select student_name from student_info;
+---------------+
| student_name  |
+---------------+
| John Doe      |
| John Doe      |
| Jane Smith    |
| Jane Smith    |
| Alice Johnson |
| Alice Johnson |
| Bob Brown     |
+---------------+
7 rows in set (0.00 sec)

mysql> select student_name from student_info;
+---------------+
| student_name  |
+---------------+
| John Doe      |
| John Doe      |
| Jane Smith    |
| Jane Smith    |
| Alice Johnson |
| Alice Johnson |
| Bob Brown     |
+---------------+
7 rows in set (0.00 sec)

mysql> select student_name from student_info
    -> group by student_name;
+---------------+
| student_name  |
+---------------+
| John Doe      |
| Jane Smith    |
| Alice Johnson |
| Bob Brown     |
+---------------+
4 rows in set (0.00 sec)

mysql> select student_name,fees from student_info
    -> group by student_name;
ERROR 1055 (42000): Expression #2 of SELECT list is not in GROUP BY clause and contains nonaggregated column 'practic.student_info.fees' which is not functionally dependent on columns in GROUP BY clause; this is incompatible with sql_mode=only_full_group_by
mysql> select student_name,sum(fees) from student_info
    -> group by student_name;
+---------------+-----------+
| student_name  | sum(fees) |
+---------------+-----------+
| John Doe      |   7500.00 |
| Jane Smith    |   9500.00 |
| Alice Johnson |  12500.00 |
| Bob Brown     |   4000.00 |
+---------------+-----------+
4 rows in set (0.00 sec)

------------------------------------------------------------------------having clause

mysql> select student_name,sum(fees) from student_info
    -> group by student_name
    -> having sum(fees)>9000;
+---------------+-----------+
| student_name  | sum(fees) |
+---------------+-----------+
| Jane Smith    |   9500.00 |
| Alice Johnson |  12500.00 |
+---------------+-----------+
2 rows in set (0.10 sec)

---------------------------------------------------------------------------------with rollup-----------------------------------------------------------------------
add extra row at the end 

mysql> select student_name,sum(fees) from student_info
    -> group by student_name
    -> with rollup;
+---------------+-----------+
| student_name  | sum(fees) |
+---------------+-----------+
| Alice Johnson |  12500.00 |
| Bob Brown     |   4000.00 |
| Jane Smith    |   9500.00 |
| John Doe      |   7500.00 |
| NULL          |  33500.00 |
+---------------+-----------+
5 rows in set (0.19 sec)

mysql> select ifnull(student_name,"totall"),sum(fees) from student_info
    -> group by student_name
    -> with rollup;
+-------------------------------+-----------+
| ifnull(student_name,"totall") | sum(fees) |
+-------------------------------+-----------+
| Alice Johnson                 |  12500.00 |
| Bob Brown                     |   4000.00 |
| Jane Smith                    |   9500.00 |
| John Doe                      |   7500.00 |
| totall                        |  33500.00 |
+-------------------------------+-----------+
5 rows in set (0.04 sec)
-----------------------------------------------------------------stored routine--------------------------------------------------------------------------------

stored procedure
user define function

stored procedure :. these are the routines that contain a series of sql statement and procedura; logic
offen used for performing action like data modification ,transaction control, and executing sequences of stataement

------------------------------------------------------------------------------------creat procedure-------------------------------------------------------------

mysql> delimiter $$
mysql> create procedure p_name()
    -> begin
    -> select * from student_info
    -> ;
    -> end
    -> $$
Query OK, 0 rows affected (0.36 sec)

mysql> delimiter ;
mysql> call p_name;
+---------------+--------------------+---------+
| student_name  | course_name        | fees    |
+---------------+--------------------+---------+
| John Doe      | Mathematics        | 4000.00 |
| John Doe      | Biology            | 3500.00 |
| Jane Smith    | Physics            | 5000.00 |
| Jane Smith    | English Literature | 4500.00 |
| Alice Johnson | Chemistry          | 6000.00 |
| Alice Johnson | History            | 6500.00 |
| Bob Brown     | Mathematics        | 4000.00 |
+---------------+--------------------+---------+
7 rows in set (0.18 sec)

Query OK, 0 rows affected (0.24 sec)

----------------------------------------------------------------procedure with parameter (in) input------------------------------------------------------------------------

mysql> delimiter $$
mysql> create procedure get_stu_detail()
    -> begin
    -> select course_name, fees from student_info
    -> where student_name= "John Doe";
    -> end
    -> $$
Query OK, 0 rows affected (0.20 sec)

mysql> delimiter ;
mysql> call get_stu_detail();
+-------------+---------+
| course_name | fees    |
+-------------+---------+
| Mathematics | 4000.00 |
| Biology     | 3500.00 |
+-------------+---------+
2 rows in set (0.00 sec)

Query OK, 0 rows affected (0.01 sec)

---------------------------------------------------------------------------drop procedure if exists--------------------------------------------------------------------
mysql> drop procedure if exists get_stu_detail;
Query OK, 0 rows affected (0.53 sec)

mysql> delimiter $$
mysql> create procedure get_stu_detail(in stu_name varchar(50))
    -> begin
    -> select course_name, fees from student_info
    -> where student_name= stu_name;
    -> end
    -> $$
Query OK, 0 rows affected (0.19 sec)

mysql> call get_stu_detail("Bob Brown");
+-------------+---------+
| course_name | fees    |
+-------------+---------+
| Mathematics | 4000.00 |
+-------------+---------+
1 row in set (0.09 sec)

Query OK, 0 rows affected (0.13 sec)

----------------------------------------------------------------procedure with parameter (out) output------------------------------------------------------------------------

mysql> create procedure get_stu_fees(in stu_name varchar(50),out f_sum decimal(10, 2))
    -> begin
    -> select sum(fees) into f_sum from student_info
    -> where student_name= stu_name;
    -> end
    -> $$
Query OK, 0 rows affected (0.12 sec)

mysql> call get_stu_fees("Bob Brown");
ERROR 1318 (42000): Incorrect number of arguments for PROCEDURE practic.get_stu_fees; expected 2, got 1
mysql>

mysql> call get_stu_fees("Bob Brown",fsum);
ERROR 1054 (42S22): Unknown column 'fsum' in 'field list'
mysql> call get_stu_fees("Bob Brown",f_sum);
ERROR 1054 (42S22): Unknown column 'f_sum' in 'field list'
mysql> call get_stu_fees("Bob Brown",f_sum);
ERROR 1054 (42S22): Unknown column 'f_sum' in 'field list'
mysql> @set f_sum =0;
ERROR 1064 (42000): You have an error in your SQL syntax; check the manual that corresponds to your MySQL server version for the right syntax to use near '@set f_sum =0' at line 1
mysql> set @f_sum =0;
Query OK, 0 rows affected (0.08 sec)

mysql> call get_stu_fees("Bob Brown",@f_sum);
Query OK, 1 row affected (0.07 sec)

mysql> select @f_sum;
+---------+
| @f_sum  |
+---------+
| 4000.00 |
+---------+
1 row in set (0.00 sec)

mysql> call get_stu_fees(" Alice Johnson",@f_sum);
Query OK, 1 row affected (0.00 sec)

mysql> select @f_sum;
+--------+
| @f_sum |
+--------+
|   NULL |
+--------+
1 row in set (0.00 sec)

mysql> set @f_sum =0;
Query OK, 0 rows affected (0.00 sec)

mysql> call get_stu_fees("Alice Johnson",@f_sum);
Query OK, 1 row affected (0.00 sec)

mysql> select @f_sum;
+----------+
| @f_sum   |
+----------+
| 12500.00 |
+----------+
1 row in set (0.00 sec)

------------------------------------------------------------------------user define functiom----------------------------------------------------------------------

mysql> create function emp_name_max_salary() returns varchar(50)
    -> begin
    -> declare vmax int;
    -> declare v_emp_name varchar(50);
    -> select max(salary) into vmax from employee;
    -> select employee_name into v_emp_name from employee
    -> where salary = vmax;
    -> return v_emp_name;
    -> end
    -> $$
ERROR 1418 (HY000): This function has none of DETERMINISTIC, NO SQL, or READS SQL DATA in its declaration and binary logging is enabled (you *might* want to use the less safe log_bin_trust_function_creators variable)
mysql> delimiter $$
mysql> create function emp_name_max_salary() returns varchar(50)
    -> DETERMINISTIC NO SQL READS SQL DATA
    -> begin
    -> declare vmax int;
    -> declare v_emp_name varchar(50);
    -> select max(salary) into vmax from employee;
    -> select employee_name into v_emp_name from employee
    -> where salary = vmax;
    -> return v_emp_name;
    -> end
    -> $$
Query OK, 0 rows affected (0.55 sec)

mysql> delimiter ;
mysql> select emp_name_max_salary();
+-----------------------+
| emp_name_max_salary() |
+-----------------------+
| Jane Smith            |
+-----------------------+
1 row in set (0.27 sec)

mysql>

----------------------------------------------------------------------------windo function--------------------------------------------------------------------------

mysql> select sum(salary) from employee;
+-------------+
| sum(salary) |
+-------------+
|   570000.00 |
+-------------+
1 row in set (0.05 sec)

mysql> select sum(salary) over() as sum_salary
    -> from employee;
+------------+
| sum_salary |
+------------+
|  570000.00 |
|  570000.00 |
|  570000.00 |
|  570000.00 |
|  570000.00 |
|  570000.00 |
|  570000.00 |
|  570000.00 |
|  570000.00 |
|  570000.00 |
+------------+
10 rows in set (0.10 sec)

mysql> select employee_id employee_name  sum(salary) over() as sum_salary
    -> from employee;
ERROR 1064 (42000): You have an error in your SQL syntax; check the manual that corresponds to your MySQL server version for the right syntax to use near 'sum(salary) over() as sum_salary
from employee' at line 1
mysql> select employee_id, employee_name,  sum(salary) over() as sum_salary
    -> from employee;
+-------------+----------------+------------+
| employee_id | employee_name  | sum_salary |
+-------------+----------------+------------+
|           1 | John Doe       |  570000.00 |
|           2 | Jane Smith     |  570000.00 |
|           3 | Bob Johnson    |  570000.00 |
|           4 | Alice Brown    |  570000.00 |
|           5 | Charlie Wilson |  570000.00 |
|           6 | shk            |  570000.00 |
|           7 | far            |  570000.00 |
|           8 | farukh         |  570000.00 |
|           9 | farukh         |  570000.00 |
|          10 | farukh shaikh  |  570000.00 |
+-------------+----------------+------------+
10 rows in set (0.00 sec)

mysql> select employee_id, employee_name,  sum(salary) as sum_salary
    -> from employee;
ERROR 1140 (42000): In aggregated query without GROUP BY, expression #1 of SELECT list contains nonaggregated column 'practic.employee.employee_id'; this is incompatible with sql_mode=only_full_group_by
mysql> select employee_id, employee_name,  sum(salary) over() as sum_salary
    -> from employee;
+-------------+----------------+------------+
| employee_id | employee_name  | sum_salary |
+-------------+----------------+------------+
|           1 | John Doe       |  570000.00 |
|           2 | Jane Smith     |  570000.00 |
|           3 | Bob Johnson    |  570000.00 |
|           4 | Alice Brown    |  570000.00 |
|           5 | Charlie Wilson |  570000.00 |
|           6 | shk            |  570000.00 |
|           7 | far            |  570000.00 |
|           8 | farukh         |  570000.00 |
|           9 | farukh         |  570000.00 |
|          10 | farukh shaikh  |  570000.00 |
+-------------+----------------+------------+
10 rows in set (0.00 sec)


mysql> select employee_id, employee_name,  sum(salary) over(order by employee_id) as sum_salary
    -> from employee;
+-------------+----------------+------------+
| employee_id | employee_name  | sum_salary |
+-------------+----------------+------------+
|           1 | John Doe       |   75000.00 |
|           2 | Jane Smith     |  160000.00 |
|           3 | Bob Johnson    |  225000.00 |
|           4 | Alice Brown    |  295000.00 |
|           5 | Charlie Wilson |  355000.00 |
|           6 | shk            |  405000.00 |
|           7 | far            |  430000.00 |
|           8 | farukh         |  480000.00 |
|           9 | farukh         |  530000.00 |
|          10 | farukh shaikh  |  570000.00 |
+-------------+----------------+------------+
10 rows in set (0.06 sec)

mysql> select employee_id, employee_name,  sum(salary) over(partition by department) as sum_salary
    -> from employee;
+-------------+----------------+------------+
| employee_id | employee_name  | sum_salary |
+-------------+----------------+------------+
|           3 | Bob Johnson    |  105000.00 |
|          10 | farukh shaikh  |  105000.00 |
|           2 | Jane Smith     |   85000.00 |
|           1 | John Doe       |  175000.00 |
|           6 | shk            |  175000.00 |
|           8 | farukh         |  175000.00 |
|           4 | Alice Brown    |   95000.00 |
|           7 | far            |   95000.00 |
|           5 | Charlie Wilson |  110000.00 |
|           9 | farukh         |  110000.00 |
+-------------+----------------+------------+
10 rows in set (0.00 sec)

mysql> select employee_id, employee_name, department, sum(salary) over(partition by department) as sum_salary
    -> from employee;
+-------------+----------------+------------+------------+
| employee_id | employee_name  | department | sum_salary |
+-------------+----------------+------------+------------+
|           3 | Bob Johnson    | Finance    |  105000.00 |
|          10 | farukh shaikh  | Finance    |  105000.00 |
|           2 | Jane Smith     | HR         |   85000.00 |
|           1 | John Doe       | IT         |  175000.00 |
|           6 | shk            | IT         |  175000.00 |
|           8 | farukh         | IT         |  175000.00 |
|           4 | Alice Brown    | Marketing  |   95000.00 |
|           7 | far            | Marketing  |   95000.00 |
|           5 | Charlie Wilson | Sales      |  110000.00 |
|           9 | farukh         | sales      |  110000.00 |
+-------------+----------------+------------+------------+
10 rows in set (0.07 sec)


mysql> select row_number() over() as row_no, employee_name, department,salary
    -> from employee;
+--------+----------------+------------+----------+
| row_no | employee_name  | department | salary   |
+--------+----------------+------------+----------+
|      1 | John Doe       | IT         | 75000.00 |
|      2 | Jane Smith     | HR         | 85000.00 |
|      3 | Bob Johnson    | Finance    | 65000.00 |
|      4 | Alice Brown    | Marketing  | 70000.00 |
|      5 | Charlie Wilson | Sales      | 60000.00 |
|      6 | shk            | IT         | 50000.00 |
|      7 | far            | Marketing  | 25000.00 |
|      8 | farukh         | IT         | 50000.00 |
|      9 | farukh         | sales      | 50000.00 |
|     10 | farukh shaikh  | Finance    | 40000.00 |
+--------+----------------+------------+----------+
10 rows in set (0.05 sec)
-------------------------------------------------------------------------------------------row_number()------------------------------------------------------------\

mysql> select row_number() over(order by salary) as row_no, employee_name, department,salary
    -> from employee;
+--------+----------------+------------+----------+
| row_no | employee_name  | department | salary   |
+--------+----------------+------------+----------+
|      1 | far            | Marketing  | 25000.00 |
|      2 | farukh shaikh  | Finance    | 40000.00 |
|      3 | shk            | IT         | 50000.00 |
|      4 | farukh         | IT         | 50000.00 |
|      5 | farukh         | sales      | 50000.00 |
|      6 | Charlie Wilson | Sales      | 60000.00 |
|      7 | Bob Johnson    | Finance    | 65000.00 |
|      8 | Alice Brown    | Marketing  | 70000.00 |
|      9 | John Doe       | IT         | 75000.00 |
|     10 | Jane Smith     | HR         | 85000.00 |
+--------+----------------+------------+----------+
10 rows in set (0.00 sec)

------------------------------------------------------------------------------------------------------------------------------------------------------------------------
mysql> select row_number() over(partition by department) as row_no, employee_name, department,salary
    -> from employee;
+--------+----------------+------------+----------+
| row_no | employee_name  | department | salary   |
+--------+----------------+------------+----------+
|      1 | Bob Johnson    | Finance    | 65000.00 |
|      2 | farukh shaikh  | Finance    | 40000.00 |
|      1 | Jane Smith     | HR         | 85000.00 |
|      1 | John Doe       | IT         | 75000.00 |
|      2 | shk            | IT         | 50000.00 |
|      3 | farukh         | IT         | 50000.00 |
|      1 | Alice Brown    | Marketing  | 70000.00 |
|      2 | far            | Marketing  | 25000.00 |
|      1 | Charlie Wilson | Sales      | 60000.00 |
|      2 | farukh         | sales      | 50000.00 |
+--------+----------------+------------+----------+
10 rows in set (0.00 sec)


mysql> select rank() over() as ranking, employee_name, department,salary
    -> from employee;
+---------+----------------+------------+----------+
| ranking | employee_name  | department | salary   |
+---------+----------------+------------+----------+
|       1 | John Doe       | IT         | 75000.00 |
|       1 | Jane Smith     | HR         | 85000.00 |
|       1 | Bob Johnson    | Finance    | 65000.00 |
|       1 | Alice Brown    | Marketing  | 70000.00 |
|       1 | Charlie Wilson | Sales      | 60000.00 |
|       1 | shk            | IT         | 50000.00 |
|       1 | far            | Marketing  | 25000.00 |
|       1 | farukh         | IT         | 50000.00 |
|       1 | farukh         | sales      | 50000.00 |
|       1 | farukh shaikh  | Finance    | 40000.00 |
+---------+----------------+------------+----------+
10 rows in set (0.05 sec)
mysql> select rank() over(order by salary) as ranking, employee_name, department,salary
    -> from employee;
+---------+----------------+------------+----------+
| ranking | employee_name  | department | salary   |
+---------+----------------+------------+----------+
|       1 | far            | Marketing  | 25000.00 |
|       2 | farukh shaikh  | Finance    | 40000.00 |
|       3 | shk            | IT         | 50000.00 |
|       3 | farukh         | IT         | 50000.00 |
|       3 | farukh         | sales      | 50000.00 |
|       6 | Charlie Wilson | Sales      | 60000.00 |
|       7 | Bob Johnson    | Finance    | 65000.00 |
|       8 | Alice Brown    | Marketing  | 70000.00 |
|       9 | John Doe       | IT         | 75000.00 |
|      10 | Jane Smith     | HR         | 85000.00 |
+---------+----------------+------------+----------+
10 rows in set (0.05 sec)

mysql> select dense_rank() over(order by salary) as ranking, employee_name, department,salary
    -> from employee;
+---------+----------------+------------+----------+
| ranking | employee_name  | department | salary   |
+---------+----------------+------------+----------+
|       1 | far            | Marketing  | 25000.00 |
|       2 | farukh shaikh  | Finance    | 40000.00 |
|       3 | shk            | IT         | 50000.00 |
|       3 | farukh         | IT         | 50000.00 |
|       3 | farukh         | sales      | 50000.00 |
|       4 | Charlie Wilson | Sales      | 60000.00 |
|       5 | Bob Johnson    | Finance    | 65000.00 |
|       6 | Alice Brown    | Marketing  | 70000.00 |
|       7 | John Doe       | IT         | 75000.00 |
|       8 | Jane Smith     | HR         | 85000.00 |
+---------+----------------+------------+----------+
10 rows in set (0.00 sec)


mysql> select lag(salary) over() as ranking, employee_name, department,salary
    -> from employee;
+----------+----------------+------------+----------+
| ranking  | employee_name  | department | salary   |
+----------+----------------+------------+----------+
|     NULL | John Doe       | IT         | 75000.00 |
| 75000.00 | Jane Smith     | HR         | 85000.00 |
| 85000.00 | Bob Johnson    | Finance    | 65000.00 |
| 65000.00 | Alice Brown    | Marketing  | 70000.00 |
| 70000.00 | Charlie Wilson | Sales      | 60000.00 |
| 60000.00 | shk            | IT         | 50000.00 |
| 50000.00 | far            | Marketing  | 25000.00 |
| 25000.00 | farukh         | IT         | 50000.00 |
| 50000.00 | farukh         | sales      | 50000.00 |
| 50000.00 | farukh shaikh  | Finance    | 40000.00 |
+----------+----------------+------------+----------+
10 rows in set (0.07 sec)

mysql> select lead(salary) over() as ranking, employee_name, department,salary
    -> from employee;
+----------+----------------+------------+----------+
| ranking  | employee_name  | department | salary   |
+----------+----------------+------------+----------+
| 85000.00 | John Doe       | IT         | 75000.00 |
| 65000.00 | Jane Smith     | HR         | 85000.00 |
| 70000.00 | Bob Johnson    | Finance    | 65000.00 |
| 60000.00 | Alice Brown    | Marketing  | 70000.00 |
| 50000.00 | Charlie Wilson | Sales      | 60000.00 |
| 25000.00 | shk            | IT         | 50000.00 |
| 50000.00 | far            | Marketing  | 25000.00 |
| 50000.00 | farukh         | IT         | 50000.00 |
| 40000.00 | farukh         | sales      | 50000.00 |
|     NULL | farukh shaikh  | Finance    | 40000.00 |
+----------+----------------+------------+----------+
10 rows in set (0.00 sec)

mysql> select salary - lag(salary) over() as ranking, employee_name, department,salary
    -> from employee;
+-----------+----------------+------------+----------+
| ranking   | employee_name  | department | salary   |
+-----------+----------------+------------+----------+
|      NULL | John Doe       | IT         | 75000.00 |
|  10000.00 | Jane Smith     | HR         | 85000.00 |
| -20000.00 | Bob Johnson    | Finance    | 65000.00 |
|   5000.00 | Alice Brown    | Marketing  | 70000.00 |
| -10000.00 | Charlie Wilson | Sales      | 60000.00 |
| -10000.00 | shk            | IT         | 50000.00 |
| -25000.00 | far            | Marketing  | 25000.00 |
|  25000.00 | farukh         | IT         | 50000.00 |
|      0.00 | farukh         | sales      | 50000.00 |
| -10000.00 | farukh shaikh  | Finance    | 40000.00 |
+-----------+----------------+------------+----------+
10 rows in set (0.09 sec)













































>>>>>>> origin/main
